Component: ARM Compiler 5.06 update 6 (build 750) Tool: armlink [4d35ed]

==============================================================================

Section Cross References

    system_mimxrt1052.o(i.SystemCoreClockUpdate) refers to uldiv.o(.text) for __aeabi_uldivmod
    system_mimxrt1052.o(i.SystemCoreClockUpdate) refers to system_mimxrt1052.o(.data) for .data
    system_mimxrt1052.o(i.SystemInit) refers to system_mimxrt1052.o(i.SystemInitHook) for SystemInitHook
    startup_mimxrt1052.o(RESET) refers to startup_mimxrt1052.o(.text) for Reset_Handler
    startup_mimxrt1052.o(RESET) refers to context_rvds.o(.text) for HardFault_Handler
    startup_mimxrt1052.o(RESET) refers to rtboard.o(i.SysTick_Handler) for SysTick_Handler
    startup_mimxrt1052.o(RESET) refers to uart.o(i.LPUART1_IRQHandler) for LPUART1_IRQHandler
    startup_mimxrt1052.o(RESET) refers to bsp_uart.o(i.LPUART3_IRQHandler) for LPUART3_IRQHandler
    startup_mimxrt1052.o(RESET) refers to bsp_i2c_touch.o(i.GPIO1_Combined_0_15_IRQHandler) for GPIO1_Combined_0_15_IRQHandler
    startup_mimxrt1052.o(RESET) refers to gpt.o(i.GPT2_IRQHandler) for GPT2_IRQHandler
    startup_mimxrt1052.o(.text) refers to startup_mimxrt1052.o(RESET) for __Vectors
    startup_mimxrt1052.o(.text) refers to system_mimxrt1052.o(i.SystemInit) for SystemInit
    startup_mimxrt1052.o(.text) refers to entry.o(.ARM.Collect$$$$00000000) for __main
    startup_mimxrt1052.o(.text) refers to fsl_lpuart.o(i.LPUART1_DriverIRQHandler) for LPUART1_DriverIRQHandler
    startup_mimxrt1052.o(.text) refers to fsl_lpuart.o(i.LPUART2_DriverIRQHandler) for LPUART2_DriverIRQHandler
    startup_mimxrt1052.o(.text) refers to fsl_lpuart.o(i.LPUART3_DriverIRQHandler) for LPUART3_DriverIRQHandler
    startup_mimxrt1052.o(.text) refers to fsl_lpuart.o(i.LPUART4_DriverIRQHandler) for LPUART4_DriverIRQHandler
    startup_mimxrt1052.o(.text) refers to fsl_lpuart.o(i.LPUART5_DriverIRQHandler) for LPUART5_DriverIRQHandler
    startup_mimxrt1052.o(.text) refers to fsl_lpuart.o(i.LPUART6_DriverIRQHandler) for LPUART6_DriverIRQHandler
    startup_mimxrt1052.o(.text) refers to fsl_lpuart.o(i.LPUART7_DriverIRQHandler) for LPUART7_DriverIRQHandler
    startup_mimxrt1052.o(.text) refers to fsl_lpuart.o(i.LPUART8_DriverIRQHandler) for LPUART8_DriverIRQHandler
    startup_mimxrt1052.o(.text) refers to fsl_lpi2c.o(i.LPI2C1_DriverIRQHandler) for LPI2C1_DriverIRQHandler
    startup_mimxrt1052.o(.text) refers to fsl_lpi2c.o(i.LPI2C2_DriverIRQHandler) for LPI2C2_DriverIRQHandler
    startup_mimxrt1052.o(.text) refers to fsl_lpi2c.o(i.LPI2C3_DriverIRQHandler) for LPI2C3_DriverIRQHandler
    fsl_clock.o(i.CLOCK_EnableUsbhs0PhyPllClock) refers to fsl_clock.o(i.CLOCK_InitUsb1Pll) for CLOCK_InitUsb1Pll
    fsl_clock.o(i.CLOCK_EnableUsbhs1PhyPllClock) refers to fsl_clock.o(i.CLOCK_InitUsb2Pll) for CLOCK_InitUsb2Pll
    fsl_clock.o(i.CLOCK_GetFreq) refers to fsl_clock.o(i.CLOCK_GetPeriphClkFreq) for CLOCK_GetPeriphClkFreq
    fsl_clock.o(i.CLOCK_GetFreq) refers to fsl_clock.o(i.CLOCK_GetUsb1PfdFreq) for CLOCK_GetUsb1PfdFreq
    fsl_clock.o(i.CLOCK_GetFreq) refers to fsl_clock.o(i.CLOCK_GetSysPfdFreq) for CLOCK_GetSysPfdFreq
    fsl_clock.o(i.CLOCK_GetFreq) refers to fsl_clock.o(i.CLOCK_GetOscFreq) for CLOCK_GetOscFreq
    fsl_clock.o(i.CLOCK_GetFreq) refers to fsl_clock.o(i.CLOCK_GetPllFreq) for CLOCK_GetPllFreq
    fsl_clock.o(i.CLOCK_GetOscFreq) refers to fsl_clock.o(.data) for .data
    fsl_clock.o(i.CLOCK_GetPeriphClkFreq) refers to fsl_clock.o(i.CLOCK_GetPllFreq) for CLOCK_GetPllFreq
    fsl_clock.o(i.CLOCK_GetPeriphClkFreq) refers to fsl_clock.o(i.CLOCK_GetOscFreq) for CLOCK_GetOscFreq
    fsl_clock.o(i.CLOCK_GetPeriphClkFreq) refers to fsl_clock.o(i.CLOCK_GetSysPfdFreq) for CLOCK_GetSysPfdFreq
    fsl_clock.o(i.CLOCK_GetPllFreq) refers to fsl_clock.o(i.CLOCK_GetOscFreq) for CLOCK_GetOscFreq
    fsl_clock.o(i.CLOCK_GetPllFreq) refers to uldiv.o(.text) for __aeabi_uldivmod
    fsl_clock.o(i.CLOCK_GetPllFreq) refers to fsl_clock.o(.constdata) for .constdata
    fsl_clock.o(i.CLOCK_GetSysPfdFreq) refers to fsl_clock.o(i.CLOCK_GetPllFreq) for CLOCK_GetPllFreq
    fsl_clock.o(i.CLOCK_GetUsb1PfdFreq) refers to fsl_clock.o(i.CLOCK_GetPllFreq) for CLOCK_GetPllFreq
    fsl_gpio.o(i.GPIO_PinInit) refers to fsl_gpio.o(i.GPIO_PinWrite) for GPIO_PinWrite
    fsl_gpio.o(i.GPIO_PinInit) refers to fsl_gpio.o(i.GPIO_PinSetInterruptConfig) for GPIO_PinSetInterruptConfig
    fsl_gpio.o(i.GPIO_PinInit) refers to fsl_gpio.o(.constdata) for .constdata
    fsl_lpuart.o(i.LPUART1_DriverIRQHandler) refers to fsl_lpuart.o(.bss) for .bss
    fsl_lpuart.o(i.LPUART1_DriverIRQHandler) refers to fsl_lpuart.o(.data) for .data
    fsl_lpuart.o(i.LPUART2_DriverIRQHandler) refers to fsl_lpuart.o(.bss) for .bss
    fsl_lpuart.o(i.LPUART2_DriverIRQHandler) refers to fsl_lpuart.o(.data) for .data
    fsl_lpuart.o(i.LPUART3_DriverIRQHandler) refers to fsl_lpuart.o(.bss) for .bss
[...]
    _lv_disp_ll                              0x800337e0   Data          12  lv_gc.o(.bss)
    _lv_indev_ll                             0x800337ec   Data          12  lv_gc.o(.bss)
    _lv_anim_ll                              0x800337f8   Data          12  lv_gc.o(.bss)
    _lv_group_ll                             0x80033804   Data          12  lv_gc.o(.bss)
    _lv_img_defoder_ll                       0x80033810   Data          12  lv_gc.o(.bss)
    temp_style                               0x800452c0   Data          60  lv_draw_temp.o(.bss)
    Image$$ARM_LIB_HEAP$$ZI$$Base            0x800452fc   Number         0  anon$$obj.o ABSOLUTE
    Image$$ARM_LIB_HEAP$$ZI$$Limit           0x800456fc   Number         0  anon$$obj.o ABSOLUTE
    Image$$ARM_LIB_STACK$$ZI$$Limit          0x81e00000   Number         0  anon$$obj.o ABSOLUTE
    s_psBufferLcd                            0x81e00000   Data       1536000  bsp_lcd.o(NonCacheable)



==============================================================================

Memory Map of the image

  Image Entry point : 0x60002401

  Load Region LR_m_rom_config (Base: 0x60000000, Size: 0x00000200, Max: 0x00001000, ABSOLUTE)

    Execution Region RW_m_config_text (Exec base: 0x60000000, Load base: 0x60000000, Size: 0x00000200, Max: 0x00001000, ABSOLUTE)

    Exec Addr    Load Addr    Size         Type   Attr      Idx    E Section Name        Object

    0x60000000   0x60000000   0x00000200   Data   RO         4557    .boot_hdr.conf      fire_imxrt1052_spiflash_config.o



  Load Region LR_m_rom_ivt (Base: 0x60001000, Size: 0x00000460, Max: 0x00001000, ABSOLUTE)

    Execution Region RW_m_ivt_text (Exec base: 0x60001000, Load base: 0x60001000, Size: 0x00000460, Max: 0x00001000, ABSOLUTE)

    Exec Addr    Load Addr    Size         Type   Attr      Idx    E Section Name        Object

    0x60001000   0x60001000   0x00000020   Data   RO         4582    .boot_hdr.ivt       fsl_flexspi_nor_boot.o
    0x60001020   0x60001020   0x00000010   Data   RO         4581    .boot_hdr.boot_data  fsl_flexspi_nor_boot.o
    0x60001030   0x60001030   0x00000430   Data   RO         4542    .boot_hdr.dcd_data  fire_imxrt1052_sdram_ini_dcd.o



  Load Region LR_m_text (Base: 0x60002000, Size: 0x000da55c, Max: 0x61fffc00, ABSOLUTE, COMPRESSED[0x000d9de8])

    Execution Region VECTOR_ROM (Exec base: 0x60002000, Load base: 0x60002000, Size: 0x00000400, Max: 0x00000400, ABSOLUTE)

    Exec Addr    Load Addr    Size         Type   Attr      Idx    E Section Name        Object

    0x60002000   0x60002000   0x00000400   Data   RO           76    RESET               startup_mimxrt1052.o


    Execution Region ER_m_text (Exec base: 0x60002400, Load base: 0x60002400, Size: 0x000d926c, Max: 0x01ffdc00, ABSOLUTE)

    Exec Addr    Load Addr    Size         Type   Attr      Idx    E Section Name        Object

    0x60002400   0x60002400   0x00000000   Code   RO        16442  * .ARM.Collect$$$$00000000  mc_w.l(entry.o)
    0x60002400   0x60002400   0x00000004   Code   RO        16789    .ARM.Collect$$$$00000003  mc_w.l(entry4.o)
    0x60002404   0x60002404   0x00000004   Code   RO        16792    .ARM.Collect$$$$00000004  mc_w.l(entry5.o)
    0x60002408   0x60002408   0x00000000   Code   RO        16794    .ARM.Collect$$$$00000008  mc_w.l(entry7b.o)
    0x60002408   0x60002408   0x00000000   Code   RO        16796    .ARM.Collect$$$$0000000A  mc_w.l(entry8b.o)
    0x60002408   0x60002408   0x00000008   Code   RO        16797    .ARM.Collect$$$$0000000B  mc_w.l(entry9a.o)
    0x60002410   0x60002410   0x00000000   Code   RO        16799    .ARM.Collect$$$$0000000D  mc_w.l(entry10a.o)
    0x60002410   0x60002410   0x00000000   Code   RO        16801    .ARM.Collect$$$$0000000F  mc_w.l(entry11a.o)
    0x60002410   0x60002410   0x00000004   Code   RO        16790    .ARM.Collect$$$$00002714  mc_w.l(entry4.o)
    0x60002414   0x60002414   0x000001bc   Code   RO           77    .text               startup_mimxrt1052.o
    0x600025d0   0x600025d0   0x00000134   Code   RO         5838    .text               context_rvds.o
    0x60002704   0x60002704   0x00000062   Code   RO        16445    .text               mc_w.l(uldiv.o)
    0x60002766   0x60002766   0x00000062   Code   RO        16447    .text               mc_w.l(ldiv.o)
    0x600027c8   0x600027c8   0x00000040   Code   RO        16455    .text               mc_w.l(memmovea.o)
    0x60002808   0x60002808   0x00000024   Code   RO        16457    .text               mc_w.l(memseta.o)
    0x6000282c   0x6000282c   0x0000000e   Code   RO        16459    .text               mc_w.l(strlen.o)
    0x6000283a   0x6000283a   0x00000012   Code   RO        16465    .text               mc_w.l(strcpy.o)
    0x6000284c   0x6000284c   0x00000028   Code   RO        16760    .text               mf_w.l(dfltl.o)
    0x60002874   0x60002874   0x0000004a   Code   RO        16762    .text               mf_w.l(dfixl.o)
    0x600028be   0x600028be   0x0000001e   Code   RO        16805    .text               mc_w.l(llshl.o)
    0x600028dc   0x600028dc   0x00000020   Code   RO        16807    .text               mc_w.l(llushr.o)
    0x600028fc   0x600028fc   0x00000000   Code   RO        16820    .text               mc_w.l(iusefp.o)
    0x600028fc   0x600028fc   0x000000ba   Code   RO        16821    .text               mf_w.l(depilogue.o)
    0x600029b6   0x600029b6   0x0000002e   Code   RO        16829    .text               mf_w.l(dscalb.o)
    0x600029e4   0x600029e4   0x00000024   Code   RO        16835    .text               mc_w.l(init.o)
    0x60002a08   0x60002a08   0x00000056   Code   RO        16864    .text               mc_w.l(__dczerorl2.o)
    0x60002a5e   0x60002a5e   0x0000000a   Code   RO         4940    i.$Sub$$main        components.o
    0x60002a68   0x60002a68   0x000002d8   Code   RO         2130    i.BOARD_BootClockRUN  clock_config.o
    0x60002d40   0x60002d40   0x000001b4   Code   RO         2071    i.BOARD_ConfigMPU   board.o
    0x60002ef4   0x60002ef4   0x00000058   Code   RO         2072    i.BOARD_DebugConsoleSrcFreq  board.o
    0x60002f4c   0x60002f4c   0x0000001c   Code   RO         2073    i.BOARD_InitDebugConsole  board.o
    0x60002f68   0x60002f68   0x0000004c   Code   RO         2183    i.BOARD_InitPins    pin_mux.o
    0x60002fb4   0x60002fb4   0x0000004c   Code   RO         2851    i.BS_LCD_Init       bsp_lcd.o
    0x60003000   0x60003000   0x00000016   Code   RO         4509    i.Board_Config      main.o
    0x60003016   0x60003016   0x00000002   PAD
    0x60003018   0x60003018   0x0000002c   Code   RO          456    i.CLOCK_ControlGate  fsl_lpuart.o
    0x60003044   0x60003044   0x0000002c   Code   RO          729    i.CLOCK_ControlGate  fsl_pit.o
    0x60003070   0x60003070   0x0000002c   Code   RO          780    i.CLOCK_ControlGate  fsl_lpi2c.o
    0x6000309c   0x6000309c   0x0000002c   Code   RO         1163    i.CLOCK_ControlGate  fsl_elcdif.o
    0x600030c8   0x600030c8   0x0000002c   Code   RO         1326    i.CLOCK_ControlGate  fsl_gpt.o
    0x600030f4   0x600030f4   0x0000002c   Code   RO         1520    i.CLOCK_ControlGate  fsl_qtmr.o
    0x60003120   0x60003120   0x0000001c   Code   RO         2074    i.CLOCK_GetDiv      board.o
    0x6000313c   0x6000313c   0x000000f8   Code   RO          101    i.CLOCK_GetFreq     fsl_clock.o
    0x60003234   0x60003234   0x00000020   Code   RO          102    i.CLOCK_GetOscFreq  fsl_clock.o
    0x60003254   0x60003254   0x0000008c   Code   RO          103    i.CLOCK_GetPeriphClkFreq  fsl_clock.o
    0x600032e0   0x600032e0   0x00000188   Code   RO          104    i.CLOCK_GetPllFreq  fsl_clock.o
    0x60003468   0x60003468   0x00000058   Code   RO          105    i.CLOCK_GetSysPfdFreq  fsl_clock.o
    0x600034c0   0x600034c0   0x00000058   Code   RO          106    i.CLOCK_GetUsb1PfdFreq  fsl_clock.o
    0x60003518   0x60003518   0x0000001c   Code   RO          107    i.CLOCK_InitArmPll  fsl_clock.o
    0x60003534   0x60003534   0x0000001c   Code   RO          113    i.CLOCK_InitSysPll  fsl_clock.o
    0x60003550   0x60003550   0x00000074   Code   RO          117    i.CLOCK_InitVideoPll  fsl_clock.o
    0x600035c4   0x600035c4   0x0000004c   Code   RO         2132    i.CLOCK_SetDiv      clock_config.o
    0x60003610   0x60003610   0x0000004c   Code   RO         2852    i.CLOCK_SetDiv      bsp_lcd.o
    0x6000365c   0x6000365c   0x0000004c   Code   RO         2133    i.CLOCK_SetMux      clock_config.o
    0x600036a8   0x600036a8   0x00000158   Code   RO         1895    i.ConvertFloatRadixNumToString  fsl_str.o
    0x60003800   0x60003800   0x000000d2   Code   RO         1896    i.ConvertRadixNumToString  fsl_str.o
    0x600038d2   0x600038d2   0x00000016   Code   RO         1795    i.DbgConsole_Init   fsl_debug_console.o
    0x600038e8   0x600038e8   0x0000002c   Code   RO         1796    i.DbgConsole_Printf  fsl_debug_console.o
    0x60003914   0x60003914   0x00000038   Code   RO         1798    i.DbgConsole_RelocateLog  fsl_debug_console.o
    0x6000394c   0x6000394c   0x00000018   Code   RO         1165    i.ELCDIF_GetInstance  fsl_elcdif.o
    0x60003964   0x60003964   0x0000002c   Code   RO         1166    i.ELCDIF_Reset      fsl_elcdif.o
    0x60003990   0x60003990   0x000000c8   Code   RO         1168    i.ELCDIF_RgbModeInit  fsl_elcdif.o
    0x60003a58   0x60003a58   0x00000026   Code   RO          781    i.EnableIRQ         fsl_lpi2c.o
    0x60003a7e   0x60003a7e   0x00000002   PAD
    0x60003a80   0x60003a80   0x00000020   Code   RO         3449    i.GPIO1_Combined_0_15_IRQHandler  bsp_i2c_touch.o
    0x60003aa0   0x60003aa0   0x00000088   Code   RO          411    i.GPIO_PinInit      fsl_gpio.o
    0x60003b28   0x60003b28   0x0000006e   Code   RO          412    i.GPIO_PinSetInterruptConfig  fsl_gpio.o
    0x60003b96   0x60003b96   0x0000001e   Code   RO          413    i.GPIO_PinWrite     fsl_gpio.o
    0x60003bb4   0x60003bb4   0x00000010   Code   RO         4267    i.GPT2_IRQHandler   gpt.o
    0x60003bc4   0x60003bc4   0x00000094   Code   RO         4268    i.GPT_Config        gpt.o
    0x60003c58   0x60003c58   0x0000001e   Code   RO         1328    i.GPT_GetDefaultConfig  fsl_gpt.o
    0x60003c76   0x60003c76   0x00000002   PAD
    0x60003c78   0x60003c78   0x00000028   Code   RO         1329    i.GPT_GetInstance   fsl_gpt.o
    0x60003ca0   0x60003ca0   0x000000ac   Code   RO         1330    i.GPT_Init          fsl_gpt.o
    0x60003d4c   0x60003d4c   0x00000004   Code   RO         3553    i.GT9xx_get_on_point  bsp_touch_gtxx.o
    0x60003d50   0x60003d50   0x000000d4   Code   RO         3555    i.GTP_Get_Info      bsp_touch_gtxx.o
    0x60003e24   0x60003e24   0x00000060   Code   RO         3450    i.GTP_I2C_ModeInit  bsp_i2c_touch.o
    0x60003e84   0x60003e84   0x00000064   Code   RO         3556    i.GTP_I2C_Read      bsp_touch_gtxx.o
    0x60003ee8   0x60003ee8   0x00000084   Code   RO         3558    i.GTP_I2C_Test      bsp_touch_gtxx.o
    0x60003f6c   0x60003f6c   0x00000048   Code   RO         3559    i.GTP_I2C_Write     bsp_touch_gtxx.o
    0x60003fb4   0x60003fb4   0x00000018   Code   RO         3451    i.GTP_IRQDisable    bsp_i2c_touch.o
    0x60003fcc   0x60003fcc   0x0000003c   Code   RO         3452    i.GTP_IRQEnable     bsp_i2c_touch.o
    0x60004008   0x60004008   0x000001e0   Code   RO         3562    i.GTP_Init_Panel    bsp_touch_gtxx.o
    0x600041e8   0x600041e8   0x00000220   Code   RO         3563    i.GTP_Read_Version  bsp_touch_gtxx.o
    0x60004408   0x60004408   0x00000074   Code   RO         3453    i.GTP_ResetChip     bsp_i2c_touch.o
    0x6000447c   0x6000447c   0x00000020   Code   RO         3567    i.GTP_Touch_Up      bsp_touch_gtxx.o
    0x6000449c   0x6000449c   0x00000190   Code   RO         3569    i.Goodix_TS_Work_Func  bsp_touch_gtxx.o
    0x6000462c   0x6000462c   0x00000010   Code   RO         3454    i.I2C_Master_Callback  bsp_i2c_touch.o
    0x6000463c   0x6000463c   0x00000070   Code   RO         3455    i.I2C_ReadBytes     bsp_i2c_touch.o
    0x600046ac   0x600046ac   0x00000040   Code   RO         3456    i.I2C_Timeout_Callback  bsp_i2c_touch.o
    0x600046ec   0x600046ec   0x00000094   Code   RO         3457    i.I2C_Touch_Init    bsp_i2c_touch.o
    0x60004780   0x60004780   0x00000046   Code   RO         3570    i.I2C_Transfer      bsp_touch_gtxx.o
    0x600047c6   0x600047c6   0x00000002   PAD
    0x600047c8   0x600047c8   0x0000006c   Code   RO         3458    i.I2C_WriteBytes    bsp_i2c_touch.o
    0x60004834   0x60004834   0x0000001c   Code   RO         2184    i.IOMUXC_SetPinMux  pin_mux.o
    0x60004850   0x60004850   0x0000001c   Code   RO         2254    i.IOMUXC_SetPinMux  led.o
    0x6000486c   0x6000486c   0x0000001c   Code   RO         2305    i.IOMUXC_SetPinMux  key.o
    0x60004888   0x60004888   0x0000001c   Code   RO         2853    i.IOMUXC_SetPinMux  bsp_lcd.o
    0x600048a4   0x600048a4   0x0000001c   Code   RO         3207    i.IOMUXC_SetPinMux  uart.o
    0x600048c0   0x600048c0   0x0000001c   Code   RO         3459    i.IOMUXC_SetPinMux  bsp_i2c_touch.o
    0x600048dc   0x600048dc   0x0000001c   Code   RO         4161    i.IOMUXC_SetPinMux  bsp_uart.o
    0x600048f8   0x600048f8   0x0000001c   Code   RO         4303    i.IOMUXC_SetPinMux  lpi2c.o
    0x60004914   0x60004914   0x0000001c   Code   RO         4406    i.IOMUXC_SetPinMux  pwm.o
    0x60004930   0x60004930   0x0000001c   Code   RO         4444    i.IOMUXC_SetPinMux  step.o
    0x6000494c   0x6000494c   0x00000048   Code   RO         2022    i.IO_Init           fsl_io.o
    0x60004994   0x60004994   0x00000034   Code   RO         2023    i.IO_Transfer       fsl_io.o
    0x600049c8   0x600049c8   0x00000070   Code   RO         4133    i.IRQN_priority     exit.o
    0x60004a38   0x60004a38   0x0000001c   Code   RO         2854    i.LCD_BackLight_ON  bsp_lcd.o
    0x60004a54   0x60004a54   0x00000030   Code   RO         2855    i.LCD_Clear         bsp_lcd.o
    0x60004a84   0x60004a84   0x000001d8   Code   RO         2868    i.LCD_IOMUXC_MUX_Config  bsp_lcd.o
    0x60004c5c   0x60004c5c   0x00000060   Code   RO         2869    i.LCD_IOMUXC_PAD_Config  bsp_lcd.o
    0x60004cbc   0x60004cbc   0x00000040   Code   RO         2870    i.LCD_InitClock     bsp_lcd.o
    0x60004cfc   0x60004cfc   0x0000001c   Code   RO         2871    i.LCD_InterruptConfig  bsp_lcd.o
    0x60004d18   0x60004d18   0x0000001c   Code   RO         1954    i.LOG_Init          fsl_log.o
    0x60004d34   0x60004d34   0x00000016   Code   RO         1955    i.LOG_Pop           fsl_log.o
    0x60004d4a   0x60004d4a   0x00000010   Code   RO         1956    i.LOG_Push          fsl_log.o
    0x60004d5a   0x60004d5a   0x00000002   PAD
    0x60004d5c   0x60004d5c   0x0000000c   Code   RO          782    i.LPI2C1_DriverIRQHandler  fsl_lpi2c.o
    0x60004d68   0x60004d68   0x0000000c   Code   RO          783    i.LPI2C2_DriverIRQHandler  fsl_lpi2c.o
    0x60004d74   0x60004d74   0x0000000c   Code   RO          784    i.LPI2C3_DriverIRQHandler  fsl_lpi2c.o
    0x60004d80   0x60004d80   0x00000014   Code   RO          785    i.LPI2C_CheckForBusyBus  fsl_lpi2c.o
    0x60004d94   0x60004d94   0x00000044   Code   RO          786    i.LPI2C_CommonIRQHandler  fsl_lpi2c.o
    0x60004dd8   0x60004dd8   0x00000040   Code   RO          787    i.LPI2C_GetCyclesForWidth  fsl_lpi2c.o
    0x60004e18   0x60004e18   0x00000020   Code   RO          788    i.LPI2C_GetInstance  fsl_lpi2c.o
    0x60004e38   0x60004e38   0x0000003c   Code   RO         4304    i.LPI2C_IOMUXC_config  lpi2c.o
    0x60004e74   0x60004e74   0x0000009a   Code   RO          789    i.LPI2C_InitTransferStateMachine  fsl_lpi2c.o
    0x60004f0e   0x60004f0e   0x00000002   PAD
    0x60004f10   0x60004f10   0x00000044   Code   RO         4305    i.LPI2C_MODE_config  lpi2c.o
    0x60004f54   0x60004f54   0x00000044   Code   RO          790    i.LPI2C_MasterCheckAndClearError  fsl_lpi2c.o
    0x60004f98   0x60004f98   0x00000028   Code   RO          793    i.LPI2C_MasterGetDefaultConfig  fsl_lpi2c.o
    0x60004fc0   0x60004fc0   0x00000018   Code   RO          794    i.LPI2C_MasterGetFifoCounts  fsl_lpi2c.o
    0x60004fd8   0x60004fd8   0x00000124   Code   RO          795    i.LPI2C_MasterInit  fsl_lpi2c.o
    0x600050fc   0x600050fc   0x000000d8   Code   RO          798    i.LPI2C_MasterSetBaudRate  fsl_lpi2c.o
    0x600051d4   0x600051d4   0x00000058   Code   RO          803    i.LPI2C_MasterTransferCreateHandle  fsl_lpi2c.o
    0x6000522c   0x6000522c   0x0000003e   Code   RO          805    i.LPI2C_MasterTransferHandleIRQ  fsl_lpi2c.o
    0x6000526a   0x6000526a   0x00000062   Code   RO          806    i.LPI2C_MasterTransferNonBlocking  fsl_lpi2c.o
    0x600052cc   0x600052cc   0x00000014   Code   RO         4306    i.LPI2C_PAD_config  lpi2c.o
    0x600052e0   0x600052e0   0x00000136   Code   RO          808    i.LPI2C_RunTransferStateMachine  fsl_lpi2c.o
    0x60005416   0x60005416   0x00000012   Code   RO         4307    i.LPI2C_config      lpi2c.o
    0x60005428   0x60005428   0x00000018   Code   RO          457    i.LPUART1_DriverIRQHandler  fsl_lpuart.o
    0x60005440   0x60005440   0x0000003c   Code   RO         3208    i.LPUART1_IRQHandler  uart.o
    0x6000547c   0x6000547c   0x00000018   Code   RO          458    i.LPUART2_DriverIRQHandler  fsl_lpuart.o
    0x60005494   0x60005494   0x00000018   Code   RO          459    i.LPUART3_DriverIRQHandler  fsl_lpuart.o
    0x600054ac   0x600054ac   0x0000003c   Code   RO         4162    i.LPUART3_IRQHandler  bsp_uart.o
    0x600054e8   0x600054e8   0x00000018   Code   RO          460    i.LPUART4_DriverIRQHandler  fsl_lpuart.o
    0x60005500   0x60005500   0x00000018   Code   RO          461    i.LPUART5_DriverIRQHandler  fsl_lpuart.o
    0x60005518   0x60005518   0x00000018   Code   RO          462    i.LPUART6_DriverIRQHandler  fsl_lpuart.o
    0x60005530   0x60005530   0x00000018   Code   RO          463    i.LPUART7_DriverIRQHandler  fsl_lpuart.o
    0x60005548   0x60005548   0x00000018   Code   RO          464    i.LPUART8_DriverIRQHandler  fsl_lpuart.o
    0x60005560   0x60005560   0x00000050   Code   RO          465    i.LPUART_ClearStatusFlags  fsl_lpuart.o
    0x600055b0   0x600055b0   0x0000002c   Code   RO          468    i.LPUART_EnableInterrupts  fsl_lpuart.o
    0x600055dc   0x600055dc   0x0000002e   Code   RO          469    i.LPUART_GetDefaultConfig  fsl_lpuart.o
    0x6000560a   0x6000560a   0x00000002   PAD
    0x6000560c   0x6000560c   0x00000028   Code   RO          471    i.LPUART_GetInstance  fsl_lpuart.o
    0x60005634   0x60005634   0x0000000e   Code   RO          472    i.LPUART_GetStatusFlags  fsl_lpuart.o
    0x60005642   0x60005642   0x00000002   PAD
    0x60005644   0x60005644   0x000001b4   Code   RO          473    i.LPUART_Init       fsl_lpuart.o
    0x600057f8   0x600057f8   0x00000098   Code   RO          474    i.LPUART_ReadBlocking  fsl_lpuart.o
    0x60005890   0x60005890   0x0000001a   Code   RO          490    i.LPUART_WriteBlocking  fsl_lpuart.o
    0x600058aa   0x600058aa   0x00000002   PAD
    0x600058ac   0x600058ac   0x00000018   Code   RO          731    i.PIT_GetInstance   fsl_pit.o
    0x600058c4   0x600058c4   0x00000040   Code   RO          733    i.PIT_Init          fsl_pit.o
    0x60005904   0x60005904   0x00000038   Code   RO         4382    i.PUMP_GPIO_Config  pump.o
    0x6000593c   0x6000593c   0x00000208   Code   RO         4510    i.Print_Log         main.o
    0x60005b44   0x60005b44   0x0000001c   Code   RO         1527    i.QTMR_GetDefaultConfig  fsl_qtmr.o
    0x60005b60   0x60005b60   0x00000028   Code   RO         1529    i.QTMR_GetInstance  fsl_qtmr.o
    0x60005b88   0x60005b88   0x00000078   Code   RO         1531    i.QTMR_Init         fsl_qtmr.o
    0x60005c00   0x60005c00   0x00000094   Code   RO         4407    i.QTMR_PWM_config   pwm.o
    0x60005c94   0x60005c94   0x00000060   Code   RO         1534    i.QTMR_SetupPwm     fsl_qtmr.o
    0x60005cf4   0x60005cf4   0x000000b8   Code   RO         4445    i.STEP_GPIO_Config  step.o
    0x60005dac   0x60005dac   0x000004da   Code   RO         1898    i.StrFormatPrintf   fsl_str.o
    0x60006286   0x60006286   0x00000018   Code   RO         4839    i.SysTick_Handler   rtboard.o
    0x6000629e   0x6000629e   0x00000002   PAD
    0x600062a0   0x600062a0   0x000000f8   Code   RO            7    i.SystemInit        system_mimxrt1052.o
    0x60006398   0x60006398   0x00000002   Code   RO            8    i.SystemInitHook    system_mimxrt1052.o
    0x6000639a   0x6000639a   0x00000002   PAD
    0x6000639c   0x6000639c   0x00000038   Code   RO         3209    i.UART1_IOMUXC_config  uart.o
    0x600063d4   0x600063d4   0x00000050   Code   RO         3210    i.UART1_MODE_config  uart.o
    0x60006424   0x60006424   0x00000014   Code   RO         3211    i.UART1_PAD_config  uart.o
    0x60006438   0x60006438   0x00000012   Code   RO         4163    i.UART_Config       bsp_uart.o
    0x6000644a   0x6000644a   0x00000002   PAD
    0x6000644c   0x6000644c   0x0000003c   Code   RO         4164    i.UART_IOMUXC_MUX_Config  bsp_uart.o
    0x60006488   0x60006488   0x00000018   Code   RO         4165    i.UART_IOMUXC_PAD_Config  bsp_uart.o
    0x600064a0   0x600064a0   0x00000054   Code   RO         4166    i.UART_ModeConfig   bsp_uart.o
    0x600064f4   0x600064f4   0x0000000a   Code   RO         3212    i.UART_senddata     uart.o
    0x600064fe   0x600064fe   0x00000012   Code   RO         3214    i.USB_UART_config   uart.o
    0x60006510   0x60006510   0x00000020   Code   RO        16678    i.__0printf$8       mc_w.l(printf8.o)
    0x60006530   0x60006530   0x00000030   Code   RO        16784    i.__ARM_fpclassify  m_wv.l(fpclassify.o)
    0x60006560   0x60006560   0x00000050   Code   RO        16732    i.__free$2region    mc_w.l(malloc2.o)
    0x600065b0   0x600065b0   0x000000c0   Code   RO        16404    i.__hardfp_modf     m_wv.l(modf.o)
    0x60006670   0x60006670   0x000008f8   Code   RO        16410    i.__hardfp_pow      m_wv.l(pow.o)
    0x60006f68   0x60006f68   0x00000070   Code   RO        16786    i.__kernel_poly     m_wv.l(poly.o)
    0x60006fd8   0x60006fd8   0x0000006c   Code   RO        16733    i.__malloc$2region  mc_w.l(malloc2.o)
    0x60007044   0x60007044   0x00000004   PAD
    0x60007048   0x60007048   0x00000020   Code   RO        16764    i.__mathlib_dbl_divzero  m_wv.l(dunder.o)
    0x60007068   0x60007068   0x00000006   Code   RO        16766    i.__mathlib_dbl_infnan2  m_wv.l(dunder.o)
    0x6000706e   0x6000706e   0x00000002   PAD
    0x60007070   0x60007070   0x00000018   Code   RO        16767    i.__mathlib_dbl_invalid  m_wv.l(dunder.o)
    0x60007088   0x60007088   0x00000018   Code   RO        16768    i.__mathlib_dbl_overflow  m_wv.l(dunder.o)
    0x600070a0   0x600070a0   0x00000018   Code   RO        16770    i.__mathlib_dbl_underflow  m_wv.l(dunder.o)
    0x600070b8   0x600070b8   0x00000044   Code   RO         5247    i.__rt_ffs          kservice.o
    0x600070fc   0x600070fc   0x0000000e   Code   RO        16858    i.__scatterload_copy  mc_w.l(handlers.o)
    0x6000710a   0x6000710a   0x00000002   Code   RO        16859    i.__scatterload_null  mc_w.l(handlers.o)
    0x6000710c   0x6000710c   0x0000000e   Code   RO        16860    i.__scatterload_zeroinit  mc_w.l(handlers.o)
    0x6000711a   0x6000711a   0x00000002   PAD
    0x6000711c   0x6000711c   0x0000000c   Code   RO        16813    i.__set_errno       mc_w.l(errno.o)
    0x60007128   0x60007128   0x00000014   Code   RO         5013    i._has_defunct_thread  idle.o
    0x6000713c   0x6000713c   0x00000410   Code   RO        16685    i._printf_core      mc_w.l(printf8.o)
    0x6000754c   0x6000754c   0x00000024   Code   RO        16686    i._printf_post_padding  mc_w.l(printf8.o)
    0x60007570   0x60007570   0x0000002e   Code   RO        16687    i._printf_pre_padding  mc_w.l(printf8.o)
    0x6000759e   0x6000759e   0x00000002   PAD
    0x600075a0   0x600075a0   0x00000074   Code   RO         5626    i._rt_thread_init   thread.o
    0x60007614   0x60007614   0x0000001c   Code   RO         5746    i._rt_timer_init    timer.o
    0x60007630   0x60007630   0x00000012   Code   RO         5747    i._rt_timer_remove  timer.o
    0x60007642   0x60007642   0x00000002   PAD
    0x60007644   0x60007644   0x00000078   Code   RO         8866    i.anim_ready_handler  lv_anim.o
    0x600076bc   0x600076bc   0x00000094   Code   RO         8867    i.anim_task         lv_anim.o
    0x60007750   0x60007750   0x0000003c   Code   RO         7759    i.antialias_get_opa_circ  lv_draw_rect.o
    0x6000778c   0x6000778c   0x00000018   Code   RO         2721    i.delay_ms          systick.o
    0x600077a4   0x600077a4   0x00000044   Code   RO         2722    i.delay_us          systick.o
    0x600077e8   0x600077e8   0x000000b4   Code   RO         6541    i.delete_children   lv_obj.o
    0x6000789c   0x6000789c   0x00000004   Code   RO         3289    i.dht11_config      dht11.o
    0x600078a0   0x600078a0   0x0000002c   Code   RO         3290    i.dht11_gpio_init   dht11.o
    0x600078cc   0x600078cc   0x0000000c   Code   RO        15147    i.disp_flush        lv_port_disp.o
    0x600078d8   0x600078d8   0x0000005c   Code   RO        15474    i.draw_home         lv_draw_home.o
    0x60007934   0x60007934   0x00000134   Code   RO        15617    i.draw_temp         lv_draw_temp.o
    0x60007a68   0x60007a68   0x00000024   Code   RO         9339    i.ent_get_next      lv_mem.o
    0x60007a8c   0x60007a8c   0x00000042   Code   RO         9340    i.ent_trunc         lv_mem.o
    0x60007ace   0x60007ace   0x00000002   PAD
    0x60007ad0   0x60007ad0   0x00000014   Code   RO        15618    i.event_btn_cancle  lv_draw_temp.o
    0x60007ae4   0x60007ae4   0x00000002   Code   RO        15619    i.event_btn_down    lv_draw_temp.o
    0x60007ae6   0x60007ae6   0x00000002   Code   RO        15620    i.event_btn_up      lv_draw_temp.o
    0x60007ae8   0x60007ae8   0x0000000a   Code   RO        15475    i.event_handler_temp  lv_draw_home.o
    0x60007af2   0x60007af2   0x00000018   Code   RO        16780    i.fabs              m_wv.l(fabs.o)
    0x60007b0a   0x60007b0a   0x000000cc   Code   RO         6073    i.focus_next_core   lv_group.o
    0x60007bd6   0x60007bd6   0x00000002   PAD
    0x60007bd8   0x60007bd8   0x00000014   Code   RO         3215    i.fputc             uart.o
    0x60007bec   0x60007bec   0x0000011c   Code   RO         8105    i.get_glyph_dsc_id  lv_font_fmt_txt.o
    0x60007d08   0x60007d08   0x00000090   Code   RO         8106    i.get_kern_value    lv_font_fmt_txt.o
    0x60007d98   0x60007d98   0x00000068   Code   RO         3816    i.gizPutData        gizwits_protocol.o
    0x60007e00   0x60007e00   0x00000010   Code   RO         3717    i.gizTimerMs        gizwits_product.o
    0x60007e10   0x60007e10   0x00000060   Code   RO         3821    i.gizwitsInit       gizwits_protocol.o
    0x60007e70   0x60007e70   0x0000001c   Code   RO         4609    i.gui_lvgl_init     app.o
    0x60007e8c   0x60007e8c   0x00000068   Code   RO         4610    i.gui_lvgl_thread_init  app.o
    0x60007ef4   0x60007ef4   0x00000040   Code   RO         7675    i.hex_char_to_num   lv_draw_label.o
    0x60007f34   0x60007f34   0x000001e4   Code   RO         6358    i.indev_drag        lv_indev.o
    0x60008118   0x60008118   0x0000019c   Code   RO         6359    i.indev_drag_throw  lv_indev.o
    0x600082b4   0x600082b4   0x000002e4   Code   RO         6360    i.indev_encoder_proc  lv_indev.o
    0x60008598   0x60008598   0x000001f4   Code   RO         6361    i.indev_keypad_proc  lv_indev.o
    0x6000878c   0x6000878c   0x00000268   Code   RO         6362    i.indev_proc_press  lv_indev.o
    0x600089f4   0x600089f4   0x000001c8   Code   RO         6363    i.indev_proc_release  lv_indev.o
    0x60008bbc   0x60008bbc   0x0000003c   Code   RO         6364    i.indev_proc_reset_query_handler  lv_indev.o
    0x60008bf8   0x60008bf8   0x00000018   Code   RO         6365    i.indev_reset_check  lv_indev.o
    0x60008c10   0x60008c10   0x00000062   Code   RO         6366    i.indev_search_obj  lv_indev.o
    0x60008c72   0x60008c72   0x00000014   Code   RO         8107    i.kern_pair_16_compare  lv_font_fmt_txt.o
    0x60008c86   0x60008c86   0x00000014   Code   RO         8108    i.kern_pair_8_compare  lv_font_fmt_txt.o
    0x60008c9a   0x60008c9a   0x00000002   PAD
    0x60008c9c   0x60008c9c   0x00000068   Code   RO         2306    i.key_init          key.o
    0x60008d04   0x60008d04   0x000000ac   Code   RO         2255    i.led_init          led.o
    0x60008db0   0x60008db0   0x00000030   Code   RO         8868    i.lv_anim_core_init  lv_anim.o
    0x60008de0   0x60008de0   0x0000004c   Code   RO         8870    i.lv_anim_create    lv_anim.o
    0x60008e2c   0x60008e2c   0x00000060   Code   RO         8871    i.lv_anim_del       lv_anim.o
    0x60008e8c   0x60008e8c   0x00000026   Code   RO         8877    i.lv_anim_path_linear  lv_anim.o
    0x60008eb2   0x60008eb2   0x00000026   Code   RO         8880    i.lv_anim_speed_to_time  lv_anim.o
    0x60008ed8   0x60008ed8   0x0000001e   Code   RO         9022    i.lv_area_get_size  lv_area.o
    0x60008ef6   0x60008ef6   0x0000000c   Code   RO         7676    i.lv_area_get_width  lv_draw_label.o
    0x60008f02   0x60008f02   0x00000052   Code   RO         9023    i.lv_area_intersect  lv_area.o
    0x60008f54   0x60008f54   0x0000003a   Code   RO         9024    i.lv_area_is_in     lv_area.o
    0x60008f8e   0x60008f8e   0x00000038   Code   RO         9025    i.lv_area_is_on     lv_area.o
    0x60008fc6   0x60008fc6   0x00000032   Code   RO         9026    i.lv_area_is_point_on  lv_area.o
    0x60008ff8   0x60008ff8   0x00000044   Code   RO         9027    i.lv_area_join      lv_area.o
    0x6000903c   0x6000903c   0x0000000e   Code   RO         9028    i.lv_area_set       lv_area.o
    0x6000904a   0x6000904a   0x0000000a   Code   RO         9029    i.lv_area_set_height  lv_area.o
    0x60009054   0x60009054   0x00000114   Code   RO         9941    i.lv_btn_create     lv_btn.o
    0x60009168   0x60009168   0x00000020   Code   RO         9942    i.lv_btn_design     lv_btn.o
    0x60009188   0x60009188   0x0000000e   Code   RO         9946    i.lv_btn_get_state  lv_btn.o
    0x60009196   0x60009196   0x00000072   Code   RO         9947    i.lv_btn_get_style  lv_btn.o
    0x60009208   0x60009208   0x0000000e   Code   RO         9948    i.lv_btn_get_toggle  lv_btn.o
    0x60009216   0x60009216   0x0000002c   Code   RO         9952    i.lv_btn_set_state  lv_btn.o
    0x60009242   0x60009242   0x00000042   Code   RO         9953    i.lv_btn_set_style  lv_btn.o
    0x60009284   0x60009284   0x0000016c   Code   RO         9955    i.lv_btn_signal     lv_btn.o
    0x600093f0   0x600093f0   0x00000014   Code   RO         9113    i.lv_circ_cont      lv_circ.o
    0x60009404   0x60009404   0x00000010   Code   RO         9114    i.lv_circ_init      lv_circ.o
    0x60009414   0x60009414   0x00000030   Code   RO         9115    i.lv_circ_next      lv_circ.o
    0x60009444   0x60009444   0x00000020   Code   RO         7246    i.lv_color_make     lv_style.o
    0x60009464   0x60009464   0x00000054   Code   RO         7489    i.lv_color_mix      lv_draw_basic.o
    0x600094b8   0x600094b8   0x00000054   Code   RO         7760    i.lv_color_mix      lv_draw_rect.o
    0x6000950c   0x6000950c   0x000000b8   Code   RO        10955    i.lv_cont_create    lv_cont.o
    0x600095c4   0x600095c4   0x0000000e   Code   RO        10960    i.lv_cont_get_layout  lv_cont.o
    0x600095d2   0x600095d2   0x000000c6   Code   RO        10961    i.lv_cont_layout_center  lv_cont.o
    0x60009698   0x60009698   0x0000009a   Code   RO        10962    i.lv_cont_layout_col  lv_cont.o
    0x60009732   0x60009732   0x00000002   PAD
    0x60009734   0x60009734   0x000000f6   Code   RO        10963    i.lv_cont_layout_grid  lv_cont.o
    0x6000982a   0x6000982a   0x00000210   Code   RO        10964    i.lv_cont_layout_pretty  lv_cont.o
    0x60009a3a   0x60009a3a   0x00000098   Code   RO        10965    i.lv_cont_layout_row  lv_cont.o
    0x60009ad2   0x60009ad2   0x00000002   PAD
    0x60009ad4   0x60009ad4   0x000002a4   Code   RO        10966    i.lv_cont_refr_autofit  lv_cont.o
    0x60009d78   0x60009d78   0x00000072   Code   RO        10967    i.lv_cont_refr_layout  lv_cont.o
    0x60009dea   0x60009dea   0x0000002a   Code   RO        10969    i.lv_cont_set_layout  lv_cont.o
    0x60009e14   0x60009e14   0x00000090   Code   RO        10970    i.lv_cont_signal    lv_cont.o
    0x60009ea4   0x60009ea4   0x0000001e   Code   RO         8557    i.lv_disp_buf_init  lv_hal_disp.o
    0x60009ec2   0x60009ec2   0x00000002   PAD
    0x60009ec4   0x60009ec4   0x0000003c   Code   RO         8558    i.lv_disp_drv_init  lv_hal_disp.o
    0x60009f00   0x60009f00   0x000000ac   Code   RO         8559    i.lv_disp_drv_register  lv_hal_disp.o
    0x60009fac   0x60009fac   0x0000000c   Code   RO         8561    i.lv_disp_flush_ready  lv_hal_disp.o
    0x60009fb8   0x60009fb8   0x00000018   Code   RO         8562    i.lv_disp_get_antialiasing  lv_hal_disp.o
    0x60009fd0   0x60009fd0   0x00000004   Code   RO         8563    i.lv_disp_get_buf   lv_hal_disp.o
    0x60009fd4   0x60009fd4   0x0000000c   Code   RO         8564    i.lv_disp_get_default  lv_hal_disp.o
    0x60009fe0   0x60009fe0   0x00000024   Code   RO         8565    i.lv_disp_get_hor_res  lv_hal_disp.o
    0x6000a004   0x6000a004   0x0000000a   Code   RO         8566    i.lv_disp_get_inv_buf_size  lv_hal_disp.o
    0x6000a00e   0x6000a00e   0x00000010   Code   RO         5956    i.lv_disp_get_layer_sys  lv_disp.o
    0x6000a01e   0x6000a01e   0x00000010   Code   RO         5957    i.lv_disp_get_layer_top  lv_disp.o
    0x6000a02e   0x6000a02e   0x00000010   Code   RO         5959    i.lv_disp_get_scr_act  lv_disp.o
    0x6000a03e   0x6000a03e   0x00000002   PAD
    0x6000a040   0x6000a040   0x00000024   Code   RO         8568    i.lv_disp_get_ver_res  lv_hal_disp.o
    0x6000a064   0x6000a064   0x00000012   Code   RO         8569    i.lv_disp_is_double_buf  lv_hal_disp.o
    0x6000a076   0x6000a076   0x00000024   Code   RO         8570    i.lv_disp_is_true_double_buf  lv_hal_disp.o
    0x6000a09a   0x6000a09a   0x00000018   Code   RO         8571    i.lv_disp_pop_from_inv_buf  lv_hal_disp.o
    0x6000a0b2   0x6000a0b2   0x00000002   PAD
    0x6000a0b4   0x6000a0b4   0x0000010c   Code   RO         7149    i.lv_disp_refr_task  lv_refr.o
    0x6000a1c0   0x6000a1c0   0x00000034   Code   RO         7321    i.lv_draw_aa_get_opa  lv_draw.o
    0x6000a1f4   0x6000a1f4   0x0000003a   Code   RO         7761    i.lv_draw_cont_radius_corr  lv_draw_rect.o
    0x6000a22e   0x6000a22e   0x00000072   Code   RO         7490    i.lv_draw_fill      lv_draw_basic.o
    0x6000a2a0   0x6000a2a0   0x00000020   Code   RO         7324    i.lv_draw_free_buf  lv_draw.o
    0x6000a2c0   0x6000a2c0   0x0000003c   Code   RO         7325    i.lv_draw_get_buf   lv_draw.o
    0x6000a2fc   0x6000a2fc   0x0000005c   Code   RO         7589    i.lv_draw_img       lv_draw_img.o
    0x6000a358   0x6000a358   0x0000043c   Code   RO         7677    i.lv_draw_label     lv_draw_label.o
    0x6000a794   0x6000a794   0x000002c0   Code   RO         7491    i.lv_draw_letter    lv_draw_basic.o
    0x6000aa54   0x6000aa54   0x000002a8   Code   RO         7492    i.lv_draw_map       lv_draw_basic.o
    0x6000acfc   0x6000acfc   0x000000a8   Code   RO         7493    i.lv_draw_px        lv_draw_basic.o
    0x6000ada4   0x6000ada4   0x0000009a   Code   RO         7762    i.lv_draw_rect      lv_draw_rect.o
    0x6000ae3e   0x6000ae3e   0x00000a68   Code   RO         7763    i.lv_draw_rect_border_corner  lv_draw_rect.o
    0x6000b8a6   0x6000b8a6   0x000003c8   Code   RO         7764    i.lv_draw_rect_border_straight  lv_draw_rect.o
    0x6000bc6e   0x6000bc6e   0x00000826   Code   RO         7765    i.lv_draw_rect_main_corner  lv_draw_rect.o
    0x6000c494   0x6000c494   0x00000134   Code   RO         7766    i.lv_draw_rect_main_mid  lv_draw_rect.o
    0x6000c5c8   0x6000c5c8   0x000000a2   Code   RO         7767    i.lv_draw_shadow    lv_draw_rect.o
    0x6000c66a   0x6000c66a   0x00000212   Code   RO         7768    i.lv_draw_shadow_bottom  lv_draw_rect.o
    0x6000c87c   0x6000c87c   0x0000032e   Code   RO         7769    i.lv_draw_shadow_full  lv_draw_rect.o
    0x6000cbaa   0x6000cbaa   0x00000002   PAD
    0x6000cbac   0x6000cbac   0x0000015e   Code   RO         7770    i.lv_draw_shadow_full_straight  lv_draw_rect.o
    0x6000cd0a   0x6000cd0a   0x00000002   PAD
    0x6000cd0c   0x6000cd0c   0x0000001c   Code   RO         6543    i.lv_event_mark_deleted  lv_obj.o
    0x6000cd28   0x6000cd28   0x0000001a   Code   RO         6544    i.lv_event_send     lv_obj.o
    0x6000cd42   0x6000cd42   0x00000002   PAD
    0x6000cd44   0x6000cd44   0x00000074   Code   RO         6545    i.lv_event_send_func  lv_obj.o
    0x6000cdb8   0x6000cdb8   0x00000020   Code   RO         8109    i.lv_font_get_bitmap_fmt_txt  lv_font_fmt_txt.o
    0x6000cdd8   0x6000cdd8   0x00000004   Code   RO         8062    i.lv_font_get_glyph_bitmap  lv_font.o
    0x6000cddc   0x6000cddc   0x0000000a   Code   RO         8063    i.lv_font_get_glyph_dsc  lv_font.o
    0x6000cde6   0x6000cde6   0x00000068   Code   RO         8110    i.lv_font_get_glyph_dsc_fmt_txt  lv_font_fmt_txt.o
    0x6000ce4e   0x6000ce4e   0x00000016   Code   RO         8064    i.lv_font_get_glyph_width  lv_font.o
    0x6000ce64   0x6000ce64   0x00000056   Code   RO         6075    i.lv_group_add_obj  lv_group.o
    0x6000ceba   0x6000ceba   0x00000002   PAD
    0x6000cebc   0x6000cebc   0x00000010   Code   RO         6079    i.lv_group_focus_next  lv_group.o
    0x6000cecc   0x6000cecc   0x0000009a   Code   RO         6080    i.lv_group_focus_obj  lv_group.o
    0x6000cf66   0x6000cf66   0x00000002   PAD
    0x6000cf68   0x6000cf68   0x00000010   Code   RO         6081    i.lv_group_focus_prev  lv_group.o
    0x6000cf78   0x6000cf78   0x0000000e   Code   RO         6082    i.lv_group_get_click_focus  lv_group.o
    0x6000cf86   0x6000cf86   0x0000000e   Code   RO         6083    i.lv_group_get_editing  lv_group.o
    0x6000cf94   0x6000cf94   0x0000000e   Code   RO         6085    i.lv_group_get_focused  lv_group.o
    0x6000cfa2   0x6000cfa2   0x00000002   PAD
    0x6000cfa4   0x6000cfa4   0x0000000c   Code   RO         6089    i.lv_group_init     lv_group.o
    0x6000cfb0   0x6000cfb0   0x00000026   Code   RO         6090    i.lv_group_mod_style  lv_group.o
    0x6000cfd6   0x6000cfd6   0x00000032   Code   RO         6091    i.lv_group_refocus  lv_group.o
    0x6000d008   0x6000d008   0x0000007c   Code   RO         6093    i.lv_group_remove_obj  lv_group.o
    0x6000d084   0x6000d084   0x00000026   Code   RO         6095    i.lv_group_send_data  lv_group.o
    0x6000d0aa   0x6000d0aa   0x00000046   Code   RO         6097    i.lv_group_set_editing  lv_group.o
    0x6000d0f0   0x6000d0f0   0x00000054   Code   RO         7887    i.lv_img_cache_invalidate_src  lv_img_cache.o
    0x6000d144   0x6000d144   0x000000fc   Code   RO         7888    i.lv_img_cache_open  lv_img_cache.o
    0x6000d240   0x6000d240   0x00000064   Code   RO         7889    i.lv_img_cache_set_size  lv_img_cache.o
    0x6000d2a4   0x6000d2a4   0x00000034   Code   RO         7595    i.lv_img_color_format_get_px_size  lv_draw_img.o
    0x6000d2d8   0x6000d2d8   0x00000026   Code   RO         7596    i.lv_img_color_format_has_alpha  lv_draw_img.o
    0x6000d2fe   0x6000d2fe   0x00000018   Code   RO         7597    i.lv_img_color_format_is_chroma_keyed  lv_draw_img.o
    0x6000d316   0x6000d316   0x00000002   PAD
    0x6000d318   0x6000d318   0x000000d0   Code   RO        11387    i.lv_img_create     lv_img.o
    0x6000d3e8   0x6000d3e8   0x0000001e   Code   RO         7926    i.lv_img_decoder_built_in_close  lv_img_decoder.o
    0x6000d406   0x6000d406   0x0000005e   Code   RO         7927    i.lv_img_decoder_built_in_info  lv_img_decoder.o
    0x6000d464   0x6000d464   0x00000178   Code   RO         7928    i.lv_img_decoder_built_in_line_alpha  lv_img_decoder.o
    0x6000d5dc   0x6000d5dc   0x00000124   Code   RO         7929    i.lv_img_decoder_built_in_line_indexed  lv_img_decoder.o
    0x6000d700   0x6000d700   0x000000d8   Code   RO         7930    i.lv_img_decoder_built_in_open  lv_img_decoder.o
    0x6000d7d8   0x6000d7d8   0x0000005e   Code   RO         7931    i.lv_img_decoder_built_in_read_line  lv_img_decoder.o
    0x6000d836   0x6000d836   0x00000012   Code   RO         7932    i.lv_img_decoder_close  lv_img_decoder.o
    0x6000d848   0x6000d848   0x0000001c   Code   RO         7933    i.lv_img_decoder_create  lv_img_decoder.o
    0x6000d864   0x6000d864   0x00000044   Code   RO         7935    i.lv_img_decoder_get_info  lv_img_decoder.o
    0x6000d8a8   0x6000d8a8   0x00000038   Code   RO         7936    i.lv_img_decoder_init  lv_img_decoder.o
    0x6000d8e0   0x6000d8e0   0x00000070   Code   RO         7937    i.lv_img_decoder_open  lv_img_decoder.o
    0x6000d950   0x6000d950   0x00000026   Code   RO         7938    i.lv_img_decoder_read_line  lv_img_decoder.o
    0x6000d976   0x6000d976   0x00000002   PAD
    0x6000d978   0x6000d978   0x00000156   Code   RO        11388    i.lv_img_design     lv_img.o
    0x6000dace   0x6000dace   0x00000002   PAD
    0x6000dad0   0x6000dad0   0x00000154   Code   RO         7598    i.lv_img_draw_core  lv_draw_img.o
    0x6000dc24   0x6000dc24   0x0000000e   Code   RO        11389    i.lv_img_get_auto_size  lv_img.o
    0x6000dc32   0x6000dc32   0x00000116   Code   RO        11397    i.lv_img_set_src    lv_img.o
    0x6000dd48   0x6000dd48   0x0000008c   Code   RO        11398    i.lv_img_signal     lv_img.o
    0x6000ddd4   0x6000ddd4   0x00000024   Code   RO         7599    i.lv_img_src_get_type  lv_draw_img.o
    0x6000ddf8   0x6000ddf8   0x0000004a   Code   RO        15515    i.lv_imgbtn_creat_mks  lv_draw_lvgl.o
    0x6000de42   0x6000de42   0x00000002   PAD
    0x6000de44   0x6000de44   0x00000088   Code   RO        11475    i.lv_imgbtn_create  lv_imgbtn.o
    0x6000decc   0x6000decc   0x0000006a   Code   RO        11476    i.lv_imgbtn_design  lv_imgbtn.o
    0x6000df36   0x6000df36   0x00000004   Code   RO        11478    i.lv_imgbtn_get_style  lv_imgbtn.o
    0x6000df3a   0x6000df3a   0x0000001c   Code   RO        11479    i.lv_imgbtn_set_src  lv_imgbtn.o
    0x6000df56   0x6000df56   0x00000002   PAD
    0x6000df58   0x6000df58   0x00000058   Code   RO        11481    i.lv_imgbtn_signal  lv_imgbtn.o
    0x6000dfb0   0x6000dfb0   0x00000022   Code   RO         8736    i.lv_indev_drv_init  lv_hal_indev.o
    0x6000dfd2   0x6000dfd2   0x00000002   PAD
    0x6000dfd4   0x6000dfd4   0x0000005c   Code   RO         8737    i.lv_indev_drv_register  lv_hal_indev.o
    0x6000e030   0x6000e030   0x0000000c   Code   RO         6368    i.lv_indev_get_act  lv_indev.o
    0x6000e03c   0x6000e03c   0x00000014   Code   RO         8739    i.lv_indev_get_next  lv_hal_indev.o
    0x6000e050   0x6000e050   0x0000000c   Code   RO         6370    i.lv_indev_get_obj_act  lv_indev.o
    0x6000e05c   0x6000e05c   0x00000006   Code   RO         6375    i.lv_indev_init     lv_indev.o
    0x6000e062   0x6000e062   0x0000001c   Code   RO         6376    i.lv_indev_is_dragging  lv_indev.o
    0x6000e07e   0x6000e07e   0x00000032   Code   RO         8740    i.lv_indev_read     lv_hal_indev.o
    0x6000e0b0   0x6000e0b0   0x00000120   Code   RO         6377    i.lv_indev_read_task  lv_indev.o
    0x6000e1d0   0x6000e1d0   0x0000002a   Code   RO         6378    i.lv_indev_reset    lv_indev.o
    0x6000e1fa   0x6000e1fa   0x00000002   PAD
    0x6000e1fc   0x6000e1fc   0x00000054   Code   RO         6546    i.lv_init           lv_obj.o
    0x6000e250   0x6000e250   0x000000b4   Code   RO         7150    i.lv_inv_area       lv_refr.o
    0x6000e304   0x6000e304   0x0000017c   Code   RO        11624    i.lv_label_create   lv_label.o
    0x6000e480   0x6000e480   0x000001fa   Code   RO        11626    i.lv_label_design   lv_label.o
    0x6000e67a   0x6000e67a   0x00000024   Code   RO        11627    i.lv_label_dot_tmp_free  lv_label.o
    0x6000e69e   0x6000e69e   0x0000000e   Code   RO        11628    i.lv_label_get_align  lv_label.o
    0x6000e6ac   0x6000e6ac   0x0000000e   Code   RO        11630    i.lv_label_get_body_draw  lv_label.o
    0x6000e6ba   0x6000e6ba   0x00000002   PAD
    0x6000e6bc   0x6000e6bc   0x0000015c   Code   RO        11631    i.lv_label_get_letter_on  lv_label.o
    0x6000e818   0x6000e818   0x0000000e   Code   RO        11633    i.lv_label_get_long_mode  lv_label.o
    0x6000e826   0x6000e826   0x0000000e   Code   RO        11634    i.lv_label_get_recolor  lv_label.o
    0x6000e834   0x6000e834   0x0000000a   Code   RO        11635    i.lv_label_get_text  lv_label.o
    0x6000e83e   0x6000e83e   0x00000002   PAD
    0x6000e840   0x6000e840   0x0000034c   Code   RO        11640    i.lv_label_refr_text  lv_label.o
    0x6000eb8c   0x6000eb8c   0x0000006c   Code   RO        11641    i.lv_label_revert_dots  lv_label.o
    0x6000ebf8   0x6000ebf8   0x00000026   Code   RO        11642    i.lv_label_set_align  lv_label.o
    0x6000ec1e   0x6000ec1e   0x0000002c   Code   RO        11645    i.lv_label_set_body_draw  lv_label.o
    0x6000ec4a   0x6000ec4a   0x00000056   Code   RO        11646    i.lv_label_set_dot_tmp  lv_label.o
    0x6000eca0   0x6000eca0   0x0000008c   Code   RO        11647    i.lv_label_set_long_mode  lv_label.o
    0x6000ed2c   0x6000ed2c   0x00000016   Code   RO        11648    i.lv_label_set_offset_x  lv_label.o
    0x6000ed42   0x6000ed42   0x00000016   Code   RO        11649    i.lv_label_set_offset_y  lv_label.o
    0x6000ed58   0x6000ed58   0x00000026   Code   RO        11650    i.lv_label_set_recolor  lv_label.o
    0x6000ed7e   0x6000ed7e   0x00000034   Code   RO        11651    i.lv_label_set_static_text  lv_label.o
    0x6000edb2   0x6000edb2   0x0000006e   Code   RO        11652    i.lv_label_set_text  lv_label.o
    0x6000ee20   0x6000ee20   0x000000f8   Code   RO        11655    i.lv_label_signal   lv_label.o
    0x6000ef18   0x6000ef18   0x00000068   Code   RO         9210    i.lv_ll_chg_list    lv_ll.o
    0x6000ef80   0x6000ef80   0x0000000c   Code   RO         9212    i.lv_ll_get_head    lv_ll.o
    0x6000ef8c   0x6000ef8c   0x00000012   Code   RO         9214    i.lv_ll_get_next    lv_ll.o
    0x6000ef9e   0x6000ef9e   0x00000010   Code   RO         9215    i.lv_ll_get_prev    lv_ll.o
    0x6000efae   0x6000efae   0x0000000c   Code   RO         9216    i.lv_ll_get_tail    lv_ll.o
    0x6000efba   0x6000efba   0x00000014   Code   RO         9217    i.lv_ll_init        lv_ll.o
    0x6000efce   0x6000efce   0x0000003c   Code   RO         9218    i.lv_ll_ins_head    lv_ll.o
    0x6000f00a   0x6000f00a   0x00000066   Code   RO         9219    i.lv_ll_ins_prev    lv_ll.o
    0x6000f070   0x6000f070   0x00000042   Code   RO         9220    i.lv_ll_ins_tail    lv_ll.o
    0x6000f0b2   0x6000f0b2   0x00000012   Code   RO         9221    i.lv_ll_is_empty    lv_ll.o
    0x6000f0c4   0x6000f0c4   0x00000060   Code   RO         9222    i.lv_ll_move_before  lv_ll.o
    0x6000f124   0x6000f124   0x00000078   Code   RO         9223    i.lv_ll_rem         lv_ll.o
    0x6000f19c   0x6000f19c   0x0000005c   Code   RO         9341    i.lv_mem_alloc      lv_mem.o
    0x6000f1f8   0x6000f1f8   0x00000054   Code   RO         9343    i.lv_mem_free       lv_mem.o
    0x6000f24c   0x6000f24c   0x0000001c   Code   RO         9344    i.lv_mem_get_size   lv_mem.o
    0x6000f268   0x6000f268   0x00000020   Code   RO         9345    i.lv_mem_init       lv_mem.o
    0x6000f288   0x6000f288   0x00000054   Code   RO         9347    i.lv_mem_realloc    lv_mem.o
    0x6000f2dc   0x6000f2dc   0x0000020c   Code   RO         6547    i.lv_obj_align      lv_obj.o
    0x6000f4e8   0x6000f4e8   0x0000011c   Code   RO         6548    i.lv_obj_align_origo  lv_obj.o
    0x6000f604   0x6000f604   0x0000000e   Code   RO         6549    i.lv_obj_allocate_ext_attr  lv_obj.o
    0x6000f612   0x6000f612   0x0000000c   Code   RO         6551    i.lv_obj_clear_protect  lv_obj.o
    0x6000f61e   0x6000f61e   0x00000002   PAD
    0x6000f620   0x6000f620   0x0000024c   Code   RO         6554    i.lv_obj_create     lv_obj.o
    0x6000f86c   0x6000f86c   0x000000d8   Code   RO         6555    i.lv_obj_del        lv_obj.o
    0x6000f944   0x6000f944   0x000000a8   Code   RO         6558    i.lv_obj_design     lv_obj.o
    0x6000f9ec   0x6000f9ec   0x0000000a   Code   RO         6559    i.lv_obj_get_auto_realign  lv_obj.o
    0x6000f9f6   0x6000f9f6   0x0000000e   Code   RO         6560    i.lv_obj_get_child  lv_obj.o
    0x6000fa04   0x6000fa04   0x0000000a   Code   RO         6562    i.lv_obj_get_click  lv_obj.o
    0x6000fa0e   0x6000fa0e   0x0000000a   Code   RO         6563    i.lv_obj_get_coords  lv_obj.o
    0x6000fa18   0x6000fa18   0x00000004   Code   RO         6564    i.lv_obj_get_design_cb  lv_obj.o
    0x6000fa1c   0x6000fa1c   0x00000044   Code   RO         6565    i.lv_obj_get_disp   lv_obj.o
    0x6000fa60   0x6000fa60   0x0000000a   Code   RO         6566    i.lv_obj_get_drag   lv_obj.o
    0x6000fa6a   0x6000fa6a   0x0000000a   Code   RO         6567    i.lv_obj_get_drag_dir  lv_obj.o
    0x6000fa74   0x6000fa74   0x0000000a   Code   RO         6568    i.lv_obj_get_drag_parent  lv_obj.o
    0x6000fa7e   0x6000fa7e   0x0000000a   Code   RO         6569    i.lv_obj_get_drag_throw  lv_obj.o
    0x6000fa88   0x6000fa88   0x00000004   Code   RO         6571    i.lv_obj_get_ext_attr  lv_obj.o
    0x6000fa8c   0x6000fa8c   0x00000004   Code   RO         6577    i.lv_obj_get_group  lv_obj.o
    0x6000fa90   0x6000fa90   0x0000000c   Code   RO         6578    i.lv_obj_get_height  lv_obj.o
    0x6000fa9c   0x6000fa9c   0x0000000a   Code   RO         6580    i.lv_obj_get_hidden  lv_obj.o
    0x6000faa6   0x6000faa6   0x00000002   PAD
    0x6000faa8   0x6000faa8   0x0000001c   Code   RO         6582    i.lv_obj_get_opa_scale  lv_obj.o
    0x6000fac4   0x6000fac4   0x00000004   Code   RO         6584    i.lv_obj_get_parent  lv_obj.o
    0x6000fac8   0x6000fac8   0x0000000c   Code   RO         6587    i.lv_obj_get_screen  lv_obj.o
    0x6000fad4   0x6000fad4   0x00000004   Code   RO         6588    i.lv_obj_get_signal_cb  lv_obj.o
    0x6000fad8   0x6000fad8   0x0000005c   Code   RO         6589    i.lv_obj_get_style  lv_obj.o
    0x6000fb34   0x6000fb34   0x0000000c   Code   RO         6592    i.lv_obj_get_width  lv_obj.o
    0x6000fb40   0x6000fb40   0x0000000c   Code   RO         6594    i.lv_obj_get_x      lv_obj.o
    0x6000fb4c   0x6000fb4c   0x0000000c   Code   RO         6595    i.lv_obj_get_y      lv_obj.o
    0x6000fb58   0x6000fb58   0x000000a4   Code   RO         6596    i.lv_obj_invalidate  lv_obj.o
    0x6000fbfc   0x6000fbfc   0x00000018   Code   RO         6597    i.lv_obj_is_focused  lv_obj.o
    0x6000fc14   0x6000fc14   0x0000000c   Code   RO         6598    i.lv_obj_is_protected  lv_obj.o
    0x6000fc20   0x6000fc20   0x00000038   Code   RO         6600    i.lv_obj_move_foreground  lv_obj.o
    0x6000fc58   0x6000fc58   0x00000026   Code   RO         6601    i.lv_obj_realign    lv_obj.o
    0x6000fc7e   0x6000fc7e   0x0000001c   Code   RO         6602    i.lv_obj_refresh_ext_draw_pad  lv_obj.o
    0x6000fc9a   0x6000fc9a   0x0000001c   Code   RO         6603    i.lv_obj_refresh_style  lv_obj.o
    0x6000fcb6   0x6000fcb6   0x0000000e   Code   RO         6606    i.lv_obj_set_click  lv_obj.o
    0x6000fcc4   0x6000fcc4   0x00000004   Code   RO         6607    i.lv_obj_set_design_cb  lv_obj.o
    0x6000fcc8   0x6000fcc8   0x00000004   Code   RO         6612    i.lv_obj_set_event_cb  lv_obj.o
    0x6000fccc   0x6000fccc   0x00000016   Code   RO         6614    i.lv_obj_set_height  lv_obj.o
    0x6000fce2   0x6000fce2   0x00000082   Code   RO         6620    i.lv_obj_set_pos    lv_obj.o
    0x6000fd64   0x6000fd64   0x0000000c   Code   RO         6621    i.lv_obj_set_protect  lv_obj.o
    0x6000fd70   0x6000fd70   0x00000004   Code   RO         6622    i.lv_obj_set_signal_cb  lv_obj.o
    0x6000fd74   0x6000fd74   0x00000080   Code   RO         6623    i.lv_obj_set_size   lv_obj.o
    0x6000fdf4   0x6000fdf4   0x00000014   Code   RO         6624    i.lv_obj_set_style  lv_obj.o
    0x6000fe08   0x6000fe08   0x00000018   Code   RO         6626    i.lv_obj_set_width  lv_obj.o
    0x6000fe20   0x6000fe20   0x00000018   Code   RO         6627    i.lv_obj_set_x      lv_obj.o
    0x6000fe38   0x6000fe38   0x00000016   Code   RO         6628    i.lv_obj_set_y      lv_obj.o
    0x6000fe4e   0x6000fe4e   0x00000002   PAD
    0x6000fe50   0x6000fe50   0x0000005c   Code   RO         6629    i.lv_obj_signal     lv_obj.o
    0x6000feac   0x6000feac   0x00000058   Code   RO        15148    i.lv_port_disp_init  lv_port_disp.o
    0x6000ff04   0x6000ff04   0x00000034   Code   RO        15435    i.lv_port_indev_init  lv_port_indev.o
    0x6000ff38   0x6000ff38   0x00000128   Code   RO         7151    i.lv_refr_area      lv_refr.o
    0x60010060   0x60010060   0x00000068   Code   RO         7152    i.lv_refr_area_part  lv_refr.o
    0x600100c8   0x600100c8   0x0000004c   Code   RO         7153    i.lv_refr_areas     lv_refr.o
    0x60010114   0x60010114   0x0000000c   Code   RO         7154    i.lv_refr_get_disp_refreshing  lv_refr.o
    0x60010120   0x60010120   0x00000064   Code   RO         7155    i.lv_refr_get_top_obj  lv_refr.o
    0x60010184   0x60010184   0x00000002   Code   RO         7156    i.lv_refr_init      lv_refr.o
    0x60010186   0x60010186   0x00000002   PAD
    0x60010188   0x60010188   0x000000c4   Code   RO         7157    i.lv_refr_join_area  lv_refr.o
    0x6001024c   0x6001024c   0x000000d4   Code   RO         7159    i.lv_refr_obj       lv_refr.o
    0x60010320   0x60010320   0x0000004c   Code   RO         7160    i.lv_refr_obj_and_children  lv_refr.o
    0x6001036c   0x6001036c   0x00000050   Code   RO         7162    i.lv_refr_vdb_flush  lv_refr.o
    0x600103bc   0x600103bc   0x00000006   Code   RO         7250    i.lv_style_copy     lv_style.o
    0x600103c2   0x600103c2   0x00000002   PAD
    0x600103c4   0x600103c4   0x00000518   Code   RO         7251    i.lv_style_init     lv_style.o
    0x600108dc   0x600108dc   0x0000001c   Code   RO         9400    i.lv_task_core_init  lv_task.o
    0x600108f8   0x600108f8   0x00000028   Code   RO         9401    i.lv_task_create    lv_task.o
    0x60010920   0x60010920   0x0000007c   Code   RO         9402    i.lv_task_create_basic  lv_task.o
    0x6001099c   0x6001099c   0x00000030   Code   RO         9403    i.lv_task_del       lv_task.o
    0x600109cc   0x600109cc   0x00000044   Code   RO         9405    i.lv_task_exec      lv_task.o
    0x60010a10   0x60010a10   0x000000d4   Code   RO         9407    i.lv_task_handler   lv_task.o
    0x60010ae4   0x60010ae4   0x00000012   Code   RO         9409    i.lv_task_ready     lv_task.o
    0x60010af6   0x60010af6   0x00000002   PAD
    0x60010af8   0x60010af8   0x00000058   Code   RO         9413    i.lv_task_set_prio  lv_task.o
    0x60010b50   0x60010b50   0x00000014   Code   RO        14098    i.lv_theme_get_current  lv_theme.o
    0x60010b64   0x60010b64   0x0000000c   Code   RO         8834    i.lv_tick_elaps     lv_hal_tick.o
    0x60010b70   0x60010b70   0x00000014   Code   RO         8835    i.lv_tick_get       lv_hal_tick.o
    0x60010b84   0x60010b84   0x00000014   Code   RO         8836    i.lv_tick_inc       lv_hal_tick.o
    0x60010b98   0x60010b98   0x000000f8   Code   RO         9498    i.lv_txt_get_next_line  lv_txt.o
    0x60010c90   0x60010c90   0x000000b0   Code   RO         9499    i.lv_txt_get_size   lv_txt.o
    0x60010d40   0x60010d40   0x00000088   Code   RO         9500    i.lv_txt_get_width  lv_txt.o
    0x60010dc8   0x60010dc8   0x0000003a   Code   RO         9502    i.lv_txt_is_cmd     lv_txt.o
    0x60010e02   0x60010e02   0x00000002   PAD
    0x60010e04   0x60010e04   0x0000002c   Code   RO         9505    i.lv_txt_utf8_get_byte_id  lv_txt.o
    0x60010e30   0x60010e30   0x00000028   Code   RO         9506    i.lv_txt_utf8_get_char_id  lv_txt.o
    0x60010e58   0x60010e58   0x00000028   Code   RO         9507    i.lv_txt_utf8_get_length  lv_txt.o
    0x60010e80   0x60010e80   0x00000098   Code   RO         9508    i.lv_txt_utf8_next  lv_txt.o
    0x60010f18   0x60010f18   0x00000048   Code   RO         9509    i.lv_txt_utf8_prev  lv_txt.o
    0x60010f60   0x60010f60   0x0000002e   Code   RO         9510    i.lv_txt_utf8_size  lv_txt.o
    0x60010f8e   0x60010f8e   0x00000002   PAD
    0x60010f90   0x60010f90   0x0000004c   Code   RO         9596    i.lv_utils_bsearch  lv_utils.o
    0x60010fdc   0x60010fdc   0x0000000a   Code   RO         4511    i.main              main.o
    0x60010fe6   0x60010fe6   0x0000000e   Code   RO         4941    i.main_thread_entry  components.o
    0x60010ff4   0x60010ff4   0x00000046   Code   RO        15519    i.mks_lvgl_label_set  lv_draw_lvgl.o
    0x6001103a   0x6001103a   0x00000022   Code   RO         9225    i.node_set_next     lv_ll.o
    0x6001105c   0x6001105c   0x00000020   Code   RO         9226    i.node_set_prev     lv_ll.o
    0x6001107c   0x6001107c   0x0000002a   Code   RO         6103    i.obj_to_foreground  lv_group.o
    0x600110a6   0x600110a6   0x00000002   PAD
    0x600110a8   0x600110a8   0x0000005c   Code   RO         2223    i.pit_timer_config  pit.o
    0x60011104   0x60011104   0x00000054   Code   RO         5421    i.plug_holes        mem.o
    0x60011158   0x60011158   0x00000134   Code   RO         5249    i.print_number      kservice.o
    0x6001128c   0x6001128c   0x00000078   Code   RO         4408    i.pwm_gpio_config   pwm.o
    0x60011304   0x60011304   0x00000032   Code   RO         4083    i.rbCanRead         ringbuffer.o
    0x60011336   0x60011336   0x0000001c   Code   RO         4084    i.rbCanWrite        ringbuffer.o
    0x60011352   0x60011352   0x0000000c   Code   RO         4085    i.rbCapacity        ringbuffer.o
    0x6001135e   0x6001135e   0x00000012   Code   RO         4086    i.rbCreate          ringbuffer.o
    0x60011370   0x60011370   0x0000008e   Code   RO         4089    i.rbWrite           ringbuffer.o
    0x600113fe   0x600113fe   0x00000046   Code   RO        11482    i.refr_img          lv_imgbtn.o
    0x60011444   0x60011444   0x00000044   Code   RO         6631    i.refresh_children_position  lv_obj.o
    0x60011488   0x60011488   0x00000034   Code   RO         6632    i.refresh_children_style  lv_obj.o
    0x600114bc   0x600114bc   0x0000002c   Code   RO         4942    i.rt_application_init  components.o
    0x600114e8   0x600114e8   0x0000001c   Code   RO         4943    i.rt_components_board_init  components.o
    0x60011504   0x60011504   0x0000001c   Code   RO         4944    i.rt_components_init  components.o
    0x60011520   0x60011520   0x0000001c   Code   RO         5559    i.rt_enter_critical  scheduler.o
    0x6001153c   0x6001153c   0x00000038   Code   RO         5560    i.rt_exit_critical  scheduler.o
    0x60011574   0x60011574   0x000000c4   Code   RO         5423    i.rt_free           mem.o
    0x60011638   0x60011638   0x00000008   Code   RO         4840    i.rt_heap_begin_get  rtboard.o
    0x60011640   0x60011640   0x00000008   Code   RO         4841    i.rt_heap_end_get   rtboard.o
    0x60011648   0x60011648   0x000000bc   Code   RO         4842    i.rt_hw_board_init  rtboard.o
    0x60011704   0x60011704   0x00000002   Code   RO         5252    i.rt_hw_console_output  kservice.o
    0x60011706   0x60011706   0x00000002   PAD
    0x60011708   0x60011708   0x00000210   Code   RO         5915    i.rt_hw_hard_fault_exception  cpuport.o
    0x60011918   0x60011918   0x00000038   Code   RO         5916    i.rt_hw_stack_init  cpuport.o
    0x60011950   0x60011950   0x0000001c   Code   RO         5220    i.rt_interrupt_enter  irq.o
    0x6001196c   0x6001196c   0x0000001c   Code   RO         5222    i.rt_interrupt_leave  irq.o
    0x60011988   0x60011988   0x0000000e   Code   RO         5053    i.rt_ipc_list_resume  ipc.o
    0x60011996   0x60011996   0x00000002   PAD
    0x60011998   0x60011998   0x00000052   Code   RO         5055    i.rt_ipc_list_suspend  ipc.o
    0x600119ea   0x600119ea   0x00000002   PAD
    0x600119ec   0x600119ec   0x00000020   Code   RO         5253    i.rt_kprintf        kservice.o
    0x60011a0c   0x60011a0c   0x0000000e   Code   RO         5483    i.rt_list_insert_after  object.o
    0x60011a1a   0x60011a1a   0x0000000e   Code   RO         5627    i.rt_list_insert_after  thread.o
    0x60011a28   0x60011a28   0x0000000e   Code   RO         5748    i.rt_list_insert_after  timer.o
    0x60011a36   0x60011a36   0x0000000e   Code   RO         5056    i.rt_list_insert_before  ipc.o
    0x60011a44   0x60011a44   0x00000012   Code   RO         5484    i.rt_list_remove    object.o
    0x60011a56   0x60011a56   0x00000012   Code   RO         5628    i.rt_list_remove    thread.o
    0x60011a68   0x60011a68   0x000000f0   Code   RO         5424    i.rt_malloc         mem.o
    0x60011b58   0x60011b58   0x00000042   Code   RO         5259    i.rt_memset         kservice.o
    0x60011b9a   0x60011b9a   0x00000054   Code   RO         5485    i.rt_object_allocate  object.o
    0x60011bee   0x60011bee   0x00000028   Code   RO         5486    i.rt_object_delete  object.o
    0x60011c16   0x60011c16   0x00000022   Code   RO         5487    i.rt_object_detach  object.o
    0x60011c38   0x60011c38   0x00000024   Code   RO         5489    i.rt_object_get_information  object.o
    0x60011c5c   0x60011c5c   0x00000052   Code   RO         5491    i.rt_object_init    object.o
    0x60011cae   0x60011cae   0x00000010   Code   RO         5492    i.rt_object_is_systemobject  object.o
    0x60011cbe   0x60011cbe   0x00000002   PAD
    0x60011cc0   0x60011cc0   0x00000058   Code   RO         5561    i.rt_schedule       scheduler.o
    0x60011d18   0x60011d18   0x00000050   Code   RO         5562    i.rt_schedule_insert_thread  scheduler.o
    0x60011d68   0x60011d68   0x00000048   Code   RO         5563    i.rt_schedule_remove_thread  scheduler.o
    0x60011db0   0x60011db0   0x00000026   Code   RO         5076    i.rt_sem_init       ipc.o
    0x60011dd6   0x60011dd6   0x00000034   Code   RO         5077    i.rt_sem_release    ipc.o
    0x60011e0a   0x60011e0a   0x00000070   Code   RO         5078    i.rt_sem_take       ipc.o
    0x60011e7a   0x60011e7a   0x00000002   PAD
    0x60011e7c   0x60011e7c   0x000000b0   Code   RO         5261    i.rt_show_version   kservice.o
    0x60011f2c   0x60011f2c   0x00000010   Code   RO         5267    i.rt_strlen         kservice.o
    0x60011f3c   0x60011f3c   0x00000026   Code   RO         5269    i.rt_strncpy        kservice.o
    0x60011f62   0x60011f62   0x00000002   PAD
    0x60011f64   0x60011f64   0x000000b0   Code   RO         5427    i.rt_system_heap_init  mem.o
    0x60012014   0x60012014   0x00000034   Code   RO         5564    i.rt_system_scheduler_init  scheduler.o
    0x60012048   0x60012048   0x00000028   Code   RO         5565    i.rt_system_scheduler_start  scheduler.o
    0x60012070   0x60012070   0x0000000c   Code   RO         5749    i.rt_system_timer_init  timer.o
    0x6001207c   0x6001207c   0x00000002   Code   RO         5750    i.rt_system_timer_thread_init  timer.o
    0x6001207e   0x6001207e   0x00000048   Code   RO         5630    i.rt_thread_create  thread.o
    0x600120c6   0x600120c6   0x00000004   Code   RO         5631    i.rt_thread_delay   thread.o
    0x600120ca   0x600120ca   0x00000002   PAD
    0x600120cc   0x600120cc   0x00000058   Code   RO         5634    i.rt_thread_exit    thread.o
    0x60012124   0x60012124   0x00000006   Code   RO         5014    i.rt_thread_idle_entry  idle.o
    0x6001212a   0x6001212a   0x00000002   PAD
    0x6001212c   0x6001212c   0x00000078   Code   RO         5015    i.rt_thread_idle_excute  idle.o
    0x600121a4   0x600121a4   0x00000038   Code   RO         5017    i.rt_thread_idle_init  idle.o
    0x600121dc   0x600121dc   0x00000030   Code   RO         5636    i.rt_thread_init    thread.o
    0x6001220c   0x6001220c   0x0000003c   Code   RO         5638    i.rt_thread_resume  thread.o
    0x60012248   0x60012248   0x0000000c   Code   RO         5639    i.rt_thread_self    thread.o
    0x60012254   0x60012254   0x00000040   Code   RO         5640    i.rt_thread_sleep   thread.o
    0x60012294   0x60012294   0x0000002c   Code   RO         5641    i.rt_thread_startup  thread.o
    0x600122c0   0x600122c0   0x00000042   Code   RO         5642    i.rt_thread_suspend  thread.o
    0x60012302   0x60012302   0x0000001e   Code   RO         5643    i.rt_thread_timeout  thread.o
    0x60012320   0x60012320   0x00000060   Code   RO         5644    i.rt_thread_yield   thread.o
    0x60012380   0x60012380   0x0000000c   Code   RO         4904    i.rt_tick_get       clock.o
    0x6001238c   0x6001238c   0x0000002c   Code   RO         4905    i.rt_tick_increase  clock.o
    0x600123b8   0x600123b8   0x0000006c   Code   RO         5751    i.rt_timer_check    timer.o
    0x60012424   0x60012424   0x00000036   Code   RO         5752    i.rt_timer_control  timer.o
    0x6001245a   0x6001245a   0x00000020   Code   RO         5755    i.rt_timer_detach   timer.o
    0x6001247a   0x6001247a   0x00000028   Code   RO         5756    i.rt_timer_init     timer.o
    0x600124a2   0x600124a2   0x00000002   PAD
    0x600124a4   0x600124a4   0x00000094   Code   RO         5758    i.rt_timer_start    timer.o
    0x60012538   0x60012538   0x00000034   Code   RO         5759    i.rt_timer_stop     timer.o
    0x6001256c   0x6001256c   0x0000027c   Code   RO         5272    i.rt_vsnprintf      kservice.o
    0x600127e8   0x600127e8   0x00000004   Code   RO         4945    i.rti_board_end     components.o
    0x600127ec   0x600127ec   0x00000004   Code   RO         4946    i.rti_board_start   components.o
    0x600127f0   0x600127f0   0x00000004   Code   RO         4947    i.rti_end           components.o
    0x600127f4   0x600127f4   0x00000004   Code   RO         4948    i.rti_start         components.o
    0x600127f8   0x600127f8   0x0000002a   Code   RO         4949    i.rtthread_startup  components.o
    0x60012822   0x60012822   0x00000028   Code   RO         5274    i.skip_atoi         kservice.o
    0x6001284a   0x6001284a   0x0000006a   Code   RO        16426    i.sqrt              m_wv.l(sqrt.o)
    0x600128b4   0x600128b4   0x0000013a   Code   RO         7494    i.sw_color_fill     lv_draw_basic.o
    0x600129ee   0x600129ee   0x00000002   PAD
    0x600129f0   0x600129f0   0x00000040   Code   RO        15436    i.touchpad_read     lv_port_indev.o
    0x60012a30   0x60012a30   0x00000008   Code   RO         8111    i.unicode_list_compare  lv_font_fmt_txt.o
    0x60012a38   0x60012a38   0x0000002c   Code   RO         3722    i.userInit          gizwits_product.o
    0x60012a64   0x60012a64   0x00000010   Data   RO          119    .constdata          fsl_clock.o
    0x60012a74   0x60012a74   0x00000024   Data   RO          414    .constdata          fsl_gpio.o
    0x60012a98   0x60012a98   0x00000048   Data   RO          492    .constdata          fsl_lpuart.o
    0x60012ae0   0x60012ae0   0x00000008   Data   RO          734    .constdata          fsl_pit.o
    0x60012ae8   0x60012ae8   0x00000028   Data   RO          821    .constdata          fsl_lpi2c.o
    0x60012b10   0x60012b10   0x00000008   Data   RO         1171    .constdata          fsl_elcdif.o
    0x60012b18   0x60012b18   0x00000014   Data   RO         1331    .constdata          fsl_gpt.o
    0x60012b2c   0x60012b2c   0x0000001e   Data   RO         1535    .constdata          fsl_qtmr.o
    0x60012b4a   0x60012b4a   0x00000002   PAD
    0x60012b4c   0x60012b4c   0x00000010   Data   RO         2134    .constdata          clock_config.o
    0x60012b5c   0x60012b5c   0x00000028   Data   RO         2883    .constdata          bsp_lcd.o
    0x60012b84   0x60012b84   0x00003570   Data   RO         3074    .constdata          fonts.o
    0x600160f4   0x600160f4   0x00000003   Data   RO         3461    .constdata          bsp_i2c_touch.o
    0x600160f7   0x600160f7   0x00000001   PAD
    0x600160f8   0x600160f8   0x00000298   Data   RO         3571    .constdata          bsp_touch_gtxx.o
    0x60016390   0x60016390   0x00000122   Data   RO         5276    .constdata          kservice.o
    0x600164b2   0x600164b2   0x00000002   PAD
    0x600164b4   0x600164b4   0x00000016   Data   RO         7256    .constdata          lv_style.o
    0x600164ca   0x600164ca   0x00000001   Data   RO         7326    .constdata          lv_draw.o
    0x600164cb   0x600164cb   0x00000002   Data   RO         7327    .constdata          lv_draw.o
    0x600164cd   0x600164cd   0x00000003   Data   RO         7328    .constdata          lv_draw.o
    0x600164d0   0x600164d0   0x00000004   Data   RO         7329    .constdata          lv_draw.o
    0x600164d4   0x600164d4   0x00000005   Data   RO         7330    .constdata          lv_draw.o
    0x600164d9   0x600164d9   0x00000006   Data   RO         7331    .constdata          lv_draw.o
    0x600164df   0x600164df   0x00000007   Data   RO         7332    .constdata          lv_draw.o
    0x600164e6   0x600164e6   0x00000008   Data   RO         7333    .constdata          lv_draw.o
    0x600164ee   0x600164ee   0x00000011   Data   RO         7771    .constdata          lv_draw_rect.o
    0x600164ff   0x600164ff   0x00002392   Data   RO         8403    .constdata          lv_font_roboto_16.o
    0x60018891   0x60018891   0x00000003   PAD
    0x60018894   0x60018894   0x00000028   Data   RO         8404    .constdata          lv_font_roboto_16.o
    0x600188bc   0x600188bc   0x00000002   Data   RO         8574    .constdata          lv_hal_disp.o
    0x600188be   0x600188be   0x00000002   PAD
    0x600188c0   0x600188c0   0x00000006   Data   RO        15622    .constdata          lv_draw_temp.o
    0x600188c6   0x600188c6   0x000bb800   Data   RO        15658    .constdata          background.o
    0x600d40c6   0x600d40c6   0x00000002   PAD
    0x600d40c8   0x600d40c8   0x0000000c   Data   RO        15659    .constdata          background.o
    0x600d40d4   0x600d40d4   0x00007416   Data   RO        15668    .constdata          curtain.o
    0x600db4ea   0x600db4ea   0x00000002   PAD
    0x600db4ec   0x600db4ec   0x0000000c   Data   RO        15669    .constdata          curtain.o
    0x600db4f8   0x600db4f8   0x00000088   Data   RO        16413    .constdata          m_wv.l(pow.o)
    0x600db580   0x600db580   0x00000008   Data   RO        16788    .constdata          m_wv.l(qnan.o)
    0x600db588   0x600db588   0x000000a1   Data   RO         3588    .conststring        bsp_touch_gtxx.o
    0x600db629   0x600db629   0x00000003   PAD
    0x600db62c   0x600db62c   0x00000004   Data   RO         4950    .rti_fn.0           components.o
    0x600db630   0x600db630   0x00000004   Data   RO         4951    .rti_fn.0.end       components.o
    0x600db634   0x600db634   0x00000004   Data   RO         4952    .rti_fn.1.end       components.o
    0x600db638   0x600db638   0x00000004   Data   RO         4953    .rti_fn.6.end       components.o
    0x600db63c   0x600db63c   0x00000030   Data   RO        16856    Region$$Table       anon$$obj.o


    Execution Region RW_m_data (Exec base: 0x80000000, Load base: 0x600db66c, Size: 0x000452fc, Max: 0x01df5c00, ABSOLUTE, COMPRESSED[0x0000077c])

    Exec Addr    Load Addr    Size         Type   Attr      Idx    E Section Name        Object

    0x80000000   COMPRESSED   0x00000004   Data   RW            9    .data               system_mimxrt1052.o
    0x80000004   COMPRESSED   0x00000004   Data   RW          120    .data               fsl_clock.o
    0x80000008   COMPRESSED   0x00000004   Data   RW          121    .data               fsl_clock.o
    0x8000000c   COMPRESSED   0x00000004   Data   RW          493    .data               fsl_lpuart.o
    0x80000010   COMPRESSED   0x00000008   Data   RW          822    .data               fsl_lpi2c.o
    0x80000018   COMPRESSED   0x00000028   Data   RW         1172    .data               fsl_elcdif.o
    0x80000040   COMPRESSED   0x00000004   Data   RW         1802    .data               fsl_debug_console.o
    0x80000044   COMPRESSED   0x00000008   Data   RW         2025    .data               fsl_io.o
    0x8000004c   COMPRESSED   0x00000001   Data   RW         2884    .data               bsp_lcd.o
    0x8000004d   COMPRESSED   0x00000003   PAD
    0x80000050   COMPRESSED   0x0000000c   Data   RW         2887    .data               bsp_lcd.o
    0x8000005c   COMPRESSED   0x00000008   Data   RW         3077    .data               fonts.o
    0x80000064   COMPRESSED   0x00000002   Data   RW         3462    .data               bsp_i2c_touch.o
    0x80000066   COMPRESSED   0x00000002   PAD
    0x80000068   COMPRESSED   0x00000114   Data   RW         3589    .data               bsp_touch_gtxx.o
    0x8000017c   COMPRESSED   0x0000000a   Data   RW         3724    .data               gizwits_product.o
    0x80000186   COMPRESSED   0x00000002   PAD
    0x80000188   COMPRESSED   0x00000008   Data   RW         4611    .data               app.o
    0x80000190   COMPRESSED   0x00000004   Data   RW         4907    .data               clock.o
    0x80000194   COMPRESSED   0x00000001   Data   RW         5223    .data               irq.o
    0x80000195   COMPRESSED   0x00000003   PAD
    0x80000198   COMPRESSED   0x00000018   Data   RW         5429    .data               mem.o
    0x800001b0   COMPRESSED   0x00000050   Data   RW         5494    .data               object.o
    0x80000200   COMPRESSED   0x00000014   Data   RW         5567    .data               scheduler.o
    0x80000214   COMPRESSED   0x0000000c   Data   RW         5760    .data               timer.o
    0x80000220   COMPRESSED   0x00000004   Data   RW         5917    .data               cpuport.o
    0x80000224   COMPRESSED   0x00000004   Data   RW         5918    .data               cpuport.o
    0x80000228   COMPRESSED   0x00000004   Data   RW         5919    .data               cpuport.o
    0x8000022c   COMPRESSED   0x00000004   Data   RW         5920    .data               cpuport.o
    0x80000230   COMPRESSED   0x00000008   Data   RW         6384    .data               lv_indev.o
    0x80000238   COMPRESSED   0x0000000c   Data   RW         6634    .data               lv_obj.o
    0x80000244   COMPRESSED   0x00000008   Data   RW         7163    .data               lv_refr.o
    0x8000024c   COMPRESSED   0x00000024   Data   RW         7334    .data               lv_draw.o
    0x80000270   COMPRESSED   0x00000002   Data   RW         7890    .data               lv_img_cache.o
    0x80000272   COMPRESSED   0x00000002   PAD
    0x80000274   COMPRESSED   0x00000490   Data   RW         8405    .data               lv_font_roboto_16.o
    0x80000704   COMPRESSED   0x00000064   Data   RW         8406    .data               lv_font_roboto_16.o
    0x80000768   COMPRESSED   0x00000092   Data   RW         8407    .data               lv_font_roboto_16.o
    0x800007fa   COMPRESSED   0x00000092   Data   RW         8408    .data               lv_font_roboto_16.o
    0x8000088c   COMPRESSED   0x00000578   Data   RW         8409    .data               lv_font_roboto_16.o
    0x80000e04   COMPRESSED   0x00000010   Data   RW         8410    .data               lv_font_roboto_16.o
    0x80000e14   COMPRESSED   0x0000001c   Data   RW         8411    .data               lv_font_roboto_16.o
    0x80000e30   COMPRESSED   0x00000010   Data   RW         8412    .data               lv_font_roboto_16.o
    0x80000e40   COMPRESSED   0x00000004   Data   RW         8575    .data               lv_hal_disp.o
    0x80000e44   COMPRESSED   0x00000008   Data   RW         8837    .data               lv_hal_tick.o
    0x80000e4c   COMPRESSED   0x00000008   Data   RW         8881    .data               lv_anim.o
    0x80000e54   COMPRESSED   0x00000004   Data   RW         9183    .data               lv_gc.o
    0x80000e58   COMPRESSED   0x00000004   Data   RW         9184    .data               lv_gc.o
    0x80000e5c   COMPRESSED   0x00000004   Data   RW         9185    .data               lv_gc.o
    0x80000e60   COMPRESSED   0x00000008   Data   RW         9349    .data               lv_mem.o
    0x80000e68   COMPRESSED   0x00000014   Data   RW         9414    .data               lv_task.o
    0x80000e7c   COMPRESSED   0x00000010   Data   RW         9511    .data               lv_txt.o
    0x80000e8c   COMPRESSED   0x00000004   Data   RW         9514    .data               lv_txt.o
    0x80000e90   COMPRESSED   0x00000004   Data   RW         9515    .data               lv_txt.o
    0x80000e94   COMPRESSED   0x00000008   Data   RW         9957    .data               lv_btn.o
    0x80000e9c   COMPRESSED   0x00000004   Data   RW        10971    .data               lv_cont.o
    0x80000ea0   COMPRESSED   0x00000004   Data   RW        11399    .data               lv_img.o
    0x80000ea4   COMPRESSED   0x00000008   Data   RW        11483    .data               lv_imgbtn.o
    0x80000eac   COMPRESSED   0x00000004   Data   RW        11656    .data               lv_label.o
    0x80000eb0   COMPRESSED   0x00000001   Data   RW        14101    .data               lv_theme.o
    0x80000eb1   COMPRESSED   0x00000003   PAD
    0x80000eb4   COMPRESSED   0x00000008   Data   RW        15437    .data               lv_port_indev.o
    0x80000ebc   COMPRESSED   0x00000008   Data   RW        15477    .data               lv_draw_home.o
    0x80000ec4   COMPRESSED   0x00000004   Data   RW        15521    .data               lv_draw_lvgl.o
    0x80000ec8   COMPRESSED   0x0000001c   Data   RW        15623    .data               lv_draw_temp.o
    0x80000ee4   COMPRESSED   0x00000004   Data   RW        16809    .data               mc_w.l(mvars.o)
    0x80000ee8   COMPRESSED   0x00000004   Data   RW        16810    .data               mc_w.l(mvars.o)
    0x80000eec   COMPRESSED   0x00000004   Data   RW        16814    .data               mc_w.l(errno.o)
    0x80000ef0        -       0x00000024   Zero   RW          491    .bss                fsl_lpuart.o
    0x80000f14        -       0x00000020   Zero   RW          820    .bss                fsl_lpi2c.o
    0x80000f34        -       0x00000038   Zero   RW         3460    .bss                bsp_i2c_touch.o
    0x80000f6c        -       0x0000003c   Zero   RW         3723    .bss                gizwits_product.o
    0x80000fa8        -       0x000001ba   Zero   RW         3824    .bss                gizwits_protocol.o
    0x80001162   COMPRESSED   0x00000002   PAD
    0x80001164        -       0x00032000   Zero   RW         4843    .bss                rtboard.o
    0x80033164   COMPRESSED   0x00000004   PAD
    0x80033168        -       0x000001a8   Zero   RW         5018    .bss                idle.o
    0x80033310        -       0x00000080   Zero   RW         5275    .bss                kservice.o
    0x80033390        -       0x00000038   Zero   RW         5428    .bss                mem.o
    0x800333c8        -       0x00000100   Zero   RW         5566    .bss                scheduler.o
    0x800334c8        -       0x0000030c   Zero   RW         7255    .bss                lv_style.o
    0x800337d4        -       0x0000000c   Zero   RW         9175    .bss                lv_gc.o
    0x800337e0        -       0x0000000c   Zero   RW         9176    .bss                lv_gc.o
    0x800337ec        -       0x0000000c   Zero   RW         9177    .bss                lv_gc.o
    0x800337f8        -       0x0000000c   Zero   RW         9180    .bss                lv_gc.o
    0x80033804        -       0x0000000c   Zero   RW         9181    .bss                lv_gc.o
    0x80033810        -       0x0000000c   Zero   RW         9182    .bss                lv_gc.o
    0x8003381c        -       0x00010000   Zero   RW         9348    .bss                lv_mem.o
    0x8004381c        -       0x00001a88   Zero   RW        14100    .bss                lv_theme.o
    0x800452a4        -       0x0000001c   Zero   RW        15149    .bss                lv_port_disp.o
    0x800452c0        -       0x0000003c   Zero   RW        15621    .bss                lv_draw_temp.o


    Execution Region ARM_LIB_HEAP (Exec base: 0x800452fc, Load base: 0x600dbde8, Size: 0x00000400, Max: 0x00000400, ABSOLUTE)

    Exec Addr    Load Addr    Size         Type   Attr      Idx    E Section Name        Object

    0x800452fc        -       0x00000400   Zero   RW            1    ARM_LIB_HEAP.bss    anon$$obj.o


    Execution Region ARM_LIB_STACK (Exec base: 0x81df6000, Load base: 0x600dbde8, Size: 0x0000a000, Max: 0x0000a000, ABSOLUTE)

    Exec Addr    Load Addr    Size         Type   Attr      Idx    E Section Name        Object

    0x81df6000        -       0x0000a000   Zero   RW            2    ARM_LIB_STACK.bss   anon$$obj.o


    Execution Region RW_m_ncache (Exec base: 0x81e00000, Load base: 0x600dbde8, Size: 0x00177000, Max: 0x00200000, ABSOLUTE)

    Exec Addr    Load Addr    Size         Type   Attr      Idx    E Section Name        Object

    0x81e00000        -       0x00177000   Zero   RW         2888    NonCacheable        bsp_lcd.o


==============================================================================

Image component sizes


      Code (inc. data)   RO Data    RW Data    ZI Data      Debug   Object Name

       132         54          0          8          0       1333   app.o
         0          0     768012          0          0        532   background.o
       580         78          0          0          0      50841   board.o
       804        146          3          2         56      56537   bsp_i2c_touch.o
       916         70         40         13    1536000      24365   bsp_lcd.o
      2046        606        825        276          0      13216   bsp_touch_gtxx.o
       274         26          0          0          0       4347   bsp_uart.o
        56         12          0          4          0       1253   clock.o
       880        160         16          0          0      13031   clock_config.o
       182         28         16          0          0       6042   components.o
       308         26          0          0          0        840   context_rvds.o
       584        340          0         16          0       4158   cpuport.o
         0          0      29730          0          0        514   curtain.o
        48          8          0          0          0      69949   dht11.o
       112         10          0          0          0      35843   exit.o
         0          0       1072          0          0        555   fire_imxrt1052_sdram_ini_dcd.o
         0          0        512          0          0       5778   fire_imxrt1052_spiflash_config.o
         0          0      13680          8          0       1313   fonts.o
      1160        130         16          8          0    1375643   fsl_clock.o
       122          4          0          4          0       4860   fsl_debug_console.o
       312         28          8         40          0       7355   fsl_elcdif.o
         0          0         48          0          0       2142   fsl_flexspi_nor_boot.o
       276         16         36          0          0      15527   fsl_gpio.o
       286         18         20          0          0       6538   fsl_gpt.o
       124         10          0          8          0       6952   fsl_io.o
        66          0          0          0          0       3292   fsl_log.o
      1654         78         40          8         32      23795   fsl_lpi2c.o
      1074        126         72          4         36      65838   fsl_lpuart.o
       132         16          8          0          0       3711   fsl_pit.o
       328         18         30          0          0       7116   fsl_qtmr.o
      1796          0          0          0          0       6354   fsl_str.o
        60         10          0         10         60      10036   gizwits_product.o
       200        114          0          0        442       4261   gizwits_protocol.o
       164         26          0          0          0       4803   gpt.o
         0          0          0          0          0       6652   i2c.o
       202         24          0          0        424       5610   idle.o
       312          0          0          0          0       7181   ipc.o
        56         12          0          1          0       1622   irq.o
       132         20          0          0          0      38801   key.o
      1382        156        290          0        128      10947   kservice.o
       200         12          0          0          0       3967   led.o
       194         38          0          0          0       3601   lpi2c.o
       564         48          0          8          0      16357   lv_anim.o
         0          0          0          0          0      21318   lv_arc.o
       368          0          0          0          0       6345   lv_area.o
         0          0          0          0          0       1415   lv_bar.o
       924         64          0          8          0      15472   lv_btn.o
         0          0          0          0          0       3586   lv_calendar.o
        84          0          0          0          0       2089   lv_circ.o
      2452         26          0          4          0      23907   lv_cont.o
        48          0          0          0          0      20524   lv_disp.o
       144         22         36         36          0      18283   lv_draw.o
      2064         24          0          0          0      26421   lv_draw_basic.o
       102         22          0          8          0       2229   lv_draw_home.o
       582         40          0          0          0      14484   lv_draw_img.o
      1160         20          0          0          0      13994   lv_draw_label.o
       144          0          0          4          0       3133   lv_draw_lvgl.o
      8238          4         17          0          0      28113   lv_draw_rect.o
       332         82          6         28         60       2658   lv_draw_temp.o
        36          0          0          0          0       3405   lv_font.o
       612         14          0          0          0       8561   lv_font_fmt_txt.o
         0          0          0          0          0       1728   lv_font_roboto_12.o
         0          0       9146       3020          0       1968   lv_font_roboto_16.o
         0          0          0         12         72       7834   lv_gc.o
       892         20          0          0          0      32826   lv_group.o
       474         42          2          4          0      28901   lv_hal_disp.o
       196         12          0          0          0      22774   lv_hal_indev.o
        52         10          0          8          0       2248   lv_hal_tick.o
       982         32          0          4          0       6420   lv_img.o
       436         32          0          2          0       3582   lv_img_cache.o
      1422         60          0          0          0      12530   lv_img_decoder.o
       432         32          0          8          0       7549   lv_imgbtn.o
      3778         60          0          8          0      26469   lv_indev.o
      3088        102          0          4          0      29130   lv_label.o
       710          0          0          0          0       9856   lv_ll.o
       422         32          0          8      65536       5666   lv_mem.o
      3572         98          0         12          0      50801   lv_obj.o
       100         20          0          0         28      28922   lv_port_disp.o
       116         22          0          8          0       2210   lv_port_indev.o
      1602         50          0          8          0      10091   lv_refr.o
      1342         12         22          0        780       8206   lv_style.o
       626         54          0         20          0       6512   lv_task.o
        20          8          0          1       6792      25297   lv_theme.o
      1012         40          0         24          0      11999   lv_txt.o
        76          0          0          0          0        931   lv_utils.o
       552        378          0          0          0       1442   main.o
       696        176          0         24         56       4032   mem.o
       324          6          0         80          0       8576   object.o
       104         14          0          0          0      70185   pin_mux.o
        92         18          0          0          0      12482   pit.o
        56         14          0          0          0       1483   pump.o
       296         28          0          0          0       5116   pwm.o
       250          0          0          0          0       3761   ringbuffer.o
       228         52          0          0     204800      37786   rtboard.o
       416         56          0         20        256       8262   scheduler.o
       444        210       1024          0          0       3092   startup_mimxrt1052.o
       212         18          0          0          0       2235   step.o
       250         26          0          4          0    1390331   system_mimxrt1052.o
        92          6          0          0          0       1294   systick.o
       732         42          0          0          0      12148   thread.o
       508         12          0         12          0      10448   timer.o
       292         32          0          0          0      10186   uart.o

    ----------------------------------------------------------------------
     62012       4612     824792       3812    1857548    4076654   Object Totals
         0          0         48          0      41984          0   (incl. Generated)
       110          0         17         15          6          0   (incl. Padding)

    ----------------------------------------------------------------------

      Code (inc. data)   RO Data    RW Data    ZI Data      Debug   Library Member Name

       110         60          0          0          0        580   dunder.o
        24          0          0          0          0        124   fabs.o
        48          0          0          0          0        124   fpclassify.o
       192          6          0          0          0        176   modf.o
       112          0          0          0          0        116   poly.o
      2296        304        136          0          0        320   pow.o
         0          0          8          0          0          0   qnan.o
       106          0          0          0          0        140   sqrt.o
        86          0          0          0          0          0   __dczerorl2.o
         0          0          0          0          0          0   entry.o
         0          0          0          0          0          0   entry10a.o
         0          0          0          0          0          0   entry11a.o
         8          4          0          0          0          0   entry4.o
         4          0          0          0          0          0   entry5.o
         0          0          0          0          0          0   entry7b.o
         0          0          0          0          0          0   entry8b.o
         8          4          0          0          0          0   entry9a.o
        12          6          0          4          0         68   errno.o
        30          0          0          0          0          0   handlers.o
        36          8          0          0          0         68   init.o
         0          0          0          0          0          0   iusefp.o
        98          0          0          0          0         84   ldiv.o
        30          0          0          0          0         68   llshl.o
        32          0          0          0          0         68   llushr.o
       188         20          0          0          0        160   malloc2.o
        64          0          0          0          0         76   memmovea.o
        36          0          0          0          0        108   memseta.o
         0          0          0          8          0          0   mvars.o
      1154         54          0          0          0        352   printf8.o
        18          0          0          0          0         68   strcpy.o
        14          0          0          0          0         68   strlen.o
        98          0          0          0          0         92   uldiv.o
       186          0          0          0          0        176   depilogue.o
        74          0          0          0          0         80   dfixl.o
        40          0          0          0          0         80   dfltl.o
        46          0          0          0          0         80   dscalb.o

    ----------------------------------------------------------------------
      5160        470        144         12          0       3276   Library Totals
        10          4          0          0          0          0   (incl. Padding)

    ----------------------------------------------------------------------

      Code (inc. data)   RO Data    RW Data    ZI Data      Debug   Library Name

      2888        370        144          0          0       1580   m_wv.l
      1916         96          0         12          0       1280   mc_w.l
       346          0          0          0          0        416   mf_w.l

    ----------------------------------------------------------------------
      5160        470        144         12          0       3276   Library Totals

    ----------------------------------------------------------------------

==============================================================================


      Code (inc. data)   RO Data    RW Data    ZI Data      Debug   

     67172       5082     824936       3824    1857548    4023782   Grand Totals
     67172       5082     824936       1916    1857548    4023782   ELF Image Totals (compressed)
     67172       5082     824936       1916          0          0   ROM Totals

==============================================================================

    Total RO  Size (Code + RO Data)               892108 ( 871.20kB)
    Total RW  Size (RW Data + ZI Data)           1861372 (1817.75kB)
    Total ROM Size (Code + RO Data + RW Data)     894024 ( 873.07kB)

==============================================================================

