<!doctype html public "-//w3c//dtd html 4.0 transitional//en">
<html><head>
<title>Static Call Graph - [.\Objects\RT1052_emwin.axf]</title></head>
<body><HR>
<H1>Static Call Graph for image .\Objects\RT1052_emwin.axf</H1><HR>
<BR><P>#&#060CALLGRAPH&#062# ARM Linker, 5060750: Last Updated: Sun May 02 17:32:57 2021
<BR><P>
<H3>Maximum Stack Usage =       1168 bytes + Unknown(Cycles, Untraceable Function Pointers)</H3><H3>
Call chain for Maximum Stack Depth:</H3>
gui_lvgl_init &rArr; lv_port_indev_init &rArr; touchpad_init &rArr; GTP_Init_Panel &rArr; GTP_Read_Version &rArr; GTP_I2C_Read &rArr; I2C_Transfer &rArr; I2C_WriteBytes &rArr; LPI2C_MasterTransferNonBlocking &rArr; __aeabi_assert &rArr; DbgConsole_Printf &rArr; StrFormatPrintf &rArr; ConvertFloatRadixNumToString &rArr; __hardfp_pow &rArr; sqrt
<P>
<H3>
Mutually Recursive functions
</H3> <LI><a href="#[b]">NMI_Handler</a>&nbsp;&nbsp;&nbsp;&rArr;&nbsp;&nbsp;&nbsp;<a href="#[b]">NMI_Handler</a><BR>
 <LI><a href="#[e]">BusFault_Handler</a>&nbsp;&nbsp;&nbsp;&rArr;&nbsp;&nbsp;&nbsp;<a href="#[e]">BusFault_Handler</a><BR>
 <LI><a href="#[f]">UsageFault_Handler</a>&nbsp;&nbsp;&nbsp;&rArr;&nbsp;&nbsp;&nbsp;<a href="#[f]">UsageFault_Handler</a><BR>
 <LI><a href="#[10]">SVC_Handler</a>&nbsp;&nbsp;&nbsp;&rArr;&nbsp;&nbsp;&nbsp;<a href="#[10]">SVC_Handler</a><BR>
 <LI><a href="#[11]">DebugMon_Handler</a>&nbsp;&nbsp;&nbsp;&rArr;&nbsp;&nbsp;&nbsp;<a href="#[11]">DebugMon_Handler</a><BR>
 <LI><a href="#[18c]">LOG_Push</a>&nbsp;&nbsp;&nbsp;&rArr;&nbsp;&nbsp;&nbsp;<a href="#[14e]">__aeabi_assert</a><BR>
 <LI><a href="#[1c4]">LPUART_WriteBlocking</a>&nbsp;&nbsp;&nbsp;&rArr;&nbsp;&nbsp;&nbsp;<a href="#[14e]">__aeabi_assert</a><BR>
 <LI><a href="#[1c5]">LPUART_ReadBlocking</a>&nbsp;&nbsp;&nbsp;&rArr;&nbsp;&nbsp;&nbsp;<a href="#[14e]">__aeabi_assert</a><BR>
 <LI><a href="#[24a]">rbWrite</a>&nbsp;&nbsp;&nbsp;&rArr;&nbsp;&nbsp;&nbsp;<a href="#[24a]">rbWrite</a><BR>
 <LI><a href="#[34c]">refresh_children_style</a>&nbsp;&nbsp;&nbsp;&rArr;&nbsp;&nbsp;&nbsp;<a href="#[34c]">refresh_children_style</a><BR>
 <LI><a href="#[34b]">refresh_children_position</a>&nbsp;&nbsp;&nbsp;&rArr;&nbsp;&nbsp;&nbsp;<a href="#[34b]">refresh_children_position</a><BR>
 <LI><a href="#[2fd]">lv_event_send_func</a>&nbsp;&nbsp;&nbsp;&rArr;&nbsp;&nbsp;&nbsp;<a href="#[227]">lv_event_send</a><BR>
 <LI><a href="#[355]">lv_refr_obj</a>&nbsp;&nbsp;&nbsp;&rArr;&nbsp;&nbsp;&nbsp;<a href="#[355]">lv_refr_obj</a><BR>
 <LI><a href="#[351]">lv_refr_get_top_obj</a>&nbsp;&nbsp;&nbsp;&rArr;&nbsp;&nbsp;&nbsp;<a href="#[351]">lv_refr_get_top_obj</a><BR>
 <LI><a href="#[273]">indev_search_obj</a>&nbsp;&nbsp;&nbsp;&rArr;&nbsp;&nbsp;&nbsp;<a href="#[273]">indev_search_obj</a><BR>
 <LI><a href="#[224]">delete_children</a>&nbsp;&nbsp;&nbsp;&rArr;&nbsp;&nbsp;&nbsp;<a href="#[224]">delete_children</a><BR>
</UL>
<P>
<H3>
Function Pointers
</H3><UL>
 <LI><a href="#[8f]">ACMP1_IRQHandler</a> from startup_mimxrt1052.o(.text) referenced from startup_mimxrt1052.o(RESET)
 <LI><a href="#[90]">ACMP2_IRQHandler</a> from startup_mimxrt1052.o(.text) referenced from startup_mimxrt1052.o(RESET)
 <LI><a href="#[91]">ACMP3_IRQHandler</a> from startup_mimxrt1052.o(.text) referenced from startup_mimxrt1052.o(RESET)
 <LI><a href="#[92]">ACMP4_IRQHandler</a> from startup_mimxrt1052.o(.text) referenced from startup_mimxrt1052.o(RESET)
 <LI><a href="#[57]">ADC1_IRQHandler</a> from startup_mimxrt1052.o(.text) referenced from startup_mimxrt1052.o(RESET)
 <LI><a href="#[58]">ADC2_IRQHandler</a> from startup_mimxrt1052.o(.text) referenced from startup_mimxrt1052.o(RESET)
 <LI><a href="#[8d]">ADC_ETC_ERROR_IRQ_IRQHandler</a> from startup_mimxrt1052.o(.text) referenced from startup_mimxrt1052.o(RESET)
 <LI><a href="#[8a]">ADC_ETC_IRQ0_IRQHandler</a> from startup_mimxrt1052.o(.text) referenced from startup_mimxrt1052.o(RESET)
 <LI><a href="#[8b]">ADC_ETC_IRQ1_IRQHandler</a> from startup_mimxrt1052.o(.text) referenced from startup_mimxrt1052.o(RESET)
 <LI><a href="#[8c]">ADC_ETC_IRQ2_IRQHandler</a> from startup_mimxrt1052.o(.text) referenced from startup_mimxrt1052.o(RESET)
 <LI><a href="#[51]">ANATOP_EVENT0_IRQHandler</a> from startup_mimxrt1052.o(.text) referenced from startup_mimxrt1052.o(RESET)
 <LI><a href="#[52]">ANATOP_EVENT1_IRQHandler</a> from startup_mimxrt1052.o(.text) referenced from startup_mimxrt1052.o(RESET)
 <LI><a href="#[53]">ANATOP_TAMP_LOW_HIGH_IRQHandler</a> from startup_mimxrt1052.o(.text) referenced from startup_mimxrt1052.o(RESET)
 <LI><a href="#[54]">ANATOP_TEMP_PANIC_IRQHandler</a> from startup_mimxrt1052.o(.text) referenced from startup_mimxrt1052.o(RESET)
 <LI><a href="#[4b]">BEE_IRQHandler</a> from startup_mimxrt1052.o(.text) referenced from startup_mimxrt1052.o(RESET)
 <LI><a href="#[e]">BusFault_Handler</a> from startup_mimxrt1052.o(.text) referenced from startup_mimxrt1052.o(RESET)
 <LI><a href="#[d9]">CAN1_DriverIRQHandler</a> from startup_mimxrt1052.o(.text) referenced from startup_mimxrt1052.o(.text)
 <LI><a href="#[38]">CAN1_IRQHandler</a> from startup_mimxrt1052.o(.text) referenced from startup_mimxrt1052.o(RESET)
 <LI><a href="#[da]">CAN2_DriverIRQHandler</a> from startup_mimxrt1052.o(.text) referenced from startup_mimxrt1052.o(.text)
 <LI><a href="#[39]">CAN2_IRQHandler</a> from startup_mimxrt1052.o(.text) referenced from startup_mimxrt1052.o(RESET)
 <LI><a href="#[73]">CCM_1_IRQHandler</a> from startup_mimxrt1052.o(.text) referenced from startup_mimxrt1052.o(RESET)
 <LI><a href="#[74]">CCM_2_IRQHandler</a> from startup_mimxrt1052.o(.text) referenced from startup_mimxrt1052.o(RESET)
 <LI><a href="#[27]">CORE_IRQHandler</a> from startup_mimxrt1052.o(.text) referenced from startup_mimxrt1052.o(RESET)
 <LI><a href="#[3f]">CSI_IRQHandler</a> from startup_mimxrt1052.o(.text) referenced from startup_mimxrt1052.o(RESET)
 <LI><a href="#[45]">CSU_IRQHandler</a> from startup_mimxrt1052.o(.text) referenced from startup_mimxrt1052.o(RESET)
 <LI><a href="#[25]">CTI0_ERROR_IRQHandler</a> from startup_mimxrt1052.o(.text) referenced from startup_mimxrt1052.o(RESET)
 <LI><a href="#[26]">CTI1_ERROR_IRQHandler</a> from startup_mimxrt1052.o(.text) referenced from startup_mimxrt1052.o(RESET)
 <LI><a href="#[59]">DCDC_IRQHandler</a> from startup_mimxrt1052.o(.text) referenced from startup_mimxrt1052.o(RESET)
 <LI><a href="#[46]">DCP_IRQHandler</a> from startup_mimxrt1052.o(.text) referenced from startup_mimxrt1052.o(RESET)
 <LI><a href="#[47]">DCP_VMI_IRQHandler</a> from startup_mimxrt1052.o(.text) referenced from startup_mimxrt1052.o(RESET)
 <LI><a href="#[b8]">DMA0_DMA16_DriverIRQHandler</a> from startup_mimxrt1052.o(.text) referenced from startup_mimxrt1052.o(.text)
 <LI><a href="#[14]">DMA0_DMA16_IRQHandler</a> from startup_mimxrt1052.o(.text) referenced from startup_mimxrt1052.o(RESET)
 <LI><a href="#[c2]">DMA10_DMA26_DriverIRQHandler</a> from startup_mimxrt1052.o(.text) referenced from startup_mimxrt1052.o(.text)
 <LI><a href="#[1e]">DMA10_DMA26_IRQHandler</a> from startup_mimxrt1052.o(.text) referenced from startup_mimxrt1052.o(RESET)
 <LI><a href="#[c3]">DMA11_DMA27_DriverIRQHandler</a> from startup_mimxrt1052.o(.text) referenced from startup_mimxrt1052.o(.text)
 <LI><a href="#[1f]">DMA11_DMA27_IRQHandler</a> from startup_mimxrt1052.o(.text) referenced from startup_mimxrt1052.o(RESET)
 <LI><a href="#[c4]">DMA12_DMA28_DriverIRQHandler</a> from startup_mimxrt1052.o(.text) referenced from startup_mimxrt1052.o(.text)
 <LI><a href="#[20]">DMA12_DMA28_IRQHandler</a> from startup_mimxrt1052.o(.text) referenced from startup_mimxrt1052.o(RESET)
 <LI><a href="#[c5]">DMA13_DMA29_DriverIRQHandler</a> from startup_mimxrt1052.o(.text) referenced from startup_mimxrt1052.o(.text)
 <LI><a href="#[21]">DMA13_DMA29_IRQHandler</a> from startup_mimxrt1052.o(.text) referenced from startup_mimxrt1052.o(RESET)
 <LI><a href="#[c6]">DMA14_DMA30_DriverIRQHandler</a> from startup_mimxrt1052.o(.text) referenced from startup_mimxrt1052.o(.text)
 <LI><a href="#[22]">DMA14_DMA30_IRQHandler</a> from startup_mimxrt1052.o(.text) referenced from startup_mimxrt1052.o(RESET)
 <LI><a href="#[c7]">DMA15_DMA31_DriverIRQHandler</a> from startup_mimxrt1052.o(.text) referenced from startup_mimxrt1052.o(.text)
 <LI><a href="#[23]">DMA15_DMA31_IRQHandler</a> from startup_mimxrt1052.o(.text) referenced from startup_mimxrt1052.o(RESET)
 <LI><a href="#[b9]">DMA1_DMA17_DriverIRQHandler</a> from startup_mimxrt1052.o(.text) referenced from startup_mimxrt1052.o(.text)
 <LI><a href="#[15]">DMA1_DMA17_IRQHandler</a> from startup_mimxrt1052.o(.text) referenced from startup_mimxrt1052.o(RESET)
 <LI><a href="#[ba]">DMA2_DMA18_DriverIRQHandler</a> from startup_mimxrt1052.o(.text) referenced from startup_mimxrt1052.o(.text)
 <LI><a href="#[16]">DMA2_DMA18_IRQHandler</a> from startup_mimxrt1052.o(.text) referenced from startup_mimxrt1052.o(RESET)
 <LI><a href="#[bb]">DMA3_DMA19_DriverIRQHandler</a> from startup_mimxrt1052.o(.text) referenced from startup_mimxrt1052.o(.text)
 <LI><a href="#[17]">DMA3_DMA19_IRQHandler</a> from startup_mimxrt1052.o(.text) referenced from startup_mimxrt1052.o(RESET)
 <LI><a href="#[bc]">DMA4_DMA20_DriverIRQHandler</a> from startup_mimxrt1052.o(.text) referenced from startup_mimxrt1052.o(.text)
 <LI><a href="#[18]">DMA4_DMA20_IRQHandler</a> from startup_mimxrt1052.o(.text) referenced from startup_mimxrt1052.o(RESET)
 <LI><a href="#[bd]">DMA5_DMA21_DriverIRQHandler</a> from startup_mimxrt1052.o(.text) referenced from startup_mimxrt1052.o(.text)
 <LI><a href="#[19]">DMA5_DMA21_IRQHandler</a> from startup_mimxrt1052.o(.text) referenced from startup_mimxrt1052.o(RESET)
 <LI><a href="#[be]">DMA6_DMA22_DriverIRQHandler</a> from startup_mimxrt1052.o(.text) referenced from startup_mimxrt1052.o(.text)
 <LI><a href="#[1a]">DMA6_DMA22_IRQHandler</a> from startup_mimxrt1052.o(.text) referenced from startup_mimxrt1052.o(RESET)
 <LI><a href="#[bf]">DMA7_DMA23_DriverIRQHandler</a> from startup_mimxrt1052.o(.text) referenced from startup_mimxrt1052.o(.text)
 <LI><a href="#[1b]">DMA7_DMA23_IRQHandler</a> from startup_mimxrt1052.o(.text) referenced from startup_mimxrt1052.o(RESET)
 <LI><a href="#[c0]">DMA8_DMA24_DriverIRQHandler</a> from startup_mimxrt1052.o(.text) referenced from startup_mimxrt1052.o(.text)
 <LI><a href="#[1c]">DMA8_DMA24_IRQHandler</a> from startup_mimxrt1052.o(.text) referenced from startup_mimxrt1052.o(RESET)
 <LI><a href="#[c1]">DMA9_DMA25_DriverIRQHandler</a> from startup_mimxrt1052.o(.text) referenced from startup_mimxrt1052.o(.text)
 <LI><a href="#[1d]">DMA9_DMA25_IRQHandler</a> from startup_mimxrt1052.o(.text) referenced from startup_mimxrt1052.o(RESET)
 <LI><a href="#[c8]">DMA_ERROR_DriverIRQHandler</a> from startup_mimxrt1052.o(.text) referenced from startup_mimxrt1052.o(.text)
 <LI><a href="#[24]">DMA_ERROR_IRQHandler</a> from startup_mimxrt1052.o(.text) referenced from startup_mimxrt1052.o(RESET)
 <LI><a href="#[e7]">DbgConsole_RelocateLog</a> from fsl_debug_console.o(i.DbgConsole_RelocateLog) referenced from fsl_debug_console.o(i.DbgConsole_Printf)
 <LI><a href="#[11]">DebugMon_Handler</a> from startup_mimxrt1052.o(.text) referenced from startup_mimxrt1052.o(RESET)
 <LI><a href="#[b4]">DefaultISR</a> from startup_mimxrt1052.o(.text) referenced from startup_mimxrt1052.o(.text)
 <LI><a href="#[b4]">DefaultISR</a> from startup_mimxrt1052.o(.text) referenced 79 times from startup_mimxrt1052.o(RESET)
 <LI><a href="#[95]">ENC1_IRQHandler</a> from startup_mimxrt1052.o(.text) referenced from startup_mimxrt1052.o(RESET)
 <LI><a href="#[96]">ENC2_IRQHandler</a> from startup_mimxrt1052.o(.text) referenced from startup_mimxrt1052.o(RESET)
 <LI><a href="#[97]">ENC3_IRQHandler</a> from startup_mimxrt1052.o(.text) referenced from startup_mimxrt1052.o(RESET)
 <LI><a href="#[98]">ENC4_IRQHandler</a> from startup_mimxrt1052.o(.text) referenced from startup_mimxrt1052.o(RESET)
 <LI><a href="#[e6]">ENET_1588_Timer_DriverIRQHandler</a> from startup_mimxrt1052.o(.text) referenced from startup_mimxrt1052.o(.text)
 <LI><a href="#[87]">ENET_1588_Timer_IRQHandler</a> from startup_mimxrt1052.o(.text) referenced from startup_mimxrt1052.o(RESET)
 <LI><a href="#[e5]">ENET_DriverIRQHandler</a> from startup_mimxrt1052.o(.text) referenced from startup_mimxrt1052.o(.text)
 <LI><a href="#[86]">ENET_IRQHandler</a> from startup_mimxrt1052.o(.text) referenced from startup_mimxrt1052.o(RESET)
 <LI><a href="#[72]">EWM_IRQHandler</a> from startup_mimxrt1052.o(.text) referenced from startup_mimxrt1052.o(RESET)
 <LI><a href="#[e0]">FLEXIO1_DriverIRQHandler</a> from startup_mimxrt1052.o(.text) referenced from startup_mimxrt1052.o(.text)
 <LI><a href="#[6e]">FLEXIO1_IRQHandler</a> from startup_mimxrt1052.o(.text) referenced from startup_mimxrt1052.o(RESET)
 <LI><a href="#[e1]">FLEXIO2_DriverIRQHandler</a> from startup_mimxrt1052.o(.text) referenced from startup_mimxrt1052.o(.text)
 <LI><a href="#[6f]">FLEXIO2_IRQHandler</a> from startup_mimxrt1052.o(.text) referenced from startup_mimxrt1052.o(RESET)
 <LI><a href="#[3a]">FLEXRAM_IRQHandler</a> from startup_mimxrt1052.o(.text) referenced from startup_mimxrt1052.o(RESET)
 <LI><a href="#[e2]">FLEXSPI_DriverIRQHandler</a> from startup_mimxrt1052.o(.text) referenced from startup_mimxrt1052.o(.text)
 <LI><a href="#[80]">FLEXSPI_IRQHandler</a> from startup_mimxrt1052.o(.text) referenced from startup_mimxrt1052.o(RESET)
 <LI><a href="#[75]">GPC_IRQHandler</a> from startup_mimxrt1052.o(.text) referenced from startup_mimxrt1052.o(RESET)
 <LI><a href="#[64]">GPIO1_Combined_0_15_IRQHandler</a> from bsp_i2c_touch.o(i.GPIO1_Combined_0_15_IRQHandler) referenced from startup_mimxrt1052.o(RESET)
 <LI><a href="#[65]">GPIO1_Combined_16_31_IRQHandler</a> from startup_mimxrt1052.o(.text) referenced from startup_mimxrt1052.o(RESET)
 <LI><a href="#[5c]">GPIO1_INT0_IRQHandler</a> from startup_mimxrt1052.o(.text) referenced from startup_mimxrt1052.o(RESET)
 <LI><a href="#[5d]">GPIO1_INT1_IRQHandler</a> from startup_mimxrt1052.o(.text) referenced from startup_mimxrt1052.o(RESET)
 <LI><a href="#[5e]">GPIO1_INT2_IRQHandler</a> from startup_mimxrt1052.o(.text) referenced from startup_mimxrt1052.o(RESET)
 <LI><a href="#[5f]">GPIO1_INT3_IRQHandler</a> from startup_mimxrt1052.o(.text) referenced from startup_mimxrt1052.o(RESET)
 <LI><a href="#[60]">GPIO1_INT4_IRQHandler</a> from startup_mimxrt1052.o(.text) referenced from startup_mimxrt1052.o(RESET)
 <LI><a href="#[61]">GPIO1_INT5_IRQHandler</a> from startup_mimxrt1052.o(.text) referenced from startup_mimxrt1052.o(RESET)
 <LI><a href="#[62]">GPIO1_INT6_IRQHandler</a> from startup_mimxrt1052.o(.text) referenced from startup_mimxrt1052.o(RESET)
 <LI><a href="#[63]">GPIO1_INT7_IRQHandler</a> from startup_mimxrt1052.o(.text) referenced from startup_mimxrt1052.o(RESET)
 <LI><a href="#[66]">GPIO2_Combined_0_15_IRQHandler</a> from startup_mimxrt1052.o(.text) referenced from startup_mimxrt1052.o(RESET)
 <LI><a href="#[67]">GPIO2_Combined_16_31_IRQHandler</a> from startup_mimxrt1052.o(.text) referenced from startup_mimxrt1052.o(RESET)
 <LI><a href="#[68]">GPIO3_Combined_0_15_IRQHandler</a> from startup_mimxrt1052.o(.text) referenced from startup_mimxrt1052.o(RESET)
 <LI><a href="#[69]">GPIO3_Combined_16_31_IRQHandler</a> from startup_mimxrt1052.o(.text) referenced from startup_mimxrt1052.o(RESET)
 <LI><a href="#[6a]">GPIO4_Combined_0_15_IRQHandler</a> from startup_mimxrt1052.o(.text) referenced from startup_mimxrt1052.o(RESET)
 <LI><a href="#[6b]">GPIO4_Combined_16_31_IRQHandler</a> from startup_mimxrt1052.o(.text) referenced from startup_mimxrt1052.o(RESET)
 <LI><a href="#[6c]">GPIO5_Combined_0_15_IRQHandler</a> from startup_mimxrt1052.o(.text) referenced from startup_mimxrt1052.o(RESET)
 <LI><a href="#[6d]">GPIO5_Combined_16_31_IRQHandler</a> from startup_mimxrt1052.o(.text) referenced from startup_mimxrt1052.o(RESET)
 <LI><a href="#[3d]">GPR_IRQ_IRQHandler</a> from startup_mimxrt1052.o(.text) referenced from startup_mimxrt1052.o(RESET)
 <LI><a href="#[78]">GPT1_IRQHandler</a> from startup_mimxrt1052.o(.text) referenced from startup_mimxrt1052.o(RESET)
 <LI><a href="#[79]">GPT2_IRQHandler</a> from gpt.o(i.GPT2_IRQHandler) referenced from startup_mimxrt1052.o(RESET)
 <LI><a href="#[c]">HardFault_Handler</a> from context_rvds.o(.text) referenced from startup_mimxrt1052.o(RESET)
 <LI><a href="#[e8]">I2C_Master_Callback</a> from bsp_i2c_touch.o(i.I2C_Master_Callback) referenced from bsp_i2c_touch.o(i.GTP_I2C_ModeInit)
 <LI><a href="#[3b]">KPP_IRQHandler</a> from startup_mimxrt1052.o(.text) referenced from startup_mimxrt1052.o(RESET)
 <LI><a href="#[3e]">LCDIF_IRQHandler</a> from startup_mimxrt1052.o(.text) referenced from startup_mimxrt1052.o(RESET)
 <LI><a href="#[d1]">LPI2C1_DriverIRQHandler</a> from fsl_lpi2c.o(i.LPI2C1_DriverIRQHandler) referenced from startup_mimxrt1052.o(.text)
 <LI><a href="#[30]">LPI2C1_IRQHandler</a> from startup_mimxrt1052.o(.text) referenced from startup_mimxrt1052.o(RESET)
 <LI><a href="#[d2]">LPI2C2_DriverIRQHandler</a> from fsl_lpi2c.o(i.LPI2C2_DriverIRQHandler) referenced from startup_mimxrt1052.o(.text)
 <LI><a href="#[31]">LPI2C2_IRQHandler</a> from startup_mimxrt1052.o(.text) referenced from startup_mimxrt1052.o(RESET)
 <LI><a href="#[d3]">LPI2C3_DriverIRQHandler</a> from fsl_lpi2c.o(i.LPI2C3_DriverIRQHandler) referenced from startup_mimxrt1052.o(.text)
 <LI><a href="#[32]">LPI2C3_IRQHandler</a> from startup_mimxrt1052.o(.text) referenced from startup_mimxrt1052.o(RESET)
 <LI><a href="#[d4]">LPI2C4_DriverIRQHandler</a> from startup_mimxrt1052.o(.text) referenced from startup_mimxrt1052.o(.text)
 <LI><a href="#[33]">LPI2C4_IRQHandler</a> from startup_mimxrt1052.o(.text) referenced from startup_mimxrt1052.o(RESET)
 <LI><a href="#[e9]">LPI2C_MasterTransferHandleIRQ</a> from fsl_lpi2c.o(i.LPI2C_MasterTransferHandleIRQ) referenced from fsl_lpi2c.o(i.LPI2C_MasterTransferCreateHandle)
 <LI><a href="#[d5]">LPSPI1_DriverIRQHandler</a> from startup_mimxrt1052.o(.text) referenced from startup_mimxrt1052.o(.text)
 <LI><a href="#[34]">LPSPI1_IRQHandler</a> from startup_mimxrt1052.o(.text) referenced from startup_mimxrt1052.o(RESET)
 <LI><a href="#[d6]">LPSPI2_DriverIRQHandler</a> from startup_mimxrt1052.o(.text) referenced from startup_mimxrt1052.o(.text)
 <LI><a href="#[35]">LPSPI2_IRQHandler</a> from startup_mimxrt1052.o(.text) referenced from startup_mimxrt1052.o(RESET)
 <LI><a href="#[d7]">LPSPI3_DriverIRQHandler</a> from startup_mimxrt1052.o(.text) referenced from startup_mimxrt1052.o(.text)
 <LI><a href="#[36]">LPSPI3_IRQHandler</a> from startup_mimxrt1052.o(.text) referenced from startup_mimxrt1052.o(RESET)
 <LI><a href="#[d8]">LPSPI4_DriverIRQHandler</a> from startup_mimxrt1052.o(.text) referenced from startup_mimxrt1052.o(.text)
 <LI><a href="#[37]">LPSPI4_IRQHandler</a> from startup_mimxrt1052.o(.text) referenced from startup_mimxrt1052.o(RESET)
 <LI><a href="#[c9]">LPUART1_DriverIRQHandler</a> from fsl_lpuart.o(i.LPUART1_DriverIRQHandler) referenced from startup_mimxrt1052.o(.text)
 <LI><a href="#[28]">LPUART1_IRQHandler</a> from uart.o(i.LPUART1_IRQHandler) referenced from startup_mimxrt1052.o(RESET)
 <LI><a href="#[ca]">LPUART2_DriverIRQHandler</a> from fsl_lpuart.o(i.LPUART2_DriverIRQHandler) referenced from startup_mimxrt1052.o(.text)
 <LI><a href="#[29]">LPUART2_IRQHandler</a> from startup_mimxrt1052.o(.text) referenced from startup_mimxrt1052.o(RESET)
 <LI><a href="#[cb]">LPUART3_DriverIRQHandler</a> from fsl_lpuart.o(i.LPUART3_DriverIRQHandler) referenced from startup_mimxrt1052.o(.text)
 <LI><a href="#[2a]">LPUART3_IRQHandler</a> from bsp_uart.o(i.LPUART3_IRQHandler) referenced from startup_mimxrt1052.o(RESET)
 <LI><a href="#[cc]">LPUART4_DriverIRQHandler</a> from fsl_lpuart.o(i.LPUART4_DriverIRQHandler) referenced from startup_mimxrt1052.o(.text)
 <LI><a href="#[2b]">LPUART4_IRQHandler</a> from startup_mimxrt1052.o(.text) referenced from startup_mimxrt1052.o(RESET)
 <LI><a href="#[cd]">LPUART5_DriverIRQHandler</a> from fsl_lpuart.o(i.LPUART5_DriverIRQHandler) referenced from startup_mimxrt1052.o(.text)
 <LI><a href="#[2c]">LPUART5_IRQHandler</a> from startup_mimxrt1052.o(.text) referenced from startup_mimxrt1052.o(RESET)
 <LI><a href="#[ce]">LPUART6_DriverIRQHandler</a> from fsl_lpuart.o(i.LPUART6_DriverIRQHandler) referenced from startup_mimxrt1052.o(.text)
 <LI><a href="#[2d]">LPUART6_IRQHandler</a> from startup_mimxrt1052.o(.text) referenced from startup_mimxrt1052.o(RESET)
 <LI><a href="#[cf]">LPUART7_DriverIRQHandler</a> from fsl_lpuart.o(i.LPUART7_DriverIRQHandler) referenced from startup_mimxrt1052.o(.text)
 <LI><a href="#[2e]">LPUART7_IRQHandler</a> from startup_mimxrt1052.o(.text) referenced from startup_mimxrt1052.o(RESET)
 <LI><a href="#[d0]">LPUART8_DriverIRQHandler</a> from fsl_lpuart.o(i.LPUART8_DriverIRQHandler) referenced from startup_mimxrt1052.o(.text)
 <LI><a href="#[2f]">LPUART8_IRQHandler</a> from startup_mimxrt1052.o(.text) referenced from startup_mimxrt1052.o(RESET)
 <LI><a href="#[d]">MemManage_Handler</a> from context_rvds.o(.text) referenced from startup_mimxrt1052.o(RESET)
 <LI><a href="#[b]">NMI_Handler</a> from startup_mimxrt1052.o(.text) referenced from startup_mimxrt1052.o(RESET)
 <LI><a href="#[b3]">NMI_WAKEUP_IRQHandler</a> from startup_mimxrt1052.o(.text) referenced from startup_mimxrt1052.o(RESET)
 <LI><a href="#[8e]">PIT_IRQHandler</a> from startup_mimxrt1052.o(.text) referenced from startup_mimxrt1052.o(RESET)
 <LI><a href="#[7a]">PWM1_0_IRQHandler</a> from startup_mimxrt1052.o(.text) referenced from startup_mimxrt1052.o(RESET)
 <LI><a href="#[7b]">PWM1_1_IRQHandler</a> from startup_mimxrt1052.o(.text) referenced from startup_mimxrt1052.o(RESET)
 <LI><a href="#[7c]">PWM1_2_IRQHandler</a> from startup_mimxrt1052.o(.text) referenced from startup_mimxrt1052.o(RESET)
 <LI><a href="#[7d]">PWM1_3_IRQHandler</a> from startup_mimxrt1052.o(.text) referenced from startup_mimxrt1052.o(RESET)
 <LI><a href="#[7e]">PWM1_FAULT_IRQHandler</a> from startup_mimxrt1052.o(.text) referenced from startup_mimxrt1052.o(RESET)
 <LI><a href="#[9d]">PWM2_0_IRQHandler</a> from startup_mimxrt1052.o(.text) referenced from startup_mimxrt1052.o(RESET)
 <LI><a href="#[9e]">PWM2_1_IRQHandler</a> from startup_mimxrt1052.o(.text) referenced from startup_mimxrt1052.o(RESET)
 <LI><a href="#[9f]">PWM2_2_IRQHandler</a> from startup_mimxrt1052.o(.text) referenced from startup_mimxrt1052.o(RESET)
 <LI><a href="#[a0]">PWM2_3_IRQHandler</a> from startup_mimxrt1052.o(.text) referenced from startup_mimxrt1052.o(RESET)
 <LI><a href="#[a1]">PWM2_FAULT_IRQHandler</a> from startup_mimxrt1052.o(.text) referenced from startup_mimxrt1052.o(RESET)
 <LI><a href="#[a2]">PWM3_0_IRQHandler</a> from startup_mimxrt1052.o(.text) referenced from startup_mimxrt1052.o(RESET)
 <LI><a href="#[a3]">PWM3_1_IRQHandler</a> from startup_mimxrt1052.o(.text) referenced from startup_mimxrt1052.o(RESET)
 <LI><a href="#[a4]">PWM3_2_IRQHandler</a> from startup_mimxrt1052.o(.text) referenced from startup_mimxrt1052.o(RESET)
 <LI><a href="#[a5]">PWM3_3_IRQHandler</a> from startup_mimxrt1052.o(.text) referenced from startup_mimxrt1052.o(RESET)
 <LI><a href="#[a6]">PWM3_FAULT_IRQHandler</a> from startup_mimxrt1052.o(.text) referenced from startup_mimxrt1052.o(RESET)
 <LI><a href="#[a7]">PWM4_0_IRQHandler</a> from startup_mimxrt1052.o(.text) referenced from startup_mimxrt1052.o(RESET)
 <LI><a href="#[a8]">PWM4_1_IRQHandler</a> from startup_mimxrt1052.o(.text) referenced from startup_mimxrt1052.o(RESET)
 <LI><a href="#[a9]">PWM4_2_IRQHandler</a> from startup_mimxrt1052.o(.text) referenced from startup_mimxrt1052.o(RESET)
 <LI><a href="#[aa]">PWM4_3_IRQHandler</a> from startup_mimxrt1052.o(.text) referenced from startup_mimxrt1052.o(RESET)
 <LI><a href="#[ab]">PWM4_FAULT_IRQHandler</a> from startup_mimxrt1052.o(.text) referenced from startup_mimxrt1052.o(RESET)
 <LI><a href="#[40]">PXP_IRQHandler</a> from startup_mimxrt1052.o(.text) referenced from startup_mimxrt1052.o(RESET)
 <LI><a href="#[12]">PendSV_Handler</a> from context_rvds.o(.text) referenced from startup_mimxrt1052.o(RESET)
 <LI><a href="#[71]">RTWDOG_IRQHandler</a> from startup_mimxrt1052.o(.text) referenced from startup_mimxrt1052.o(RESET)
 <LI><a href="#[77]">Reserved115_IRQHandler</a> from startup_mimxrt1052.o(.text) referenced from startup_mimxrt1052.o(RESET)
 <LI><a href="#[7f]">Reserved123_IRQHandler</a> from startup_mimxrt1052.o(.text) referenced from startup_mimxrt1052.o(RESET)
 <LI><a href="#[93]">Reserved143_IRQHandler</a> from startup_mimxrt1052.o(.text) referenced from startup_mimxrt1052.o(RESET)
 <LI><a href="#[94]">Reserved144_IRQHandler</a> from startup_mimxrt1052.o(.text) referenced from startup_mimxrt1052.o(RESET)
 <LI><a href="#[ac]">Reserved168_IRQHandler</a> from startup_mimxrt1052.o(.text) referenced from startup_mimxrt1052.o(RESET)
 <LI><a href="#[ad]">Reserved169_IRQHandler</a> from startup_mimxrt1052.o(.text) referenced from startup_mimxrt1052.o(RESET)
 <LI><a href="#[ae]">Reserved170_IRQHandler</a> from startup_mimxrt1052.o(.text) referenced from startup_mimxrt1052.o(RESET)
 <LI><a href="#[af]">Reserved171_IRQHandler</a> from startup_mimxrt1052.o(.text) referenced from startup_mimxrt1052.o(RESET)
 <LI><a href="#[b0]">Reserved172_IRQHandler</a> from startup_mimxrt1052.o(.text) referenced from startup_mimxrt1052.o(RESET)
 <LI><a href="#[b1]">Reserved173_IRQHandler</a> from startup_mimxrt1052.o(.text) referenced from startup_mimxrt1052.o(RESET)
 <LI><a href="#[48]">Reserved68_IRQHandler</a> from startup_mimxrt1052.o(.text) referenced from startup_mimxrt1052.o(RESET)
 <LI><a href="#[5a]">Reserved86_IRQHandler</a> from startup_mimxrt1052.o(.text) referenced from startup_mimxrt1052.o(RESET)
 <LI><a href="#[5b]">Reserved87_IRQHandler</a> from startup_mimxrt1052.o(.text) referenced from startup_mimxrt1052.o(RESET)
 <LI><a href="#[a]">Reset_Handler</a> from startup_mimxrt1052.o(.text) referenced from startup_mimxrt1052.o(RESET)
 <LI><a href="#[db]">SAI1_DriverIRQHandler</a> from startup_mimxrt1052.o(.text) referenced from startup_mimxrt1052.o(.text)
 <LI><a href="#[4c]">SAI1_IRQHandler</a> from startup_mimxrt1052.o(.text) referenced from startup_mimxrt1052.o(RESET)
 <LI><a href="#[dc]">SAI2_DriverIRQHandler</a> from startup_mimxrt1052.o(.text) referenced from startup_mimxrt1052.o(.text)
 <LI><a href="#[4d]">SAI2_IRQHandler</a> from startup_mimxrt1052.o(.text) referenced from startup_mimxrt1052.o(RESET)
 <LI><a href="#[dd]">SAI3_RX_DriverIRQHandler</a> from startup_mimxrt1052.o(.text) referenced from startup_mimxrt1052.o(.text)
 <LI><a href="#[4e]">SAI3_RX_IRQHandler</a> from startup_mimxrt1052.o(.text) referenced from startup_mimxrt1052.o(RESET)
 <LI><a href="#[de]">SAI3_TX_DriverIRQHandler</a> from startup_mimxrt1052.o(.text) referenced from startup_mimxrt1052.o(.text)
 <LI><a href="#[4f]">SAI3_TX_IRQHandler</a> from startup_mimxrt1052.o(.text) referenced from startup_mimxrt1052.o(RESET)
 <LI><a href="#[81]">SEMC_IRQHandler</a> from startup_mimxrt1052.o(.text) referenced from startup_mimxrt1052.o(RESET)
 <LI><a href="#[b2]">SJC_ARM_DEBUG_IRQHandler</a> from startup_mimxrt1052.o(.text) referenced from startup_mimxrt1052.o(RESET)
 <LI><a href="#[4a]">SJC_IRQHandler</a> from startup_mimxrt1052.o(.text) referenced from startup_mimxrt1052.o(RESET)
 <LI><a href="#[42]">SNVS_HP_WRAPPER_IRQHandler</a> from startup_mimxrt1052.o(.text) referenced from startup_mimxrt1052.o(RESET)
 <LI><a href="#[43]">SNVS_HP_WRAPPER_TZ_IRQHandler</a> from startup_mimxrt1052.o(.text) referenced from startup_mimxrt1052.o(RESET)
 <LI><a href="#[44]">SNVS_LP_WRAPPER_IRQHandler</a> from startup_mimxrt1052.o(.text) referenced from startup_mimxrt1052.o(RESET)
 <LI><a href="#[df]">SPDIF_DriverIRQHandler</a> from startup_mimxrt1052.o(.text) referenced from startup_mimxrt1052.o(.text)
 <LI><a href="#[50]">SPDIF_IRQHandler</a> from startup_mimxrt1052.o(.text) referenced from startup_mimxrt1052.o(RESET)
 <LI><a href="#[76]">SRC_IRQHandler</a> from startup_mimxrt1052.o(.text) referenced from startup_mimxrt1052.o(RESET)
 <LI><a href="#[10]">SVC_Handler</a> from startup_mimxrt1052.o(.text) referenced from startup_mimxrt1052.o(RESET)
 <LI><a href="#[13]">SysTick_Handler</a> from rtboard.o(i.SysTick_Handler) referenced from startup_mimxrt1052.o(RESET)
 <LI><a href="#[b6]">SystemInit</a> from system_mimxrt1052.o(i.SystemInit) referenced from startup_mimxrt1052.o(.text)
 <LI><a href="#[99]">TMR1_IRQHandler</a> from startup_mimxrt1052.o(.text) referenced from startup_mimxrt1052.o(RESET)
 <LI><a href="#[9a]">TMR2_IRQHandler</a> from startup_mimxrt1052.o(.text) referenced from startup_mimxrt1052.o(RESET)
 <LI><a href="#[9b]">TMR3_IRQHandler</a> from startup_mimxrt1052.o(.text) referenced from startup_mimxrt1052.o(RESET)
 <LI><a href="#[9c]">TMR4_IRQHandler</a> from startup_mimxrt1052.o(.text) referenced from startup_mimxrt1052.o(RESET)
 <LI><a href="#[49]">TRNG_IRQHandler</a> from startup_mimxrt1052.o(.text) referenced from startup_mimxrt1052.o(RESET)
 <LI><a href="#[3c]">TSC_DIG_IRQHandler</a> from startup_mimxrt1052.o(.text) referenced from startup_mimxrt1052.o(RESET)
 <LI><a href="#[85]">USB_OTG1_IRQHandler</a> from startup_mimxrt1052.o(.text) referenced from startup_mimxrt1052.o(RESET)
 <LI><a href="#[84]">USB_OTG2_IRQHandler</a> from startup_mimxrt1052.o(.text) referenced from startup_mimxrt1052.o(RESET)
 <LI><a href="#[55]">USB_PHY1_IRQHandler</a> from startup_mimxrt1052.o(.text) referenced from startup_mimxrt1052.o(RESET)
 <LI><a href="#[56]">USB_PHY2_IRQHandler</a> from startup_mimxrt1052.o(.text) referenced from startup_mimxrt1052.o(RESET)
 <LI><a href="#[e3]">USDHC1_DriverIRQHandler</a> from startup_mimxrt1052.o(.text) referenced from startup_mimxrt1052.o(.text)
 <LI><a href="#[82]">USDHC1_IRQHandler</a> from startup_mimxrt1052.o(.text) referenced from startup_mimxrt1052.o(RESET)
 <LI><a href="#[e4]">USDHC2_DriverIRQHandler</a> from startup_mimxrt1052.o(.text) referenced from startup_mimxrt1052.o(.text)
 <LI><a href="#[83]">USDHC2_IRQHandler</a> from startup_mimxrt1052.o(.text) referenced from startup_mimxrt1052.o(RESET)
 <LI><a href="#[f]">UsageFault_Handler</a> from startup_mimxrt1052.o(.text) referenced from startup_mimxrt1052.o(RESET)
 <LI><a href="#[70]">WDOG1_IRQHandler</a> from startup_mimxrt1052.o(.text) referenced from startup_mimxrt1052.o(RESET)
 <LI><a href="#[41]">WDOG2_IRQHandler</a> from startup_mimxrt1052.o(.text) referenced from startup_mimxrt1052.o(RESET)
 <LI><a href="#[88]">XBAR1_IRQ_0_1_IRQHandler</a> from startup_mimxrt1052.o(.text) referenced from startup_mimxrt1052.o(RESET)
 <LI><a href="#[89]">XBAR1_IRQ_2_3_IRQHandler</a> from startup_mimxrt1052.o(.text) referenced from startup_mimxrt1052.o(RESET)
 <LI><a href="#[b7]">__main</a> from entry.o(.ARM.Collect$$$$00000000) referenced from startup_mimxrt1052.o(.text)
 <LI><a href="#[ed]">about_back_btn_cb</a> from lv_draw_about.o(i.about_back_btn_cb) referenced from lv_draw_about.o(i.draw_about)
 <LI><a href="#[10e]">anim_task</a> from lv_anim.o(i.anim_task) referenced from lv_anim.o(i.lv_anim_core_init)
 <LI><a href="#[f2]">ctrl_back_btn_cb</a> from lv_draw_ctrl.o(i.ctrl_back_btn_cb) referenced from lv_draw_ctrl.o(i.draw_ctrl)
 <LI><a href="#[103]">ctrl_bar_cb</a> from lv_draw_ctrl.o(i.ctrl_bar_cb) referenced from lv_draw_ctrl.o(i.event_popup_draw)
 <LI><a href="#[102]">ctrl_curtain_back_btn_cb</a> from lv_draw_ctrl.o(i.ctrl_curtain_back_btn_cb) referenced from lv_draw_ctrl.o(i.event_popup_draw)
 <LI><a href="#[f1]">ctrl_curtain_btn_cb</a> from lv_draw_ctrl.o(i.ctrl_curtain_btn_cb) referenced from lv_draw_ctrl.o(i.draw_ctrl)
 <LI><a href="#[101]">ctrl_curtain_off_btn_cb</a> from lv_draw_ctrl.o(i.ctrl_curtain_off_btn_cb) referenced from lv_draw_ctrl.o(i.event_popup_draw)
 <LI><a href="#[100]">ctrl_curtain_on_btn_cb</a> from lv_draw_ctrl.o(i.ctrl_curtain_on_btn_cb) referenced from lv_draw_ctrl.o(i.event_popup_draw)
 <LI><a href="#[106]">ctrl_fan_0_btn_cb</a> from lv_draw_ctrl.o(i.ctrl_fan_0_btn_cb) referenced from lv_draw_ctrl.o(i.event_popup_draw)
 <LI><a href="#[107]">ctrl_fan_1_btn_cb</a> from lv_draw_ctrl.o(i.ctrl_fan_1_btn_cb) referenced from lv_draw_ctrl.o(i.event_popup_draw)
 <LI><a href="#[108]">ctrl_fan_2_btn_cb</a> from lv_draw_ctrl.o(i.ctrl_fan_2_btn_cb) referenced from lv_draw_ctrl.o(i.event_popup_draw)
 <LI><a href="#[109]">ctrl_fan_3_btn_cb</a> from lv_draw_ctrl.o(i.ctrl_fan_3_btn_cb) referenced from lv_draw_ctrl.o(i.event_popup_draw)
 <LI><a href="#[105]">ctrl_fan_back_btn_cb</a> from lv_draw_ctrl.o(i.ctrl_fan_back_btn_cb) referenced from lv_draw_ctrl.o(i.event_popup_draw)
 <LI><a href="#[f0]">ctrl_fan_btn_cb</a> from lv_draw_ctrl.o(i.ctrl_fan_btn_cb) referenced from lv_draw_ctrl.o(i.draw_ctrl)
 <LI><a href="#[104]">ctrl_led_back_btn_cb</a> from lv_draw_ctrl.o(i.ctrl_led_back_btn_cb) referenced from lv_draw_ctrl.o(i.event_popup_draw)
 <LI><a href="#[ef]">ctrl_led_btn_cb</a> from lv_draw_ctrl.o(i.ctrl_led_btn_cb) referenced from lv_draw_ctrl.o(i.draw_ctrl)
 <LI><a href="#[ff]">ctrl_pump_back_btn_cb</a> from lv_draw_ctrl.o(i.ctrl_pump_back_btn_cb) referenced from lv_draw_ctrl.o(i.event_popup_draw)
 <LI><a href="#[ee]">ctrl_pump_btn_cb</a> from lv_draw_ctrl.o(i.ctrl_pump_btn_cb) referenced from lv_draw_ctrl.o(i.draw_ctrl)
 <LI><a href="#[fe]">ctrl_pump_off_btn_cb</a> from lv_draw_ctrl.o(i.ctrl_pump_off_btn_cb) referenced from lv_draw_ctrl.o(i.event_popup_draw)
 <LI><a href="#[fd]">ctrl_pump_on_btn_cb</a> from lv_draw_ctrl.o(i.ctrl_pump_on_btn_cb) referenced from lv_draw_ctrl.o(i.event_popup_draw)
 <LI><a href="#[12b]">disp_flush</a> from lv_port_disp.o(i.disp_flush) referenced from lv_port_disp.o(i.lv_port_disp_init)
 <LI><a href="#[f5]">event_handler_btn_about</a> from lv_draw_home.o(i.event_handler_btn_about) referenced from lv_draw_home.o(i.draw_home)
 <LI><a href="#[f4]">event_handler_btn_ctrl</a> from lv_draw_home.o(i.event_handler_btn_ctrl) referenced from lv_draw_home.o(i.draw_home)
 <LI><a href="#[f3]">event_handler_btn_setting</a> from lv_draw_home.o(i.event_handler_btn_setting) referenced from lv_draw_home.o(i.draw_home)
 <LI><a href="#[ea]">fputc</a> from uart.o(i.fputc) referenced from printfa.o(i.__0printf)
 <LI><a href="#[10d]">gui_lvgl_init</a> from app.o(i.gui_lvgl_init) referenced from app.o(i.gui_lvgl_thread_init)
 <LI><a href="#[10c]">kern_pair_16_compare</a> from lv_font_fmt_txt.o(i.kern_pair_16_compare) referenced from lv_font_fmt_txt.o(i.get_kern_value)
 <LI><a href="#[10b]">kern_pair_8_compare</a> from lv_font_fmt_txt.o(i.kern_pair_8_compare) referenced from lv_font_fmt_txt.o(i.get_kern_value)
 <LI><a href="#[112]">lv_anim_path_linear</a> from lv_anim.o(i.lv_anim_path_linear) referenced from lv_bar.o(i.lv_bar_set_value)
 <LI><a href="#[112]">lv_anim_path_linear</a> from lv_anim.o(i.lv_anim_path_linear) referenced from lv_label.o(i.lv_label_refr_text)
 <LI><a href="#[111]">lv_bar_anim</a> from lv_bar.o(i.lv_bar_anim) referenced from lv_bar.o(i.lv_bar_set_value)
 <LI><a href="#[113]">lv_bar_anim_ready</a> from lv_bar.o(i.lv_bar_anim_ready) referenced from lv_bar.o(i.lv_bar_set_value)
 <LI><a href="#[110]">lv_bar_design</a> from lv_bar.o(i.lv_bar_design) referenced from lv_bar.o(i.lv_bar_create)
 <LI><a href="#[10f]">lv_bar_signal</a> from lv_bar.o(i.lv_bar_signal) referenced from lv_bar.o(i.lv_bar_create)
 <LI><a href="#[115]">lv_btn_design</a> from lv_btn.o(i.lv_btn_design) referenced from lv_btn.o(i.lv_btn_create)
 <LI><a href="#[114]">lv_btn_signal</a> from lv_btn.o(i.lv_btn_signal) referenced from lv_btn.o(i.lv_btn_create)
 <LI><a href="#[116]">lv_cont_signal</a> from lv_cont.o(i.lv_cont_signal) referenced from lv_cont.o(i.lv_cont_create)
 <LI><a href="#[117]">lv_disp_refr_task</a> from lv_refr.o(i.lv_disp_refr_task) referenced from lv_hal_disp.o(i.lv_disp_drv_register)
 <LI><a href="#[1]">lv_font_get_bitmap_fmt_txt</a> from lv_font_fmt_txt.o(i.lv_font_get_bitmap_fmt_txt) referenced 4 times from lv_font_roboto_16.o(.data)
 <LI><a href="#[0]">lv_font_get_glyph_dsc_fmt_txt</a> from lv_font_fmt_txt.o(i.lv_font_get_glyph_dsc_fmt_txt) referenced 4 times from lv_font_roboto_16.o(.data)
 <LI><a href="#[11f]">lv_img_decoder_built_in_close</a> from lv_img_decoder.o(i.lv_img_decoder_built_in_close) referenced from lv_img_decoder.o(i.lv_img_decoder_init)
 <LI><a href="#[11c]">lv_img_decoder_built_in_info</a> from lv_img_decoder.o(i.lv_img_decoder_built_in_info) referenced from lv_img_decoder.o(i.lv_img_decoder_init)
 <LI><a href="#[11d]">lv_img_decoder_built_in_open</a> from lv_img_decoder.o(i.lv_img_decoder_built_in_open) referenced from lv_img_decoder.o(i.lv_img_decoder_init)
 <LI><a href="#[11e]">lv_img_decoder_built_in_read_line</a> from lv_img_decoder.o(i.lv_img_decoder_built_in_read_line) referenced from lv_img_decoder.o(i.lv_img_decoder_init)
 <LI><a href="#[120]">lv_indev_read_task</a> from lv_indev.o(i.lv_indev_read_task) referenced from lv_hal_indev.o(i.lv_indev_drv_register)
 <LI><a href="#[121]">lv_label_design</a> from lv_label.o(i.lv_label_design) referenced from lv_label.o(i.lv_label_create)
 <LI><a href="#[123]">lv_label_set_offset_x</a> from lv_label.o(i.lv_label_set_offset_x) referenced from lv_label.o(i.lv_label_refr_text)
 <LI><a href="#[123]">lv_label_set_offset_x</a> from lv_label.o(i.lv_label_set_offset_x) referenced from lv_label.o(i.lv_label_set_long_mode)
 <LI><a href="#[124]">lv_label_set_offset_y</a> from lv_label.o(i.lv_label_set_offset_y) referenced from lv_label.o(i.lv_label_refr_text)
 <LI><a href="#[124]">lv_label_set_offset_y</a> from lv_label.o(i.lv_label_set_offset_y) referenced from lv_label.o(i.lv_label_set_long_mode)
 <LI><a href="#[122]">lv_label_signal</a> from lv_label.o(i.lv_label_signal) referenced from lv_label.o(i.lv_label_create)
 <LI><a href="#[127]">lv_line_design</a> from lv_line.o(i.lv_line_design) referenced from lv_line.o(i.lv_line_create)
 <LI><a href="#[128]">lv_line_signal</a> from lv_line.o(i.lv_line_signal) referenced from lv_line.o(i.lv_line_create)
 <LI><a href="#[119]">lv_ll_get_head</a> from lv_ll.o(i.lv_ll_get_head) referenced from lv_group.o(i.lv_group_focus_next)
 <LI><a href="#[118]">lv_ll_get_next</a> from lv_ll.o(i.lv_ll_get_next) referenced from lv_group.o(i.lv_group_focus_next)
 <LI><a href="#[11a]">lv_ll_get_prev</a> from lv_ll.o(i.lv_ll_get_prev) referenced from lv_group.o(i.lv_group_focus_prev)
 <LI><a href="#[11b]">lv_ll_get_tail</a> from lv_ll.o(i.lv_ll_get_tail) referenced from lv_group.o(i.lv_group_focus_prev)
 <LI><a href="#[12a]">lv_obj_design</a> from lv_obj.o(i.lv_obj_design) referenced from lv_obj.o(i.lv_obj_create)
 <LI><a href="#[125]">lv_obj_set_x</a> from lv_obj.o(i.lv_obj_set_x) referenced from lv_label.o(i.lv_label_set_long_mode)
 <LI><a href="#[126]">lv_obj_set_y</a> from lv_obj.o(i.lv_obj_set_y) referenced from lv_label.o(i.lv_label_set_long_mode)
 <LI><a href="#[129]">lv_obj_signal</a> from lv_obj.o(i.lv_obj_signal) referenced from lv_obj.o(i.lv_obj_create)
 <LI><a href="#[12e]">lv_slider_design</a> from lv_slider.o(i.lv_slider_design) referenced from lv_slider.o(i.lv_slider_create)
 <LI><a href="#[12d]">lv_slider_signal</a> from lv_slider.o(i.lv_slider_signal) referenced from lv_slider.o(i.lv_slider_create)
 <LI><a href="#[3]">lv_txt_unicode_to_utf8</a> from lv_txt.o(i.lv_txt_unicode_to_utf8) referenced 2 times from lv_txt.o(.data)
 <LI><a href="#[4]">lv_txt_utf8_conv_wc</a> from lv_txt.o(i.lv_txt_utf8_conv_wc) referenced 2 times from lv_txt.o(.data)
 <LI><a href="#[7]">lv_txt_utf8_get_byte_id</a> from lv_txt.o(i.lv_txt_utf8_get_byte_id) referenced 2 times from lv_txt.o(.data)
 <LI><a href="#[8]">lv_txt_utf8_get_char_id</a> from lv_txt.o(i.lv_txt_utf8_get_char_id) referenced 2 times from lv_txt.o(.data)
 <LI><a href="#[9]">lv_txt_utf8_get_length</a> from lv_txt.o(i.lv_txt_utf8_get_length) referenced 2 times from lv_txt.o(.data)
 <LI><a href="#[5]">lv_txt_utf8_next</a> from lv_txt.o(i.lv_txt_utf8_next) referenced 2 times from lv_txt.o(.data)
 <LI><a href="#[6]">lv_txt_utf8_prev</a> from lv_txt.o(i.lv_txt_utf8_prev) referenced 2 times from lv_txt.o(.data)
 <LI><a href="#[2]">lv_txt_utf8_size</a> from lv_txt.o(i.lv_txt_utf8_size) referenced 2 times from lv_txt.o(.data)
 <LI><a href="#[b5]">main</a> from components.o(i.$Sub$$main) referenced from entry9a.o(.ARM.Collect$$$$0000000B)
 <LI><a href="#[12f]">main_thread_entry</a> from components.o(i.main_thread_entry) referenced from components.o(i.rt_application_init)
 <LI><a href="#[eb]">rt_thread_exit</a> from thread.o(i.rt_thread_exit) referenced from thread.o(i._rt_thread_init)
 <LI><a href="#[130]">rt_thread_idle_entry</a> from idle.o(i.rt_thread_idle_entry) referenced from idle.o(i.rt_thread_idle_init)
 <LI><a href="#[ec]">rt_thread_timeout</a> from thread.o(i.rt_thread_timeout) referenced from thread.o(i._rt_thread_init)
 <LI><a href="#[133]">rti_board_end</a> from components.o(i.rti_board_end) referenced from components.o(.rti_fn.1.end)
 <LI><a href="#[132]">rti_board_start</a> from components.o(i.rti_board_start) referenced from components.o(.rti_fn.0.end)
 <LI><a href="#[134]">rti_end</a> from components.o(i.rti_end) referenced from components.o(.rti_fn.6.end)
 <LI><a href="#[131]">rti_start</a> from components.o(i.rti_start) referenced from components.o(.rti_fn.0)
 <LI><a href="#[fc]">setting_back_btn_cb</a> from lv_draw_setting.o(i.setting_back_btn_cb) referenced from lv_draw_setting.o(i.draw_setting)
 <LI><a href="#[f8]">setting_co2_btn_cb</a> from lv_draw_setting.o(i.setting_co2_btn_cb) referenced from lv_draw_setting.o(i.draw_setting)
 <LI><a href="#[f7]">setting_humi_btn_cb</a> from lv_draw_setting.o(i.setting_humi_btn_cb) referenced from lv_draw_setting.o(i.draw_setting)
 <LI><a href="#[f9]">setting_light_btn_cb</a> from lv_draw_setting.o(i.setting_light_btn_cb) referenced from lv_draw_setting.o(i.draw_setting)
 <LI><a href="#[fb]">setting_soil_btn_cb</a> from lv_draw_setting.o(i.setting_soil_btn_cb) referenced from lv_draw_setting.o(i.draw_setting)
 <LI><a href="#[f6]">setting_temp_btn_cb</a> from lv_draw_setting.o(i.setting_temp_btn_cb) referenced from lv_draw_setting.o(i.draw_setting)
 <LI><a href="#[fa]">setting_water_btn_cb</a> from lv_draw_setting.o(i.setting_water_btn_cb) referenced from lv_draw_setting.o(i.draw_setting)
 <LI><a href="#[12c]">touchpad_read</a> from lv_port_indev.o(i.touchpad_read) referenced from lv_port_indev.o(i.lv_port_indev_init)
 <LI><a href="#[10a]">unicode_list_compare</a> from lv_font_fmt_txt.o(i.unicode_list_compare) referenced from lv_font_fmt_txt.o(i.get_glyph_dsc_id)
</UL>
<P>
<H3>
Global Symbols
</H3>
<P><STRONG><a name="[b7]"></a>__main</STRONG> (Thumb, 0 bytes, Stack size unknown bytes, entry.o(.ARM.Collect$$$$00000000))
<BR>[Address Reference Count : 1]<UL><LI> startup_mimxrt1052.o(.text)
</UL>
<P><STRONG><a name="[3b3]"></a>_main_stk</STRONG> (Thumb, 0 bytes, Stack size unknown bytes, entry4.o(.ARM.Collect$$$$00000003))

<P><STRONG><a name="[135]"></a>_main_scatterload</STRONG> (Thumb, 0 bytes, Stack size unknown bytes, entry5.o(.ARM.Collect$$$$00000004))
<BR><BR>[Calls]<UL><LI><a href="#[136]">&gt;&gt;</a>&nbsp;&nbsp;&nbsp;__scatterload
</UL>

<P><STRONG><a name="[14a]"></a>__main_after_scatterload</STRONG> (Thumb, 0 bytes, Stack size unknown bytes, entry5.o(.ARM.Collect$$$$00000004))
<BR><BR>[Called By]<UL><LI><a href="#[136]">&gt;&gt;</a>&nbsp;&nbsp;&nbsp;__scatterload
</UL>

<P><STRONG><a name="[3b4]"></a>_main_clock</STRONG> (Thumb, 0 bytes, Stack size unknown bytes, entry7b.o(.ARM.Collect$$$$00000008))

<P><STRONG><a name="[3b5]"></a>_main_cpp_init</STRONG> (Thumb, 0 bytes, Stack size unknown bytes, entry8b.o(.ARM.Collect$$$$0000000A))

<P><STRONG><a name="[3b6]"></a>_main_init</STRONG> (Thumb, 0 bytes, Stack size unknown bytes, entry9a.o(.ARM.Collect$$$$0000000B))

<P><STRONG><a name="[3b7]"></a>__rt_final_cpp</STRONG> (Thumb, 0 bytes, Stack size unknown bytes, entry10a.o(.ARM.Collect$$$$0000000D))

<P><STRONG><a name="[3b8]"></a>__rt_final_exit</STRONG> (Thumb, 0 bytes, Stack size unknown bytes, entry11a.o(.ARM.Collect$$$$0000000F))

<P><STRONG><a name="[a]"></a>Reset_Handler</STRONG> (Thumb, 24 bytes, Stack size 0 bytes, startup_mimxrt1052.o(.text))
<BR>[Address Reference Count : 1]<UL><LI> startup_mimxrt1052.o(RESET)
</UL>
<P><STRONG><a name="[b]"></a>NMI_Handler</STRONG> (Thumb, 2 bytes, Stack size 0 bytes, startup_mimxrt1052.o(.text))
<BR><BR>[Calls]<UL><LI><a href="#[b]">&gt;&gt;</a>&nbsp;&nbsp;&nbsp;NMI_Handler
</UL>
<BR>[Called By]<UL><LI><a href="#[b]">&gt;&gt;</a>&nbsp;&nbsp;&nbsp;NMI_Handler
</UL>
<BR>[Address Reference Count : 1]<UL><LI> startup_mimxrt1052.o(RESET)
</UL>
<P><STRONG><a name="[e]"></a>BusFault_Handler</STRONG> (Thumb, 2 bytes, Stack size 0 bytes, startup_mimxrt1052.o(.text))
<BR><BR>[Calls]<UL><LI><a href="#[e]">&gt;&gt;</a>&nbsp;&nbsp;&nbsp;BusFault_Handler
</UL>
<BR>[Called By]<UL><LI><a href="#[e]">&gt;&gt;</a>&nbsp;&nbsp;&nbsp;BusFault_Handler
</UL>
<BR>[Address Reference Count : 1]<UL><LI> startup_mimxrt1052.o(RESET)
</UL>
<P><STRONG><a name="[f]"></a>UsageFault_Handler</STRONG> (Thumb, 2 bytes, Stack size 0 bytes, startup_mimxrt1052.o(.text))
<BR><BR>[Calls]<UL><LI><a href="#[f]">&gt;&gt;</a>&nbsp;&nbsp;&nbsp;UsageFault_Handler
</UL>
<BR>[Called By]<UL><LI><a href="#[f]">&gt;&gt;</a>&nbsp;&nbsp;&nbsp;UsageFault_Handler
</UL>
<BR>[Address Reference Count : 1]<UL><LI> startup_mimxrt1052.o(RESET)
</UL>
<P><STRONG><a name="[10]"></a>SVC_Handler</STRONG> (Thumb, 2 bytes, Stack size 0 bytes, startup_mimxrt1052.o(.text))
<BR><BR>[Calls]<UL><LI><a href="#[10]">&gt;&gt;</a>&nbsp;&nbsp;&nbsp;SVC_Handler
</UL>
<BR>[Called By]<UL><LI><a href="#[10]">&gt;&gt;</a>&nbsp;&nbsp;&nbsp;SVC_Handler
</UL>
<BR>[Address Reference Count : 1]<UL><LI> startup_mimxrt1052.o(RESET)
</UL>
<P><STRONG><a name="[11]"></a>DebugMon_Handler</STRONG> (Thumb, 2 bytes, Stack size 0 bytes, startup_mimxrt1052.o(.text))
<BR><BR>[Calls]<UL><LI><a href="#[11]">&gt;&gt;</a>&nbsp;&nbsp;&nbsp;DebugMon_Handler
</UL>
<BR>[Called By]<UL><LI><a href="#[11]">&gt;&gt;</a>&nbsp;&nbsp;&nbsp;DebugMon_Handler
</UL>
<BR>[Address Reference Count : 1]<UL><LI> startup_mimxrt1052.o(RESET)
</UL>
<P><STRONG><a name="[14]"></a>DMA0_DMA16_IRQHandler</STRONG> (Thumb, 4 bytes, Stack size 0 bytes, startup_mimxrt1052.o(.text))
<BR>[Address Reference Count : 1]<UL><LI> startup_mimxrt1052.o(RESET)
</UL>
<P><STRONG><a name="[15]"></a>DMA1_DMA17_IRQHandler</STRONG> (Thumb, 4 bytes, Stack size 0 bytes, startup_mimxrt1052.o(.text))
<BR>[Address Reference Count : 1]<UL><LI> startup_mimxrt1052.o(RESET)
</UL>
<P><STRONG><a name="[16]"></a>DMA2_DMA18_IRQHandler</STRONG> (Thumb, 4 bytes, Stack size 0 bytes, startup_mimxrt1052.o(.text))
<BR>[Address Reference Count : 1]<UL><LI> startup_mimxrt1052.o(RESET)
</UL>
<P><STRONG><a name="[17]"></a>DMA3_DMA19_IRQHandler</STRONG> (Thumb, 4 bytes, Stack size 0 bytes, startup_mimxrt1052.o(.text))
<BR>[Address Reference Count : 1]<UL><LI> startup_mimxrt1052.o(RESET)
</UL>
<P><STRONG><a name="[18]"></a>DMA4_DMA20_IRQHandler</STRONG> (Thumb, 4 bytes, Stack size 0 bytes, startup_mimxrt1052.o(.text))
<BR>[Address Reference Count : 1]<UL><LI> startup_mimxrt1052.o(RESET)
</UL>
<P><STRONG><a name="[19]"></a>DMA5_DMA21_IRQHandler</STRONG> (Thumb, 4 bytes, Stack size 0 bytes, startup_mimxrt1052.o(.text))
<BR>[Address Reference Count : 1]<UL><LI> startup_mimxrt1052.o(RESET)
</UL>
<P><STRONG><a name="[1a]"></a>DMA6_DMA22_IRQHandler</STRONG> (Thumb, 4 bytes, Stack size 0 bytes, startup_mimxrt1052.o(.text))
<BR>[Address Reference Count : 1]<UL><LI> startup_mimxrt1052.o(RESET)
</UL>
<P><STRONG><a name="[1b]"></a>DMA7_DMA23_IRQHandler</STRONG> (Thumb, 4 bytes, Stack size 0 bytes, startup_mimxrt1052.o(.text))
<BR>[Address Reference Count : 1]<UL><LI> startup_mimxrt1052.o(RESET)
</UL>
<P><STRONG><a name="[1c]"></a>DMA8_DMA24_IRQHandler</STRONG> (Thumb, 4 bytes, Stack size 0 bytes, startup_mimxrt1052.o(.text))
<BR>[Address Reference Count : 1]<UL><LI> startup_mimxrt1052.o(RESET)
</UL>
<P><STRONG><a name="[1d]"></a>DMA9_DMA25_IRQHandler</STRONG> (Thumb, 4 bytes, Stack size 0 bytes, startup_mimxrt1052.o(.text))
<BR>[Address Reference Count : 1]<UL><LI> startup_mimxrt1052.o(RESET)
</UL>
<P><STRONG><a name="[1e]"></a>DMA10_DMA26_IRQHandler</STRONG> (Thumb, 4 bytes, Stack size 0 bytes, startup_mimxrt1052.o(.text))
<BR>[Address Reference Count : 1]<UL><LI> startup_mimxrt1052.o(RESET)
</UL>
<P><STRONG><a name="[1f]"></a>DMA11_DMA27_IRQHandler</STRONG> (Thumb, 4 bytes, Stack size 0 bytes, startup_mimxrt1052.o(.text))
<BR>[Address Reference Count : 1]<UL><LI> startup_mimxrt1052.o(RESET)
</UL>
<P><STRONG><a name="[20]"></a>DMA12_DMA28_IRQHandler</STRONG> (Thumb, 4 bytes, Stack size 0 bytes, startup_mimxrt1052.o(.text))
<BR>[Address Reference Count : 1]<UL><LI> startup_mimxrt1052.o(RESET)
</UL>
<P><STRONG><a name="[21]"></a>DMA13_DMA29_IRQHandler</STRONG> (Thumb, 4 bytes, Stack size 0 bytes, startup_mimxrt1052.o(.text))
<BR>[Address Reference Count : 1]<UL><LI> startup_mimxrt1052.o(RESET)
</UL>
<P><STRONG><a name="[22]"></a>DMA14_DMA30_IRQHandler</STRONG> (Thumb, 4 bytes, Stack size 0 bytes, startup_mimxrt1052.o(.text))
<BR>[Address Reference Count : 1]<UL><LI> startup_mimxrt1052.o(RESET)
</UL>
<P><STRONG><a name="[23]"></a>DMA15_DMA31_IRQHandler</STRONG> (Thumb, 4 bytes, Stack size 0 bytes, startup_mimxrt1052.o(.text))
<BR>[Address Reference Count : 1]<UL><LI> startup_mimxrt1052.o(RESET)
</UL>
<P><STRONG><a name="[24]"></a>DMA_ERROR_IRQHandler</STRONG> (Thumb, 4 bytes, Stack size 0 bytes, startup_mimxrt1052.o(.text))
<BR>[Address Reference Count : 1]<UL><LI> startup_mimxrt1052.o(RESET)
</UL>
<P><STRONG><a name="[29]"></a>LPUART2_IRQHandler</STRONG> (Thumb, 4 bytes, Stack size 0 bytes, startup_mimxrt1052.o(.text))
<BR>[Address Reference Count : 1]<UL><LI> startup_mimxrt1052.o(RESET)
</UL>
<P><STRONG><a name="[2b]"></a>LPUART4_IRQHandler</STRONG> (Thumb, 4 bytes, Stack size 0 bytes, startup_mimxrt1052.o(.text))
<BR>[Address Reference Count : 1]<UL><LI> startup_mimxrt1052.o(RESET)
</UL>
<P><STRONG><a name="[2c]"></a>LPUART5_IRQHandler</STRONG> (Thumb, 4 bytes, Stack size 0 bytes, startup_mimxrt1052.o(.text))
<BR>[Address Reference Count : 1]<UL><LI> startup_mimxrt1052.o(RESET)
</UL>
<P><STRONG><a name="[2d]"></a>LPUART6_IRQHandler</STRONG> (Thumb, 4 bytes, Stack size 0 bytes, startup_mimxrt1052.o(.text))
<BR>[Address Reference Count : 1]<UL><LI> startup_mimxrt1052.o(RESET)
</UL>
<P><STRONG><a name="[2e]"></a>LPUART7_IRQHandler</STRONG> (Thumb, 4 bytes, Stack size 0 bytes, startup_mimxrt1052.o(.text))
<BR>[Address Reference Count : 1]<UL><LI> startup_mimxrt1052.o(RESET)
</UL>
<P><STRONG><a name="[2f]"></a>LPUART8_IRQHandler</STRONG> (Thumb, 4 bytes, Stack size 0 bytes, startup_mimxrt1052.o(.text))
<BR>[Address Reference Count : 1]<UL><LI> startup_mimxrt1052.o(RESET)
</UL>
<P><STRONG><a name="[30]"></a>LPI2C1_IRQHandler</STRONG> (Thumb, 4 bytes, Stack size 0 bytes, startup_mimxrt1052.o(.text))
<BR>[Address Reference Count : 1]<UL><LI> startup_mimxrt1052.o(RESET)
</UL>
<P><STRONG><a name="[31]"></a>LPI2C2_IRQHandler</STRONG> (Thumb, 4 bytes, Stack size 0 bytes, startup_mimxrt1052.o(.text))
<BR>[Address Reference Count : 1]<UL><LI> startup_mimxrt1052.o(RESET)
</UL>
<P><STRONG><a name="[32]"></a>LPI2C3_IRQHandler</STRONG> (Thumb, 4 bytes, Stack size 0 bytes, startup_mimxrt1052.o(.text))
<BR>[Address Reference Count : 1]<UL><LI> startup_mimxrt1052.o(RESET)
</UL>
<P><STRONG><a name="[33]"></a>LPI2C4_IRQHandler</STRONG> (Thumb, 4 bytes, Stack size 0 bytes, startup_mimxrt1052.o(.text))
<BR>[Address Reference Count : 1]<UL><LI> startup_mimxrt1052.o(RESET)
</UL>
<P><STRONG><a name="[34]"></a>LPSPI1_IRQHandler</STRONG> (Thumb, 4 bytes, Stack size 0 bytes, startup_mimxrt1052.o(.text))
<BR>[Address Reference Count : 1]<UL><LI> startup_mimxrt1052.o(RESET)
</UL>
<P><STRONG><a name="[35]"></a>LPSPI2_IRQHandler</STRONG> (Thumb, 4 bytes, Stack size 0 bytes, startup_mimxrt1052.o(.text))
<BR>[Address Reference Count : 1]<UL><LI> startup_mimxrt1052.o(RESET)
</UL>
<P><STRONG><a name="[36]"></a>LPSPI3_IRQHandler</STRONG> (Thumb, 4 bytes, Stack size 0 bytes, startup_mimxrt1052.o(.text))
<BR>[Address Reference Count : 1]<UL><LI> startup_mimxrt1052.o(RESET)
</UL>
<P><STRONG><a name="[37]"></a>LPSPI4_IRQHandler</STRONG> (Thumb, 4 bytes, Stack size 0 bytes, startup_mimxrt1052.o(.text))
<BR>[Address Reference Count : 1]<UL><LI> startup_mimxrt1052.o(RESET)
</UL>
<P><STRONG><a name="[38]"></a>CAN1_IRQHandler</STRONG> (Thumb, 4 bytes, Stack size 0 bytes, startup_mimxrt1052.o(.text))
<BR>[Address Reference Count : 1]<UL><LI> startup_mimxrt1052.o(RESET)
</UL>
<P><STRONG><a name="[39]"></a>CAN2_IRQHandler</STRONG> (Thumb, 4 bytes, Stack size 0 bytes, startup_mimxrt1052.o(.text))
<BR>[Address Reference Count : 1]<UL><LI> startup_mimxrt1052.o(RESET)
</UL>
<P><STRONG><a name="[4c]"></a>SAI1_IRQHandler</STRONG> (Thumb, 4 bytes, Stack size 0 bytes, startup_mimxrt1052.o(.text))
<BR>[Address Reference Count : 1]<UL><LI> startup_mimxrt1052.o(RESET)
</UL>
<P><STRONG><a name="[4d]"></a>SAI2_IRQHandler</STRONG> (Thumb, 4 bytes, Stack size 0 bytes, startup_mimxrt1052.o(.text))
<BR>[Address Reference Count : 1]<UL><LI> startup_mimxrt1052.o(RESET)
</UL>
<P><STRONG><a name="[4e]"></a>SAI3_RX_IRQHandler</STRONG> (Thumb, 4 bytes, Stack size 0 bytes, startup_mimxrt1052.o(.text))
<BR>[Address Reference Count : 1]<UL><LI> startup_mimxrt1052.o(RESET)
</UL>
<P><STRONG><a name="[4f]"></a>SAI3_TX_IRQHandler</STRONG> (Thumb, 4 bytes, Stack size 0 bytes, startup_mimxrt1052.o(.text))
<BR>[Address Reference Count : 1]<UL><LI> startup_mimxrt1052.o(RESET)
</UL>
<P><STRONG><a name="[50]"></a>SPDIF_IRQHandler</STRONG> (Thumb, 4 bytes, Stack size 0 bytes, startup_mimxrt1052.o(.text))
<BR>[Address Reference Count : 1]<UL><LI> startup_mimxrt1052.o(RESET)
</UL>
<P><STRONG><a name="[6e]"></a>FLEXIO1_IRQHandler</STRONG> (Thumb, 4 bytes, Stack size 0 bytes, startup_mimxrt1052.o(.text))
<BR>[Address Reference Count : 1]<UL><LI> startup_mimxrt1052.o(RESET)
</UL>
<P><STRONG><a name="[6f]"></a>FLEXIO2_IRQHandler</STRONG> (Thumb, 4 bytes, Stack size 0 bytes, startup_mimxrt1052.o(.text))
<BR>[Address Reference Count : 1]<UL><LI> startup_mimxrt1052.o(RESET)
</UL>
<P><STRONG><a name="[80]"></a>FLEXSPI_IRQHandler</STRONG> (Thumb, 4 bytes, Stack size 0 bytes, startup_mimxrt1052.o(.text))
<BR>[Address Reference Count : 1]<UL><LI> startup_mimxrt1052.o(RESET)
</UL>
<P><STRONG><a name="[82]"></a>USDHC1_IRQHandler</STRONG> (Thumb, 4 bytes, Stack size 0 bytes, startup_mimxrt1052.o(.text))
<BR>[Address Reference Count : 1]<UL><LI> startup_mimxrt1052.o(RESET)
</UL>
<P><STRONG><a name="[83]"></a>USDHC2_IRQHandler</STRONG> (Thumb, 4 bytes, Stack size 0 bytes, startup_mimxrt1052.o(.text))
<BR>[Address Reference Count : 1]<UL><LI> startup_mimxrt1052.o(RESET)
</UL>
<P><STRONG><a name="[86]"></a>ENET_IRQHandler</STRONG> (Thumb, 4 bytes, Stack size 0 bytes, startup_mimxrt1052.o(.text))
<BR>[Address Reference Count : 1]<UL><LI> startup_mimxrt1052.o(RESET)
</UL>
<P><STRONG><a name="[87]"></a>ENET_1588_Timer_IRQHandler</STRONG> (Thumb, 4 bytes, Stack size 0 bytes, startup_mimxrt1052.o(.text))
<BR>[Address Reference Count : 1]<UL><LI> startup_mimxrt1052.o(RESET)
</UL>
<P><STRONG><a name="[8f]"></a>ACMP1_IRQHandler</STRONG> (Thumb, 0 bytes, Stack size 0 bytes, startup_mimxrt1052.o(.text))
<BR>[Address Reference Count : 1]<UL><LI> startup_mimxrt1052.o(RESET)
</UL>
<P><STRONG><a name="[90]"></a>ACMP2_IRQHandler</STRONG> (Thumb, 0 bytes, Stack size 0 bytes, startup_mimxrt1052.o(.text))
<BR>[Address Reference Count : 1]<UL><LI> startup_mimxrt1052.o(RESET)
</UL>
<P><STRONG><a name="[91]"></a>ACMP3_IRQHandler</STRONG> (Thumb, 0 bytes, Stack size 0 bytes, startup_mimxrt1052.o(.text))
<BR>[Address Reference Count : 1]<UL><LI> startup_mimxrt1052.o(RESET)
</UL>
<P><STRONG><a name="[92]"></a>ACMP4_IRQHandler</STRONG> (Thumb, 0 bytes, Stack size 0 bytes, startup_mimxrt1052.o(.text))
<BR>[Address Reference Count : 1]<UL><LI> startup_mimxrt1052.o(RESET)
</UL>
<P><STRONG><a name="[57]"></a>ADC1_IRQHandler</STRONG> (Thumb, 0 bytes, Stack size 0 bytes, startup_mimxrt1052.o(.text))
<BR>[Address Reference Count : 1]<UL><LI> startup_mimxrt1052.o(RESET)
</UL>
<P><STRONG><a name="[58]"></a>ADC2_IRQHandler</STRONG> (Thumb, 0 bytes, Stack size 0 bytes, startup_mimxrt1052.o(.text))
<BR>[Address Reference Count : 1]<UL><LI> startup_mimxrt1052.o(RESET)
</UL>
<P><STRONG><a name="[8d]"></a>ADC_ETC_ERROR_IRQ_IRQHandler</STRONG> (Thumb, 0 bytes, Stack size 0 bytes, startup_mimxrt1052.o(.text))
<BR>[Address Reference Count : 1]<UL><LI> startup_mimxrt1052.o(RESET)
</UL>
<P><STRONG><a name="[8a]"></a>ADC_ETC_IRQ0_IRQHandler</STRONG> (Thumb, 0 bytes, Stack size 0 bytes, startup_mimxrt1052.o(.text))
<BR>[Address Reference Count : 1]<UL><LI> startup_mimxrt1052.o(RESET)
</UL>
<P><STRONG><a name="[8b]"></a>ADC_ETC_IRQ1_IRQHandler</STRONG> (Thumb, 0 bytes, Stack size 0 bytes, startup_mimxrt1052.o(.text))
<BR>[Address Reference Count : 1]<UL><LI> startup_mimxrt1052.o(RESET)
</UL>
<P><STRONG><a name="[8c]"></a>ADC_ETC_IRQ2_IRQHandler</STRONG> (Thumb, 0 bytes, Stack size 0 bytes, startup_mimxrt1052.o(.text))
<BR>[Address Reference Count : 1]<UL><LI> startup_mimxrt1052.o(RESET)
</UL>
<P><STRONG><a name="[51]"></a>ANATOP_EVENT0_IRQHandler</STRONG> (Thumb, 0 bytes, Stack size 0 bytes, startup_mimxrt1052.o(.text))
<BR>[Address Reference Count : 1]<UL><LI> startup_mimxrt1052.o(RESET)
</UL>
<P><STRONG><a name="[52]"></a>ANATOP_EVENT1_IRQHandler</STRONG> (Thumb, 0 bytes, Stack size 0 bytes, startup_mimxrt1052.o(.text))
<BR>[Address Reference Count : 1]<UL><LI> startup_mimxrt1052.o(RESET)
</UL>
<P><STRONG><a name="[53]"></a>ANATOP_TAMP_LOW_HIGH_IRQHandler</STRONG> (Thumb, 0 bytes, Stack size 0 bytes, startup_mimxrt1052.o(.text))
<BR>[Address Reference Count : 1]<UL><LI> startup_mimxrt1052.o(RESET)
</UL>
<P><STRONG><a name="[54]"></a>ANATOP_TEMP_PANIC_IRQHandler</STRONG> (Thumb, 0 bytes, Stack size 0 bytes, startup_mimxrt1052.o(.text))
<BR>[Address Reference Count : 1]<UL><LI> startup_mimxrt1052.o(RESET)
</UL>
<P><STRONG><a name="[4b]"></a>BEE_IRQHandler</STRONG> (Thumb, 0 bytes, Stack size 0 bytes, startup_mimxrt1052.o(.text))
<BR>[Address Reference Count : 1]<UL><LI> startup_mimxrt1052.o(RESET)
</UL>
<P><STRONG><a name="[d9]"></a>CAN1_DriverIRQHandler</STRONG> (Thumb, 0 bytes, Stack size 0 bytes, startup_mimxrt1052.o(.text))
<BR>[Address Reference Count : 1]<UL><LI> startup_mimxrt1052.o(.text)
</UL>
<P><STRONG><a name="[da]"></a>CAN2_DriverIRQHandler</STRONG> (Thumb, 0 bytes, Stack size 0 bytes, startup_mimxrt1052.o(.text))
<BR>[Address Reference Count : 1]<UL><LI> startup_mimxrt1052.o(.text)
</UL>
<P><STRONG><a name="[73]"></a>CCM_1_IRQHandler</STRONG> (Thumb, 0 bytes, Stack size 0 bytes, startup_mimxrt1052.o(.text))
<BR>[Address Reference Count : 1]<UL><LI> startup_mimxrt1052.o(RESET)
</UL>
<P><STRONG><a name="[74]"></a>CCM_2_IRQHandler</STRONG> (Thumb, 0 bytes, Stack size 0 bytes, startup_mimxrt1052.o(.text))
<BR>[Address Reference Count : 1]<UL><LI> startup_mimxrt1052.o(RESET)
</UL>
<P><STRONG><a name="[27]"></a>CORE_IRQHandler</STRONG> (Thumb, 0 bytes, Stack size 0 bytes, startup_mimxrt1052.o(.text))
<BR>[Address Reference Count : 1]<UL><LI> startup_mimxrt1052.o(RESET)
</UL>
<P><STRONG><a name="[3f]"></a>CSI_IRQHandler</STRONG> (Thumb, 0 bytes, Stack size 0 bytes, startup_mimxrt1052.o(.text))
<BR>[Address Reference Count : 1]<UL><LI> startup_mimxrt1052.o(RESET)
</UL>
<P><STRONG><a name="[45]"></a>CSU_IRQHandler</STRONG> (Thumb, 0 bytes, Stack size 0 bytes, startup_mimxrt1052.o(.text))
<BR>[Address Reference Count : 1]<UL><LI> startup_mimxrt1052.o(RESET)
</UL>
<P><STRONG><a name="[25]"></a>CTI0_ERROR_IRQHandler</STRONG> (Thumb, 0 bytes, Stack size 0 bytes, startup_mimxrt1052.o(.text))
<BR>[Address Reference Count : 1]<UL><LI> startup_mimxrt1052.o(RESET)
</UL>
<P><STRONG><a name="[26]"></a>CTI1_ERROR_IRQHandler</STRONG> (Thumb, 0 bytes, Stack size 0 bytes, startup_mimxrt1052.o(.text))
<BR>[Address Reference Count : 1]<UL><LI> startup_mimxrt1052.o(RESET)
</UL>
<P><STRONG><a name="[59]"></a>DCDC_IRQHandler</STRONG> (Thumb, 0 bytes, Stack size 0 bytes, startup_mimxrt1052.o(.text))
<BR>[Address Reference Count : 1]<UL><LI> startup_mimxrt1052.o(RESET)
</UL>
<P><STRONG><a name="[46]"></a>DCP_IRQHandler</STRONG> (Thumb, 0 bytes, Stack size 0 bytes, startup_mimxrt1052.o(.text))
<BR>[Address Reference Count : 1]<UL><LI> startup_mimxrt1052.o(RESET)
</UL>
<P><STRONG><a name="[47]"></a>DCP_VMI_IRQHandler</STRONG> (Thumb, 0 bytes, Stack size 0 bytes, startup_mimxrt1052.o(.text))
<BR>[Address Reference Count : 1]<UL><LI> startup_mimxrt1052.o(RESET)
</UL>
<P><STRONG><a name="[b8]"></a>DMA0_DMA16_DriverIRQHandler</STRONG> (Thumb, 0 bytes, Stack size 0 bytes, startup_mimxrt1052.o(.text))
<BR>[Address Reference Count : 1]<UL><LI> startup_mimxrt1052.o(.text)
</UL>
<P><STRONG><a name="[c2]"></a>DMA10_DMA26_DriverIRQHandler</STRONG> (Thumb, 0 bytes, Stack size 0 bytes, startup_mimxrt1052.o(.text))
<BR>[Address Reference Count : 1]<UL><LI> startup_mimxrt1052.o(.text)
</UL>
<P><STRONG><a name="[c3]"></a>DMA11_DMA27_DriverIRQHandler</STRONG> (Thumb, 0 bytes, Stack size 0 bytes, startup_mimxrt1052.o(.text))
<BR>[Address Reference Count : 1]<UL><LI> startup_mimxrt1052.o(.text)
</UL>
<P><STRONG><a name="[c4]"></a>DMA12_DMA28_DriverIRQHandler</STRONG> (Thumb, 0 bytes, Stack size 0 bytes, startup_mimxrt1052.o(.text))
<BR>[Address Reference Count : 1]<UL><LI> startup_mimxrt1052.o(.text)
</UL>
<P><STRONG><a name="[c5]"></a>DMA13_DMA29_DriverIRQHandler</STRONG> (Thumb, 0 bytes, Stack size 0 bytes, startup_mimxrt1052.o(.text))
<BR>[Address Reference Count : 1]<UL><LI> startup_mimxrt1052.o(.text)
</UL>
<P><STRONG><a name="[c6]"></a>DMA14_DMA30_DriverIRQHandler</STRONG> (Thumb, 0 bytes, Stack size 0 bytes, startup_mimxrt1052.o(.text))
<BR>[Address Reference Count : 1]<UL><LI> startup_mimxrt1052.o(.text)
</UL>
<P><STRONG><a name="[c7]"></a>DMA15_DMA31_DriverIRQHandler</STRONG> (Thumb, 0 bytes, Stack size 0 bytes, startup_mimxrt1052.o(.text))
<BR>[Address Reference Count : 1]<UL><LI> startup_mimxrt1052.o(.text)
</UL>
<P><STRONG><a name="[b9]"></a>DMA1_DMA17_DriverIRQHandler</STRONG> (Thumb, 0 bytes, Stack size 0 bytes, startup_mimxrt1052.o(.text))
<BR>[Address Reference Count : 1]<UL><LI> startup_mimxrt1052.o(.text)
</UL>
<P><STRONG><a name="[ba]"></a>DMA2_DMA18_DriverIRQHandler</STRONG> (Thumb, 0 bytes, Stack size 0 bytes, startup_mimxrt1052.o(.text))
<BR>[Address Reference Count : 1]<UL><LI> startup_mimxrt1052.o(.text)
</UL>
<P><STRONG><a name="[bb]"></a>DMA3_DMA19_DriverIRQHandler</STRONG> (Thumb, 0 bytes, Stack size 0 bytes, startup_mimxrt1052.o(.text))
<BR>[Address Reference Count : 1]<UL><LI> startup_mimxrt1052.o(.text)
</UL>
<P><STRONG><a name="[bc]"></a>DMA4_DMA20_DriverIRQHandler</STRONG> (Thumb, 0 bytes, Stack size 0 bytes, startup_mimxrt1052.o(.text))
<BR>[Address Reference Count : 1]<UL><LI> startup_mimxrt1052.o(.text)
</UL>
<P><STRONG><a name="[bd]"></a>DMA5_DMA21_DriverIRQHandler</STRONG> (Thumb, 0 bytes, Stack size 0 bytes, startup_mimxrt1052.o(.text))
<BR>[Address Reference Count : 1]<UL><LI> startup_mimxrt1052.o(.text)
</UL>
<P><STRONG><a name="[be]"></a>DMA6_DMA22_DriverIRQHandler</STRONG> (Thumb, 0 bytes, Stack size 0 bytes, startup_mimxrt1052.o(.text))
<BR>[Address Reference Count : 1]<UL><LI> startup_mimxrt1052.o(.text)
</UL>
<P><STRONG><a name="[bf]"></a>DMA7_DMA23_DriverIRQHandler</STRONG> (Thumb, 0 bytes, Stack size 0 bytes, startup_mimxrt1052.o(.text))
<BR>[Address Reference Count : 1]<UL><LI> startup_mimxrt1052.o(.text)
</UL>
<P><STRONG><a name="[c0]"></a>DMA8_DMA24_DriverIRQHandler</STRONG> (Thumb, 0 bytes, Stack size 0 bytes, startup_mimxrt1052.o(.text))
<BR>[Address Reference Count : 1]<UL><LI> startup_mimxrt1052.o(.text)
</UL>
<P><STRONG><a name="[c1]"></a>DMA9_DMA25_DriverIRQHandler</STRONG> (Thumb, 0 bytes, Stack size 0 bytes, startup_mimxrt1052.o(.text))
<BR>[Address Reference Count : 1]<UL><LI> startup_mimxrt1052.o(.text)
</UL>
<P><STRONG><a name="[c8]"></a>DMA_ERROR_DriverIRQHandler</STRONG> (Thumb, 0 bytes, Stack size 0 bytes, startup_mimxrt1052.o(.text))
<BR>[Address Reference Count : 1]<UL><LI> startup_mimxrt1052.o(.text)
</UL>
<P><STRONG><a name="[b4]"></a>DefaultISR</STRONG> (Thumb, 0 bytes, Stack size 0 bytes, startup_mimxrt1052.o(.text))
<BR>[Address Reference Count : 2]<UL><LI> startup_mimxrt1052.o(.text)
<LI> startup_mimxrt1052.o(RESET)
</UL>
<P><STRONG><a name="[95]"></a>ENC1_IRQHandler</STRONG> (Thumb, 0 bytes, Stack size 0 bytes, startup_mimxrt1052.o(.text))
<BR>[Address Reference Count : 1]<UL><LI> startup_mimxrt1052.o(RESET)
</UL>
<P><STRONG><a name="[96]"></a>ENC2_IRQHandler</STRONG> (Thumb, 0 bytes, Stack size 0 bytes, startup_mimxrt1052.o(.text))
<BR>[Address Reference Count : 1]<UL><LI> startup_mimxrt1052.o(RESET)
</UL>
<P><STRONG><a name="[97]"></a>ENC3_IRQHandler</STRONG> (Thumb, 0 bytes, Stack size 0 bytes, startup_mimxrt1052.o(.text))
<BR>[Address Reference Count : 1]<UL><LI> startup_mimxrt1052.o(RESET)
</UL>
<P><STRONG><a name="[98]"></a>ENC4_IRQHandler</STRONG> (Thumb, 0 bytes, Stack size 0 bytes, startup_mimxrt1052.o(.text))
<BR>[Address Reference Count : 1]<UL><LI> startup_mimxrt1052.o(RESET)
</UL>
<P><STRONG><a name="[e6]"></a>ENET_1588_Timer_DriverIRQHandler</STRONG> (Thumb, 0 bytes, Stack size 0 bytes, startup_mimxrt1052.o(.text))
<BR>[Address Reference Count : 1]<UL><LI> startup_mimxrt1052.o(.text)
</UL>
<P><STRONG><a name="[e5]"></a>ENET_DriverIRQHandler</STRONG> (Thumb, 0 bytes, Stack size 0 bytes, startup_mimxrt1052.o(.text))
<BR>[Address Reference Count : 1]<UL><LI> startup_mimxrt1052.o(.text)
</UL>
<P><STRONG><a name="[72]"></a>EWM_IRQHandler</STRONG> (Thumb, 0 bytes, Stack size 0 bytes, startup_mimxrt1052.o(.text))
<BR>[Address Reference Count : 1]<UL><LI> startup_mimxrt1052.o(RESET)
</UL>
<P><STRONG><a name="[e0]"></a>FLEXIO1_DriverIRQHandler</STRONG> (Thumb, 0 bytes, Stack size 0 bytes, startup_mimxrt1052.o(.text))
<BR>[Address Reference Count : 1]<UL><LI> startup_mimxrt1052.o(.text)
</UL>
<P><STRONG><a name="[e1]"></a>FLEXIO2_DriverIRQHandler</STRONG> (Thumb, 0 bytes, Stack size 0 bytes, startup_mimxrt1052.o(.text))
<BR>[Address Reference Count : 1]<UL><LI> startup_mimxrt1052.o(.text)
</UL>
<P><STRONG><a name="[3a]"></a>FLEXRAM_IRQHandler</STRONG> (Thumb, 0 bytes, Stack size 0 bytes, startup_mimxrt1052.o(.text))
<BR>[Address Reference Count : 1]<UL><LI> startup_mimxrt1052.o(RESET)
</UL>
<P><STRONG><a name="[e2]"></a>FLEXSPI_DriverIRQHandler</STRONG> (Thumb, 0 bytes, Stack size 0 bytes, startup_mimxrt1052.o(.text))
<BR>[Address Reference Count : 1]<UL><LI> startup_mimxrt1052.o(.text)
</UL>
<P><STRONG><a name="[75]"></a>GPC_IRQHandler</STRONG> (Thumb, 0 bytes, Stack size 0 bytes, startup_mimxrt1052.o(.text))
<BR>[Address Reference Count : 1]<UL><LI> startup_mimxrt1052.o(RESET)
</UL>
<P><STRONG><a name="[65]"></a>GPIO1_Combined_16_31_IRQHandler</STRONG> (Thumb, 0 bytes, Stack size 0 bytes, startup_mimxrt1052.o(.text))
<BR>[Address Reference Count : 1]<UL><LI> startup_mimxrt1052.o(RESET)
</UL>
<P><STRONG><a name="[5c]"></a>GPIO1_INT0_IRQHandler</STRONG> (Thumb, 0 bytes, Stack size 0 bytes, startup_mimxrt1052.o(.text))
<BR>[Address Reference Count : 1]<UL><LI> startup_mimxrt1052.o(RESET)
</UL>
<P><STRONG><a name="[5d]"></a>GPIO1_INT1_IRQHandler</STRONG> (Thumb, 0 bytes, Stack size 0 bytes, startup_mimxrt1052.o(.text))
<BR>[Address Reference Count : 1]<UL><LI> startup_mimxrt1052.o(RESET)
</UL>
<P><STRONG><a name="[5e]"></a>GPIO1_INT2_IRQHandler</STRONG> (Thumb, 0 bytes, Stack size 0 bytes, startup_mimxrt1052.o(.text))
<BR>[Address Reference Count : 1]<UL><LI> startup_mimxrt1052.o(RESET)
</UL>
<P><STRONG><a name="[5f]"></a>GPIO1_INT3_IRQHandler</STRONG> (Thumb, 0 bytes, Stack size 0 bytes, startup_mimxrt1052.o(.text))
<BR>[Address Reference Count : 1]<UL><LI> startup_mimxrt1052.o(RESET)
</UL>
<P><STRONG><a name="[60]"></a>GPIO1_INT4_IRQHandler</STRONG> (Thumb, 0 bytes, Stack size 0 bytes, startup_mimxrt1052.o(.text))
<BR>[Address Reference Count : 1]<UL><LI> startup_mimxrt1052.o(RESET)
</UL>
<P><STRONG><a name="[61]"></a>GPIO1_INT5_IRQHandler</STRONG> (Thumb, 0 bytes, Stack size 0 bytes, startup_mimxrt1052.o(.text))
<BR>[Address Reference Count : 1]<UL><LI> startup_mimxrt1052.o(RESET)
</UL>
<P><STRONG><a name="[62]"></a>GPIO1_INT6_IRQHandler</STRONG> (Thumb, 0 bytes, Stack size 0 bytes, startup_mimxrt1052.o(.text))
<BR>[Address Reference Count : 1]<UL><LI> startup_mimxrt1052.o(RESET)
</UL>
<P><STRONG><a name="[63]"></a>GPIO1_INT7_IRQHandler</STRONG> (Thumb, 0 bytes, Stack size 0 bytes, startup_mimxrt1052.o(.text))
<BR>[Address Reference Count : 1]<UL><LI> startup_mimxrt1052.o(RESET)
</UL>
<P><STRONG><a name="[66]"></a>GPIO2_Combined_0_15_IRQHandler</STRONG> (Thumb, 0 bytes, Stack size 0 bytes, startup_mimxrt1052.o(.text))
<BR>[Address Reference Count : 1]<UL><LI> startup_mimxrt1052.o(RESET)
</UL>
<P><STRONG><a name="[67]"></a>GPIO2_Combined_16_31_IRQHandler</STRONG> (Thumb, 0 bytes, Stack size 0 bytes, startup_mimxrt1052.o(.text))
<BR>[Address Reference Count : 1]<UL><LI> startup_mimxrt1052.o(RESET)
</UL>
<P><STRONG><a name="[68]"></a>GPIO3_Combined_0_15_IRQHandler</STRONG> (Thumb, 0 bytes, Stack size 0 bytes, startup_mimxrt1052.o(.text))
<BR>[Address Reference Count : 1]<UL><LI> startup_mimxrt1052.o(RESET)
</UL>
<P><STRONG><a name="[69]"></a>GPIO3_Combined_16_31_IRQHandler</STRONG> (Thumb, 0 bytes, Stack size 0 bytes, startup_mimxrt1052.o(.text))
<BR>[Address Reference Count : 1]<UL><LI> startup_mimxrt1052.o(RESET)
</UL>
<P><STRONG><a name="[6a]"></a>GPIO4_Combined_0_15_IRQHandler</STRONG> (Thumb, 0 bytes, Stack size 0 bytes, startup_mimxrt1052.o(.text))
<BR>[Address Reference Count : 1]<UL><LI> startup_mimxrt1052.o(RESET)
</UL>
<P><STRONG><a name="[6b]"></a>GPIO4_Combined_16_31_IRQHandler</STRONG> (Thumb, 0 bytes, Stack size 0 bytes, startup_mimxrt1052.o(.text))
<BR>[Address Reference Count : 1]<UL><LI> startup_mimxrt1052.o(RESET)
</UL>
<P><STRONG><a name="[6c]"></a>GPIO5_Combined_0_15_IRQHandler</STRONG> (Thumb, 0 bytes, Stack size 0 bytes, startup_mimxrt1052.o(.text))
<BR>[Address Reference Count : 1]<UL><LI> startup_mimxrt1052.o(RESET)
</UL>
<P><STRONG><a name="[6d]"></a>GPIO5_Combined_16_31_IRQHandler</STRONG> (Thumb, 0 bytes, Stack size 0 bytes, startup_mimxrt1052.o(.text))
<BR>[Address Reference Count : 1]<UL><LI> startup_mimxrt1052.o(RESET)
</UL>
<P><STRONG><a name="[3d]"></a>GPR_IRQ_IRQHandler</STRONG> (Thumb, 0 bytes, Stack size 0 bytes, startup_mimxrt1052.o(.text))
<BR>[Address Reference Count : 1]<UL><LI> startup_mimxrt1052.o(RESET)
</UL>
<P><STRONG><a name="[78]"></a>GPT1_IRQHandler</STRONG> (Thumb, 0 bytes, Stack size 0 bytes, startup_mimxrt1052.o(.text))
<BR>[Address Reference Count : 1]<UL><LI> startup_mimxrt1052.o(RESET)
</UL>
<P><STRONG><a name="[3b]"></a>KPP_IRQHandler</STRONG> (Thumb, 0 bytes, Stack size 0 bytes, startup_mimxrt1052.o(.text))
<BR>[Address Reference Count : 1]<UL><LI> startup_mimxrt1052.o(RESET)
</UL>
<P><STRONG><a name="[3e]"></a>LCDIF_IRQHandler</STRONG> (Thumb, 0 bytes, Stack size 0 bytes, startup_mimxrt1052.o(.text))
<BR>[Address Reference Count : 1]<UL><LI> startup_mimxrt1052.o(RESET)
</UL>
<P><STRONG><a name="[d4]"></a>LPI2C4_DriverIRQHandler</STRONG> (Thumb, 0 bytes, Stack size 0 bytes, startup_mimxrt1052.o(.text))
<BR>[Address Reference Count : 1]<UL><LI> startup_mimxrt1052.o(.text)
</UL>
<P><STRONG><a name="[d5]"></a>LPSPI1_DriverIRQHandler</STRONG> (Thumb, 0 bytes, Stack size 0 bytes, startup_mimxrt1052.o(.text))
<BR>[Address Reference Count : 1]<UL><LI> startup_mimxrt1052.o(.text)
</UL>
<P><STRONG><a name="[d6]"></a>LPSPI2_DriverIRQHandler</STRONG> (Thumb, 0 bytes, Stack size 0 bytes, startup_mimxrt1052.o(.text))
<BR>[Address Reference Count : 1]<UL><LI> startup_mimxrt1052.o(.text)
</UL>
<P><STRONG><a name="[d7]"></a>LPSPI3_DriverIRQHandler</STRONG> (Thumb, 0 bytes, Stack size 0 bytes, startup_mimxrt1052.o(.text))
<BR>[Address Reference Count : 1]<UL><LI> startup_mimxrt1052.o(.text)
</UL>
<P><STRONG><a name="[d8]"></a>LPSPI4_DriverIRQHandler</STRONG> (Thumb, 0 bytes, Stack size 0 bytes, startup_mimxrt1052.o(.text))
<BR>[Address Reference Count : 1]<UL><LI> startup_mimxrt1052.o(.text)
</UL>
<P><STRONG><a name="[b3]"></a>NMI_WAKEUP_IRQHandler</STRONG> (Thumb, 0 bytes, Stack size 0 bytes, startup_mimxrt1052.o(.text))
<BR>[Address Reference Count : 1]<UL><LI> startup_mimxrt1052.o(RESET)
</UL>
<P><STRONG><a name="[8e]"></a>PIT_IRQHandler</STRONG> (Thumb, 0 bytes, Stack size 0 bytes, startup_mimxrt1052.o(.text))
<BR>[Address Reference Count : 1]<UL><LI> startup_mimxrt1052.o(RESET)
</UL>
<P><STRONG><a name="[7a]"></a>PWM1_0_IRQHandler</STRONG> (Thumb, 0 bytes, Stack size 0 bytes, startup_mimxrt1052.o(.text))
<BR>[Address Reference Count : 1]<UL><LI> startup_mimxrt1052.o(RESET)
</UL>
<P><STRONG><a name="[7b]"></a>PWM1_1_IRQHandler</STRONG> (Thumb, 0 bytes, Stack size 0 bytes, startup_mimxrt1052.o(.text))
<BR>[Address Reference Count : 1]<UL><LI> startup_mimxrt1052.o(RESET)
</UL>
<P><STRONG><a name="[7c]"></a>PWM1_2_IRQHandler</STRONG> (Thumb, 0 bytes, Stack size 0 bytes, startup_mimxrt1052.o(.text))
<BR>[Address Reference Count : 1]<UL><LI> startup_mimxrt1052.o(RESET)
</UL>
<P><STRONG><a name="[7d]"></a>PWM1_3_IRQHandler</STRONG> (Thumb, 0 bytes, Stack size 0 bytes, startup_mimxrt1052.o(.text))
<BR>[Address Reference Count : 1]<UL><LI> startup_mimxrt1052.o(RESET)
</UL>
<P><STRONG><a name="[7e]"></a>PWM1_FAULT_IRQHandler</STRONG> (Thumb, 0 bytes, Stack size 0 bytes, startup_mimxrt1052.o(.text))
<BR>[Address Reference Count : 1]<UL><LI> startup_mimxrt1052.o(RESET)
</UL>
<P><STRONG><a name="[9d]"></a>PWM2_0_IRQHandler</STRONG> (Thumb, 0 bytes, Stack size 0 bytes, startup_mimxrt1052.o(.text))
<BR>[Address Reference Count : 1]<UL><LI> startup_mimxrt1052.o(RESET)
</UL>
<P><STRONG><a name="[9e]"></a>PWM2_1_IRQHandler</STRONG> (Thumb, 0 bytes, Stack size 0 bytes, startup_mimxrt1052.o(.text))
<BR>[Address Reference Count : 1]<UL><LI> startup_mimxrt1052.o(RESET)
</UL>
<P><STRONG><a name="[9f]"></a>PWM2_2_IRQHandler</STRONG> (Thumb, 0 bytes, Stack size 0 bytes, startup_mimxrt1052.o(.text))
<BR>[Address Reference Count : 1]<UL><LI> startup_mimxrt1052.o(RESET)
</UL>
<P><STRONG><a name="[a0]"></a>PWM2_3_IRQHandler</STRONG> (Thumb, 0 bytes, Stack size 0 bytes, startup_mimxrt1052.o(.text))
<BR>[Address Reference Count : 1]<UL><LI> startup_mimxrt1052.o(RESET)
</UL>
<P><STRONG><a name="[a1]"></a>PWM2_FAULT_IRQHandler</STRONG> (Thumb, 0 bytes, Stack size 0 bytes, startup_mimxrt1052.o(.text))
<BR>[Address Reference Count : 1]<UL><LI> startup_mimxrt1052.o(RESET)
</UL>
<P><STRONG><a name="[a2]"></a>PWM3_0_IRQHandler</STRONG> (Thumb, 0 bytes, Stack size 0 bytes, startup_mimxrt1052.o(.text))
<BR>[Address Reference Count : 1]<UL><LI> startup_mimxrt1052.o(RESET)
</UL>
<P><STRONG><a name="[a3]"></a>PWM3_1_IRQHandler</STRONG> (Thumb, 0 bytes, Stack size 0 bytes, startup_mimxrt1052.o(.text))
<BR>[Address Reference Count : 1]<UL><LI> startup_mimxrt1052.o(RESET)
</UL>
<P><STRONG><a name="[a4]"></a>PWM3_2_IRQHandler</STRONG> (Thumb, 0 bytes, Stack size 0 bytes, startup_mimxrt1052.o(.text))
<BR>[Address Reference Count : 1]<UL><LI> startup_mimxrt1052.o(RESET)
</UL>
<P><STRONG><a name="[a5]"></a>PWM3_3_IRQHandler</STRONG> (Thumb, 0 bytes, Stack size 0 bytes, startup_mimxrt1052.o(.text))
<BR>[Address Reference Count : 1]<UL><LI> startup_mimxrt1052.o(RESET)
</UL>
<P><STRONG><a name="[a6]"></a>PWM3_FAULT_IRQHandler</STRONG> (Thumb, 0 bytes, Stack size 0 bytes, startup_mimxrt1052.o(.text))
<BR>[Address Reference Count : 1]<UL><LI> startup_mimxrt1052.o(RESET)
</UL>
<P><STRONG><a name="[a7]"></a>PWM4_0_IRQHandler</STRONG> (Thumb, 0 bytes, Stack size 0 bytes, startup_mimxrt1052.o(.text))
<BR>[Address Reference Count : 1]<UL><LI> startup_mimxrt1052.o(RESET)
</UL>
<P><STRONG><a name="[a8]"></a>PWM4_1_IRQHandler</STRONG> (Thumb, 0 bytes, Stack size 0 bytes, startup_mimxrt1052.o(.text))
<BR>[Address Reference Count : 1]<UL><LI> startup_mimxrt1052.o(RESET)
</UL>
<P><STRONG><a name="[a9]"></a>PWM4_2_IRQHandler</STRONG> (Thumb, 0 bytes, Stack size 0 bytes, startup_mimxrt1052.o(.text))
<BR>[Address Reference Count : 1]<UL><LI> startup_mimxrt1052.o(RESET)
</UL>
<P><STRONG><a name="[aa]"></a>PWM4_3_IRQHandler</STRONG> (Thumb, 0 bytes, Stack size 0 bytes, startup_mimxrt1052.o(.text))
<BR>[Address Reference Count : 1]<UL><LI> startup_mimxrt1052.o(RESET)
</UL>
<P><STRONG><a name="[ab]"></a>PWM4_FAULT_IRQHandler</STRONG> (Thumb, 0 bytes, Stack size 0 bytes, startup_mimxrt1052.o(.text))
<BR>[Address Reference Count : 1]<UL><LI> startup_mimxrt1052.o(RESET)
</UL>
<P><STRONG><a name="[40]"></a>PXP_IRQHandler</STRONG> (Thumb, 0 bytes, Stack size 0 bytes, startup_mimxrt1052.o(.text))
<BR>[Address Reference Count : 1]<UL><LI> startup_mimxrt1052.o(RESET)
</UL>
<P><STRONG><a name="[71]"></a>RTWDOG_IRQHandler</STRONG> (Thumb, 0 bytes, Stack size 0 bytes, startup_mimxrt1052.o(.text))
<BR>[Address Reference Count : 1]<UL><LI> startup_mimxrt1052.o(RESET)
</UL>
<P><STRONG><a name="[77]"></a>Reserved115_IRQHandler</STRONG> (Thumb, 0 bytes, Stack size 0 bytes, startup_mimxrt1052.o(.text))
<BR>[Address Reference Count : 1]<UL><LI> startup_mimxrt1052.o(RESET)
</UL>
<P><STRONG><a name="[7f]"></a>Reserved123_IRQHandler</STRONG> (Thumb, 0 bytes, Stack size 0 bytes, startup_mimxrt1052.o(.text))
<BR>[Address Reference Count : 1]<UL><LI> startup_mimxrt1052.o(RESET)
</UL>
<P><STRONG><a name="[93]"></a>Reserved143_IRQHandler</STRONG> (Thumb, 0 bytes, Stack size 0 bytes, startup_mimxrt1052.o(.text))
<BR>[Address Reference Count : 1]<UL><LI> startup_mimxrt1052.o(RESET)
</UL>
<P><STRONG><a name="[94]"></a>Reserved144_IRQHandler</STRONG> (Thumb, 0 bytes, Stack size 0 bytes, startup_mimxrt1052.o(.text))
<BR>[Address Reference Count : 1]<UL><LI> startup_mimxrt1052.o(RESET)
</UL>
<P><STRONG><a name="[ac]"></a>Reserved168_IRQHandler</STRONG> (Thumb, 0 bytes, Stack size 0 bytes, startup_mimxrt1052.o(.text))
<BR>[Address Reference Count : 1]<UL><LI> startup_mimxrt1052.o(RESET)
</UL>
<P><STRONG><a name="[ad]"></a>Reserved169_IRQHandler</STRONG> (Thumb, 0 bytes, Stack size 0 bytes, startup_mimxrt1052.o(.text))
<BR>[Address Reference Count : 1]<UL><LI> startup_mimxrt1052.o(RESET)
</UL>
<P><STRONG><a name="[ae]"></a>Reserved170_IRQHandler</STRONG> (Thumb, 0 bytes, Stack size 0 bytes, startup_mimxrt1052.o(.text))
<BR>[Address Reference Count : 1]<UL><LI> startup_mimxrt1052.o(RESET)
</UL>
<P><STRONG><a name="[af]"></a>Reserved171_IRQHandler</STRONG> (Thumb, 0 bytes, Stack size 0 bytes, startup_mimxrt1052.o(.text))
<BR>[Address Reference Count : 1]<UL><LI> startup_mimxrt1052.o(RESET)
</UL>
<P><STRONG><a name="[b0]"></a>Reserved172_IRQHandler</STRONG> (Thumb, 0 bytes, Stack size 0 bytes, startup_mimxrt1052.o(.text))
<BR>[Address Reference Count : 1]<UL><LI> startup_mimxrt1052.o(RESET)
</UL>
<P><STRONG><a name="[b1]"></a>Reserved173_IRQHandler</STRONG> (Thumb, 0 bytes, Stack size 0 bytes, startup_mimxrt1052.o(.text))
<BR>[Address Reference Count : 1]<UL><LI> startup_mimxrt1052.o(RESET)
</UL>
<P><STRONG><a name="[48]"></a>Reserved68_IRQHandler</STRONG> (Thumb, 0 bytes, Stack size 0 bytes, startup_mimxrt1052.o(.text))
<BR>[Address Reference Count : 1]<UL><LI> startup_mimxrt1052.o(RESET)
</UL>
<P><STRONG><a name="[5a]"></a>Reserved86_IRQHandler</STRONG> (Thumb, 0 bytes, Stack size 0 bytes, startup_mimxrt1052.o(.text))
<BR>[Address Reference Count : 1]<UL><LI> startup_mimxrt1052.o(RESET)
</UL>
<P><STRONG><a name="[5b]"></a>Reserved87_IRQHandler</STRONG> (Thumb, 0 bytes, Stack size 0 bytes, startup_mimxrt1052.o(.text))
<BR>[Address Reference Count : 1]<UL><LI> startup_mimxrt1052.o(RESET)
</UL>
<P><STRONG><a name="[db]"></a>SAI1_DriverIRQHandler</STRONG> (Thumb, 0 bytes, Stack size 0 bytes, startup_mimxrt1052.o(.text))
<BR>[Address Reference Count : 1]<UL><LI> startup_mimxrt1052.o(.text)
</UL>
<P><STRONG><a name="[dc]"></a>SAI2_DriverIRQHandler</STRONG> (Thumb, 0 bytes, Stack size 0 bytes, startup_mimxrt1052.o(.text))
<BR>[Address Reference Count : 1]<UL><LI> startup_mimxrt1052.o(.text)
</UL>
<P><STRONG><a name="[dd]"></a>SAI3_RX_DriverIRQHandler</STRONG> (Thumb, 0 bytes, Stack size 0 bytes, startup_mimxrt1052.o(.text))
[...]
<BR><BR>[Stack]<UL><LI>Max Depth = 452<LI>Call Chain = event_handler_btn_about &rArr; draw_about &rArr; lv_label_set &rArr; lv_label_create &rArr; lv_label_set_text &rArr; lv_label_refr_text &rArr; lv_obj_set_height &rArr; lv_obj_set_size &rArr; lv_obj_realign &rArr; lv_obj_align &rArr; lv_obj_set_pos &rArr; lv_obj_invalidate &rArr; lv_inv_area &rArr; lv_area_intersect
</UL>
<BR>[Calls]<UL><LI><a href="#[233]">&gt;&gt;</a>&nbsp;&nbsp;&nbsp;draw_about
<LI><a href="#[215]">&gt;&gt;</a>&nbsp;&nbsp;&nbsp;lv_clean_home
</UL>
<BR>[Address Reference Count : 1]<UL><LI> lv_draw_home.o(i.draw_home)
</UL>
<P><STRONG><a name="[f4]"></a>event_handler_btn_ctrl</STRONG> (Thumb, 20 bytes, Stack size 16 bytes, lv_draw_home.o(i.event_handler_btn_ctrl))
<BR><BR>[Stack]<UL><LI>Max Depth = 452<LI>Call Chain = event_handler_btn_ctrl &rArr; draw_ctrl &rArr; lv_label_set &rArr; lv_label_create &rArr; lv_label_set_text &rArr; lv_label_refr_text &rArr; lv_obj_set_height &rArr; lv_obj_set_size &rArr; lv_obj_realign &rArr; lv_obj_align &rArr; lv_obj_set_pos &rArr; lv_obj_invalidate &rArr; lv_inv_area &rArr; lv_area_intersect
</UL>
<BR>[Calls]<UL><LI><a href="#[222]">&gt;&gt;</a>&nbsp;&nbsp;&nbsp;draw_ctrl
<LI><a href="#[215]">&gt;&gt;</a>&nbsp;&nbsp;&nbsp;lv_clean_home
</UL>
<BR>[Address Reference Count : 1]<UL><LI> lv_draw_home.o(i.draw_home)
</UL>
<P><STRONG><a name="[f3]"></a>event_handler_btn_setting</STRONG> (Thumb, 20 bytes, Stack size 16 bytes, lv_draw_home.o(i.event_handler_btn_setting))
<BR><BR>[Stack]<UL><LI>Max Depth = 460<LI>Call Chain = event_handler_btn_setting &rArr; draw_setting &rArr; lv_label_set &rArr; lv_label_create &rArr; lv_label_set_text &rArr; lv_label_refr_text &rArr; lv_obj_set_height &rArr; lv_obj_set_size &rArr; lv_obj_realign &rArr; lv_obj_align &rArr; lv_obj_set_pos &rArr; lv_obj_invalidate &rArr; lv_inv_area &rArr; lv_area_intersect
</UL>
<BR>[Calls]<UL><LI><a href="#[23c]">&gt;&gt;</a>&nbsp;&nbsp;&nbsp;draw_setting
<LI><a href="#[215]">&gt;&gt;</a>&nbsp;&nbsp;&nbsp;lv_clean_home
</UL>
<BR>[Address Reference Count : 1]<UL><LI> lv_draw_home.o(i.draw_home)
</UL>
<P><STRONG><a name="[23b]"></a>lv_label_set_style</STRONG> (Thumb, 18 bytes, Stack size 16 bytes, lv_draw_home.o(i.lv_label_set_style))
<BR><BR>[Stack]<UL><LI>Max Depth = 148<LI>Call Chain = lv_label_set_style &rArr; lv_obj_set_style &rArr; refresh_children_style &rArr;  refresh_children_style (Cycle)
</UL>
<BR>[Calls]<UL><LI><a href="#[2a1]">&gt;&gt;</a>&nbsp;&nbsp;&nbsp;lv_obj_set_style
</UL>
<BR>[Called By]<UL><LI><a href="#[216]">&gt;&gt;</a>&nbsp;&nbsp;&nbsp;draw_home
</UL>

<P><STRONG><a name="[f2]"></a>ctrl_back_btn_cb</STRONG> (Thumb, 20 bytes, Stack size 16 bytes, lv_draw_ctrl.o(i.ctrl_back_btn_cb))
<BR><BR>[Stack]<UL><LI>Max Depth = 452<LI>Call Chain = ctrl_back_btn_cb &rArr; draw_home &rArr; lv_label_set &rArr; lv_label_create &rArr; lv_label_set_text &rArr; lv_label_refr_text &rArr; lv_obj_set_height &rArr; lv_obj_set_size &rArr; lv_obj_realign &rArr; lv_obj_align &rArr; lv_obj_set_pos &rArr; lv_obj_invalidate &rArr; lv_inv_area &rArr; lv_area_intersect
</UL>
<BR>[Calls]<UL><LI><a href="#[215]">&gt;&gt;</a>&nbsp;&nbsp;&nbsp;lv_clean_home
<LI><a href="#[216]">&gt;&gt;</a>&nbsp;&nbsp;&nbsp;draw_home
</UL>
<BR>[Address Reference Count : 1]<UL><LI> lv_draw_ctrl.o(i.draw_ctrl)
</UL>
<P><STRONG><a name="[103]"></a>ctrl_bar_cb</STRONG> (Thumb, 2 bytes, Stack size 0 bytes, lv_draw_ctrl.o(i.ctrl_bar_cb))
<BR>[Address Reference Count : 1]<UL><LI> lv_draw_ctrl.o(i.event_popup_draw)
</UL>
<P><STRONG><a name="[102]"></a>ctrl_curtain_back_btn_cb</STRONG> (Thumb, 20 bytes, Stack size 16 bytes, lv_draw_ctrl.o(i.ctrl_curtain_back_btn_cb))
<BR><BR>[Stack]<UL><LI>Max Depth = 452<LI>Call Chain = ctrl_curtain_back_btn_cb &rArr; draw_ctrl &rArr; lv_label_set &rArr; lv_label_create &rArr; lv_label_set_text &rArr; lv_label_refr_text &rArr; lv_obj_set_height &rArr; lv_obj_set_size &rArr; lv_obj_realign &rArr; lv_obj_align &rArr; lv_obj_set_pos &rArr; lv_obj_invalidate &rArr; lv_inv_area &rArr; lv_area_intersect
</UL>
<BR>[Calls]<UL><LI><a href="#[222]">&gt;&gt;</a>&nbsp;&nbsp;&nbsp;draw_ctrl
<LI><a href="#[215]">&gt;&gt;</a>&nbsp;&nbsp;&nbsp;lv_clean_home
</UL>
<BR>[Address Reference Count : 1]<UL><LI> lv_draw_ctrl.o(i.event_popup_draw)
</UL>
<P><STRONG><a name="[f1]"></a>ctrl_curtain_btn_cb</STRONG> (Thumb, 22 bytes, Stack size 16 bytes, lv_draw_ctrl.o(i.ctrl_curtain_btn_cb))
<BR><BR>[Stack]<UL><LI>Max Depth = 476<LI>Call Chain = ctrl_curtain_btn_cb &rArr; event_popup_draw &rArr; lv_label_set &rArr; lv_label_create &rArr; lv_label_set_text &rArr; lv_label_refr_text &rArr; lv_obj_set_height &rArr; lv_obj_set_size &rArr; lv_obj_realign &rArr; lv_obj_align &rArr; lv_obj_set_pos &rArr; lv_obj_invalidate &rArr; lv_inv_area &rArr; lv_area_intersect
</UL>
<BR>[Calls]<UL><LI><a href="#[223]">&gt;&gt;</a>&nbsp;&nbsp;&nbsp;event_popup_draw
<LI><a href="#[215]">&gt;&gt;</a>&nbsp;&nbsp;&nbsp;lv_clean_home
</UL>
<BR>[Address Reference Count : 1]<UL><LI> lv_draw_ctrl.o(i.draw_ctrl)
</UL>
<P><STRONG><a name="[101]"></a>ctrl_curtain_off_btn_cb</STRONG> (Thumb, 2 bytes, Stack size 0 bytes, lv_draw_ctrl.o(i.ctrl_curtain_off_btn_cb))
<BR>[Address Reference Count : 1]<UL><LI> lv_draw_ctrl.o(i.event_popup_draw)
</UL>
<P><STRONG><a name="[100]"></a>ctrl_curtain_on_btn_cb</STRONG> (Thumb, 2 bytes, Stack size 0 bytes, lv_draw_ctrl.o(i.ctrl_curtain_on_btn_cb))
<BR>[Address Reference Count : 1]<UL><LI> lv_draw_ctrl.o(i.event_popup_draw)
</UL>
<P><STRONG><a name="[106]"></a>ctrl_fan_0_btn_cb</STRONG> (Thumb, 2 bytes, Stack size 0 bytes, lv_draw_ctrl.o(i.ctrl_fan_0_btn_cb))
<BR>[Address Reference Count : 1]<UL><LI> lv_draw_ctrl.o(i.event_popup_draw)
</UL>
<P><STRONG><a name="[107]"></a>ctrl_fan_1_btn_cb</STRONG> (Thumb, 2 bytes, Stack size 0 bytes, lv_draw_ctrl.o(i.ctrl_fan_1_btn_cb))
<BR>[Address Reference Count : 1]<UL><LI> lv_draw_ctrl.o(i.event_popup_draw)
</UL>
<P><STRONG><a name="[108]"></a>ctrl_fan_2_btn_cb</STRONG> (Thumb, 2 bytes, Stack size 0 bytes, lv_draw_ctrl.o(i.ctrl_fan_2_btn_cb))
<BR>[Address Reference Count : 1]<UL><LI> lv_draw_ctrl.o(i.event_popup_draw)
</UL>
<P><STRONG><a name="[109]"></a>ctrl_fan_3_btn_cb</STRONG> (Thumb, 2 bytes, Stack size 0 bytes, lv_draw_ctrl.o(i.ctrl_fan_3_btn_cb))
<BR>[Address Reference Count : 1]<UL><LI> lv_draw_ctrl.o(i.event_popup_draw)
</UL>
<P><STRONG><a name="[105]"></a>ctrl_fan_back_btn_cb</STRONG> (Thumb, 20 bytes, Stack size 16 bytes, lv_draw_ctrl.o(i.ctrl_fan_back_btn_cb))
<BR><BR>[Stack]<UL><LI>Max Depth = 452<LI>Call Chain = ctrl_fan_back_btn_cb &rArr; draw_ctrl &rArr; lv_label_set &rArr; lv_label_create &rArr; lv_label_set_text &rArr; lv_label_refr_text &rArr; lv_obj_set_height &rArr; lv_obj_set_size &rArr; lv_obj_realign &rArr; lv_obj_align &rArr; lv_obj_set_pos &rArr; lv_obj_invalidate &rArr; lv_inv_area &rArr; lv_area_intersect
</UL>
<BR>[Calls]<UL><LI><a href="#[222]">&gt;&gt;</a>&nbsp;&nbsp;&nbsp;draw_ctrl
<LI><a href="#[215]">&gt;&gt;</a>&nbsp;&nbsp;&nbsp;lv_clean_home
</UL>
<BR>[Address Reference Count : 1]<UL><LI> lv_draw_ctrl.o(i.event_popup_draw)
</UL>
<P><STRONG><a name="[f0]"></a>ctrl_fan_btn_cb</STRONG> (Thumb, 22 bytes, Stack size 16 bytes, lv_draw_ctrl.o(i.ctrl_fan_btn_cb))
<BR><BR>[Stack]<UL><LI>Max Depth = 476<LI>Call Chain = ctrl_fan_btn_cb &rArr; event_popup_draw &rArr; lv_label_set &rArr; lv_label_create &rArr; lv_label_set_text &rArr; lv_label_refr_text &rArr; lv_obj_set_height &rArr; lv_obj_set_size &rArr; lv_obj_realign &rArr; lv_obj_align &rArr; lv_obj_set_pos &rArr; lv_obj_invalidate &rArr; lv_inv_area &rArr; lv_area_intersect
</UL>
<BR>[Calls]<UL><LI><a href="#[223]">&gt;&gt;</a>&nbsp;&nbsp;&nbsp;event_popup_draw
<LI><a href="#[215]">&gt;&gt;</a>&nbsp;&nbsp;&nbsp;lv_clean_home
</UL>
<BR>[Address Reference Count : 1]<UL><LI> lv_draw_ctrl.o(i.draw_ctrl)
</UL>
<P><STRONG><a name="[104]"></a>ctrl_led_back_btn_cb</STRONG> (Thumb, 20 bytes, Stack size 16 bytes, lv_draw_ctrl.o(i.ctrl_led_back_btn_cb))
<BR><BR>[Stack]<UL><LI>Max Depth = 452<LI>Call Chain = ctrl_led_back_btn_cb &rArr; draw_ctrl &rArr; lv_label_set &rArr; lv_label_create &rArr; lv_label_set_text &rArr; lv_label_refr_text &rArr; lv_obj_set_height &rArr; lv_obj_set_size &rArr; lv_obj_realign &rArr; lv_obj_align &rArr; lv_obj_set_pos &rArr; lv_obj_invalidate &rArr; lv_inv_area &rArr; lv_area_intersect
</UL>
<BR>[Calls]<UL><LI><a href="#[222]">&gt;&gt;</a>&nbsp;&nbsp;&nbsp;draw_ctrl
<LI><a href="#[215]">&gt;&gt;</a>&nbsp;&nbsp;&nbsp;lv_clean_home
</UL>
<BR>[Address Reference Count : 1]<UL><LI> lv_draw_ctrl.o(i.event_popup_draw)
</UL>
<P><STRONG><a name="[ef]"></a>ctrl_led_btn_cb</STRONG> (Thumb, 22 bytes, Stack size 16 bytes, lv_draw_ctrl.o(i.ctrl_led_btn_cb))
<BR><BR>[Stack]<UL><LI>Max Depth = 476<LI>Call Chain = ctrl_led_btn_cb &rArr; event_popup_draw &rArr; lv_label_set &rArr; lv_label_create &rArr; lv_label_set_text &rArr; lv_label_refr_text &rArr; lv_obj_set_height &rArr; lv_obj_set_size &rArr; lv_obj_realign &rArr; lv_obj_align &rArr; lv_obj_set_pos &rArr; lv_obj_invalidate &rArr; lv_inv_area &rArr; lv_area_intersect
</UL>
<BR>[Calls]<UL><LI><a href="#[223]">&gt;&gt;</a>&nbsp;&nbsp;&nbsp;event_popup_draw
<LI><a href="#[215]">&gt;&gt;</a>&nbsp;&nbsp;&nbsp;lv_clean_home
</UL>
<BR>[Address Reference Count : 1]<UL><LI> lv_draw_ctrl.o(i.draw_ctrl)
</UL>
<P><STRONG><a name="[ff]"></a>ctrl_pump_back_btn_cb</STRONG> (Thumb, 20 bytes, Stack size 16 bytes, lv_draw_ctrl.o(i.ctrl_pump_back_btn_cb))
<BR><BR>[Stack]<UL><LI>Max Depth = 452<LI>Call Chain = ctrl_pump_back_btn_cb &rArr; draw_ctrl &rArr; lv_label_set &rArr; lv_label_create &rArr; lv_label_set_text &rArr; lv_label_refr_text &rArr; lv_obj_set_height &rArr; lv_obj_set_size &rArr; lv_obj_realign &rArr; lv_obj_align &rArr; lv_obj_set_pos &rArr; lv_obj_invalidate &rArr; lv_inv_area &rArr; lv_area_intersect
</UL>
<BR>[Calls]<UL><LI><a href="#[222]">&gt;&gt;</a>&nbsp;&nbsp;&nbsp;draw_ctrl
<LI><a href="#[215]">&gt;&gt;</a>&nbsp;&nbsp;&nbsp;lv_clean_home
</UL>
<BR>[Address Reference Count : 1]<UL><LI> lv_draw_ctrl.o(i.event_popup_draw)
</UL>
<P><STRONG><a name="[ee]"></a>ctrl_pump_btn_cb</STRONG> (Thumb, 22 bytes, Stack size 16 bytes, lv_draw_ctrl.o(i.ctrl_pump_btn_cb))
<BR><BR>[Stack]<UL><LI>Max Depth = 476<LI>Call Chain = ctrl_pump_btn_cb &rArr; event_popup_draw &rArr; lv_label_set &rArr; lv_label_create &rArr; lv_label_set_text &rArr; lv_label_refr_text &rArr; lv_obj_set_height &rArr; lv_obj_set_size &rArr; lv_obj_realign &rArr; lv_obj_align &rArr; lv_obj_set_pos &rArr; lv_obj_invalidate &rArr; lv_inv_area &rArr; lv_area_intersect
</UL>
<BR>[Calls]<UL><LI><a href="#[223]">&gt;&gt;</a>&nbsp;&nbsp;&nbsp;event_popup_draw
<LI><a href="#[215]">&gt;&gt;</a>&nbsp;&nbsp;&nbsp;lv_clean_home
</UL>
<BR>[Address Reference Count : 1]<UL><LI> lv_draw_ctrl.o(i.draw_ctrl)
</UL>
<P><STRONG><a name="[fe]"></a>ctrl_pump_off_btn_cb</STRONG> (Thumb, 2 bytes, Stack size 0 bytes, lv_draw_ctrl.o(i.ctrl_pump_off_btn_cb))
<BR>[Address Reference Count : 1]<UL><LI> lv_draw_ctrl.o(i.event_popup_draw)
</UL>
<P><STRONG><a name="[fd]"></a>ctrl_pump_on_btn_cb</STRONG> (Thumb, 2 bytes, Stack size 0 bytes, lv_draw_ctrl.o(i.ctrl_pump_on_btn_cb))
<BR>[Address Reference Count : 1]<UL><LI> lv_draw_ctrl.o(i.event_popup_draw)
</UL>
<P><STRONG><a name="[223]"></a>event_popup_draw</STRONG> (Thumb, 1806 bytes, Stack size 48 bytes, lv_draw_ctrl.o(i.event_popup_draw))
<BR><BR>[Stack]<UL><LI>Max Depth = 460<LI>Call Chain = event_popup_draw &rArr; lv_label_set &rArr; lv_label_create &rArr; lv_label_set_text &rArr; lv_label_refr_text &rArr; lv_obj_set_height &rArr; lv_obj_set_size &rArr; lv_obj_realign &rArr; lv_obj_align &rArr; lv_obj_set_pos &rArr; lv_obj_invalidate &rArr; lv_inv_area &rArr; lv_area_intersect
</UL>
<BR>[Calls]<UL><LI><a href="#[234]">&gt;&gt;</a>&nbsp;&nbsp;&nbsp;lv_style_copy
<LI><a href="#[242]">&gt;&gt;</a>&nbsp;&nbsp;&nbsp;lv_slider_set_style
<LI><a href="#[241]">&gt;&gt;</a>&nbsp;&nbsp;&nbsp;lv_bar_set
<LI><a href="#[238]">&gt;&gt;</a>&nbsp;&nbsp;&nbsp;lv_label_set_style
<LI><a href="#[235]">&gt;&gt;</a>&nbsp;&nbsp;&nbsp;lv_label_set
<LI><a href="#[237]">&gt;&gt;</a>&nbsp;&nbsp;&nbsp;lv_btn_set
<LI><a href="#[215]">&gt;&gt;</a>&nbsp;&nbsp;&nbsp;lv_clean_home
</UL>
<BR>[Called By]<UL><LI><a href="#[ee]">&gt;&gt;</a>&nbsp;&nbsp;&nbsp;ctrl_pump_btn_cb
<LI><a href="#[ef]">&gt;&gt;</a>&nbsp;&nbsp;&nbsp;ctrl_led_btn_cb
<LI><a href="#[f0]">&gt;&gt;</a>&nbsp;&nbsp;&nbsp;ctrl_fan_btn_cb
<LI><a href="#[f1]">&gt;&gt;</a>&nbsp;&nbsp;&nbsp;ctrl_curtain_btn_cb
</UL>

<P><STRONG><a name="[238]"></a>lv_label_set_style</STRONG> (Thumb, 18 bytes, Stack size 16 bytes, lv_draw_ctrl.o(i.lv_label_set_style))
<BR><BR>[Stack]<UL><LI>Max Depth = 148<LI>Call Chain = lv_label_set_style &rArr; lv_obj_set_style &rArr; refresh_children_style &rArr;  refresh_children_style (Cycle)
</UL>
<BR>[Calls]<UL><LI><a href="#[2a1]">&gt;&gt;</a>&nbsp;&nbsp;&nbsp;lv_obj_set_style
</UL>
<BR>[Called By]<UL><LI><a href="#[223]">&gt;&gt;</a>&nbsp;&nbsp;&nbsp;event_popup_draw
<LI><a href="#[222]">&gt;&gt;</a>&nbsp;&nbsp;&nbsp;draw_ctrl
</UL>

<P><STRONG><a name="[23a]"></a>lv_line_set_style</STRONG> (Thumb, 18 bytes, Stack size 16 bytes, lv_draw_ctrl.o(i.lv_line_set_style))
<BR><BR>[Stack]<UL><LI>Max Depth = 148<LI>Call Chain = lv_line_set_style &rArr; lv_obj_set_style &rArr; refresh_children_style &rArr;  refresh_children_style (Cycle)
</UL>
<BR>[Calls]<UL><LI><a href="#[2a1]">&gt;&gt;</a>&nbsp;&nbsp;&nbsp;lv_obj_set_style
</UL>
<BR>[Called By]<UL><LI><a href="#[222]">&gt;&gt;</a>&nbsp;&nbsp;&nbsp;draw_ctrl
</UL>

<P><STRONG><a name="[2dd]"></a>lv_label_set_style</STRONG> (Thumb, 18 bytes, Stack size 16 bytes, lv_draw_main.o(i.lv_label_set_style))
<BR><BR>[Stack]<UL><LI>Max Depth = 148<LI>Call Chain = lv_label_set_style &rArr; lv_obj_set_style &rArr; refresh_children_style &rArr;  refresh_children_style (Cycle)
</UL>
<BR>[Calls]<UL><LI><a href="#[2a1]">&gt;&gt;</a>&nbsp;&nbsp;&nbsp;lv_obj_set_style
</UL>
<BR>[Called By]<UL><LI><a href="#[250]">&gt;&gt;</a>&nbsp;&nbsp;&nbsp;lv_draw_init
</UL>

<P><STRONG><a name="[ed]"></a>about_back_btn_cb</STRONG> (Thumb, 20 bytes, Stack size 16 bytes, lv_draw_about.o(i.about_back_btn_cb))
<BR><BR>[Stack]<UL><LI>Max Depth = 452<LI>Call Chain = about_back_btn_cb &rArr; draw_home &rArr; lv_label_set &rArr; lv_label_create &rArr; lv_label_set_text &rArr; lv_label_refr_text &rArr; lv_obj_set_height &rArr; lv_obj_set_size &rArr; lv_obj_realign &rArr; lv_obj_align &rArr; lv_obj_set_pos &rArr; lv_obj_invalidate &rArr; lv_inv_area &rArr; lv_area_intersect
</UL>
<BR>[Calls]<UL><LI><a href="#[215]">&gt;&gt;</a>&nbsp;&nbsp;&nbsp;lv_clean_home
<LI><a href="#[216]">&gt;&gt;</a>&nbsp;&nbsp;&nbsp;draw_home
</UL>
<BR>[Address Reference Count : 1]<UL><LI> lv_draw_about.o(i.draw_about)
</UL>
<P><STRONG><a name="[236]"></a>lv_label_set_style</STRONG> (Thumb, 18 bytes, Stack size 16 bytes, lv_draw_about.o(i.lv_label_set_style))
<BR><BR>[Stack]<UL><LI>Max Depth = 148<LI>Call Chain = lv_label_set_style &rArr; lv_obj_set_style &rArr; refresh_children_style &rArr;  refresh_children_style (Cycle)
</UL>
<BR>[Calls]<UL><LI><a href="#[2a1]">&gt;&gt;</a>&nbsp;&nbsp;&nbsp;lv_obj_set_style
</UL>
<BR>[Called By]<UL><LI><a href="#[233]">&gt;&gt;</a>&nbsp;&nbsp;&nbsp;draw_about
</UL>

<P><STRONG><a name="[23d]"></a>lv_label_set_style</STRONG> (Thumb, 18 bytes, Stack size 16 bytes, lv_draw_setting.o(i.lv_label_set_style))
<BR><BR>[Stack]<UL><LI>Max Depth = 148<LI>Call Chain = lv_label_set_style &rArr; lv_obj_set_style &rArr; refresh_children_style &rArr;  refresh_children_style (Cycle)
</UL>
<BR>[Calls]<UL><LI><a href="#[2a1]">&gt;&gt;</a>&nbsp;&nbsp;&nbsp;lv_obj_set_style
</UL>
<BR>[Called By]<UL><LI><a href="#[23c]">&gt;&gt;</a>&nbsp;&nbsp;&nbsp;draw_setting
</UL>

<P><STRONG><a name="[23e]"></a>lv_line_set_style</STRONG> (Thumb, 18 bytes, Stack size 16 bytes, lv_draw_setting.o(i.lv_line_set_style))
<BR><BR>[Stack]<UL><LI>Max Depth = 148<LI>Call Chain = lv_line_set_style &rArr; lv_obj_set_style &rArr; refresh_children_style &rArr;  refresh_children_style (Cycle)
</UL>
<BR>[Calls]<UL><LI><a href="#[2a1]">&gt;&gt;</a>&nbsp;&nbsp;&nbsp;lv_obj_set_style
</UL>
<BR>[Called By]<UL><LI><a href="#[23c]">&gt;&gt;</a>&nbsp;&nbsp;&nbsp;draw_setting
</UL>

<P><STRONG><a name="[fc]"></a>setting_back_btn_cb</STRONG> (Thumb, 20 bytes, Stack size 16 bytes, lv_draw_setting.o(i.setting_back_btn_cb))
<BR><BR>[Stack]<UL><LI>Max Depth = 452<LI>Call Chain = setting_back_btn_cb &rArr; draw_home &rArr; lv_label_set &rArr; lv_label_create &rArr; lv_label_set_text &rArr; lv_label_refr_text &rArr; lv_obj_set_height &rArr; lv_obj_set_size &rArr; lv_obj_realign &rArr; lv_obj_align &rArr; lv_obj_set_pos &rArr; lv_obj_invalidate &rArr; lv_inv_area &rArr; lv_area_intersect
</UL>
<BR>[Calls]<UL><LI><a href="#[215]">&gt;&gt;</a>&nbsp;&nbsp;&nbsp;lv_clean_home
<LI><a href="#[216]">&gt;&gt;</a>&nbsp;&nbsp;&nbsp;draw_home
</UL>
<BR>[Address Reference Count : 1]<UL><LI> lv_draw_setting.o(i.draw_setting)
</UL>
<P><STRONG><a name="[f8]"></a>setting_co2_btn_cb</STRONG> (Thumb, 2 bytes, Stack size 0 bytes, lv_draw_setting.o(i.setting_co2_btn_cb))
<BR>[Address Reference Count : 1]<UL><LI> lv_draw_setting.o(i.draw_setting)
</UL>
<P><STRONG><a name="[f7]"></a>setting_humi_btn_cb</STRONG> (Thumb, 2 bytes, Stack size 0 bytes, lv_draw_setting.o(i.setting_humi_btn_cb))
<BR>[Address Reference Count : 1]<UL><LI> lv_draw_setting.o(i.draw_setting)
</UL>
<P><STRONG><a name="[f9]"></a>setting_light_btn_cb</STRONG> (Thumb, 2 bytes, Stack size 0 bytes, lv_draw_setting.o(i.setting_light_btn_cb))
<BR>[Address Reference Count : 1]<UL><LI> lv_draw_setting.o(i.draw_setting)
</UL>
<P><STRONG><a name="[fb]"></a>setting_soil_btn_cb</STRONG> (Thumb, 2 bytes, Stack size 0 bytes, lv_draw_setting.o(i.setting_soil_btn_cb))
<BR>[Address Reference Count : 1]<UL><LI> lv_draw_setting.o(i.draw_setting)
</UL>
<P><STRONG><a name="[f6]"></a>setting_temp_btn_cb</STRONG> (Thumb, 2 bytes, Stack size 0 bytes, lv_draw_setting.o(i.setting_temp_btn_cb))
<BR>[Address Reference Count : 1]<UL><LI> lv_draw_setting.o(i.draw_setting)
</UL>
<P><STRONG><a name="[fa]"></a>setting_water_btn_cb</STRONG> (Thumb, 2 bytes, Stack size 0 bytes, lv_draw_setting.o(i.setting_water_btn_cb))
<BR>[Address Reference Count : 1]<UL><LI> lv_draw_setting.o(i.draw_setting)
</UL>
<P><STRONG><a name="[20a]"></a>_fp_digits</STRONG> (Thumb, 366 bytes, Stack size 64 bytes, printfa.o(i._fp_digits), UNUSED)
<BR><BR>[Calls]<UL><LI><a href="#[147]">&gt;&gt;</a>&nbsp;&nbsp;&nbsp;__aeabi_dmul
<LI><a href="#[148]">&gt;&gt;</a>&nbsp;&nbsp;&nbsp;__aeabi_ddiv
<LI><a href="#[143]">&gt;&gt;</a>&nbsp;&nbsp;&nbsp;__aeabi_dadd
<LI><a href="#[149]">&gt;&gt;</a>&nbsp;&nbsp;&nbsp;__aeabi_d2ulz
<LI><a href="#[20b]">&gt;&gt;</a>&nbsp;&nbsp;&nbsp;__aeabi_cdrcmple
<LI><a href="#[138]">&gt;&gt;</a>&nbsp;&nbsp;&nbsp;__aeabi_uldivmod
</UL>
<BR>[Called By]<UL><LI><a href="#[1fe]">&gt;&gt;</a>&nbsp;&nbsp;&nbsp;_printf_core
</UL>

<P><STRONG><a name="[1fe]"></a>_printf_core</STRONG> (Thumb, 1744 bytes, Stack size 136 bytes, printfa.o(i._printf_core), UNUSED)
<BR><BR>[Calls]<UL><LI><a href="#[20e]">&gt;&gt;</a>&nbsp;&nbsp;&nbsp;__aeabi_uidivmod
<LI><a href="#[20c]">&gt;&gt;</a>&nbsp;&nbsp;&nbsp;_printf_pre_padding
<LI><a href="#[20d]">&gt;&gt;</a>&nbsp;&nbsp;&nbsp;_printf_post_padding
<LI><a href="#[20a]">&gt;&gt;</a>&nbsp;&nbsp;&nbsp;_fp_digits
<LI><a href="#[138]">&gt;&gt;</a>&nbsp;&nbsp;&nbsp;__aeabi_uldivmod
</UL>
<BR>[Called By]<UL><LI><a href="#[1fd]">&gt;&gt;</a>&nbsp;&nbsp;&nbsp;__0printf
</UL>

<P><STRONG><a name="[20d]"></a>_printf_post_padding</STRONG> (Thumb, 36 bytes, Stack size 24 bytes, printfa.o(i._printf_post_padding), UNUSED)
<BR><BR>[Called By]<UL><LI><a href="#[1fe]">&gt;&gt;</a>&nbsp;&nbsp;&nbsp;_printf_core
</UL>

<P><STRONG><a name="[20c]"></a>_printf_pre_padding</STRONG> (Thumb, 46 bytes, Stack size 24 bytes, printfa.o(i._printf_pre_padding), UNUSED)
<BR><BR>[Called By]<UL><LI><a href="#[1fe]">&gt;&gt;</a>&nbsp;&nbsp;&nbsp;_printf_core
</UL>
<P>
<H3>
Undefined Global Symbols
</H3><HR></body></html>
