<html>
<body>
<pre>
<h1>µVision Build Log</h1>
<h2>Tool Versions:</h2>
IDE-Version: ¦ÌVision V5.25.2.0
Copyright (C) 2018 ARM Ltd and ARM Germany GmbH. All rights reserved.
License Information: 111 111, 111, LIC=KIVFW-Q3ZI5-NS6YQ-N6XV2-Y4SUU-TKS4Z
 
Tool Versions:
Toolchain:       MDK-ARM Professional  Version: 5.25.2.0
Toolchain Path:  D:\Keil_v5\ARM\ARMCC\Bin
C Compiler:      Armcc.exe V5.06 update 6 (build 750)
Assembler:       Armasm.exe V5.06 update 6 (build 750)
Linker/Locator:  ArmLink.exe V5.06 update 6 (build 750)
Library Manager: ArmAr.exe V5.06 update 6 (build 750)
Hex Converter:   FromElf.exe V5.06 update 6 (build 750)
CPU DLL:         SARMCM3.DLL V5.25.2.0
Dialog DLL:      DCM.DLL V1.17.1.0
Target DLL:      Segger\JL2CM3.dll V2.99.29.0
Dialog DLL:      TCM.DLL V1.35.1.0
 
<h2>Project:</h2>
E:\Github_project\Smart-Farm\Project\MDK\RT1052.uvprojx
Project File Date:  05/02/2021

<h2>Output:</h2>
*** Using Compiler 'V5.06 update 6 (build 750)', folder: 'D:\Keil_v5\ARM\ARMCC\Bin'
Build target 'Target 1'
compiling lv_draw_ctrl.c...
..\..\GUI_APP\lv_draw_ctrl.c(32): warning:  #223-D: function "lv_clean_home" declared implicitly
         lv_clean_home();
..\..\GUI_APP\lv_draw_ctrl.c(33): warning:  #223-D: function "draw_home" declared implicitly
         draw_home();
..\..\GUI_APP\lv_draw_ctrl.c(41): warning:  #223-D: function "lv_clean_home" declared implicitly
         lv_clean_home();
..\..\GUI_APP\lv_draw_ctrl.c(50): warning:  #223-D: function "lv_clean_home" declared implicitly
         lv_clean_home();
..\..\GUI_APP\lv_draw_ctrl.c(59): warning:  #223-D: function "lv_clean_home" declared implicitly
         lv_clean_home();
..\..\GUI_APP\lv_draw_ctrl.c(68): warning:  #223-D: function "lv_clean_home" declared implicitly
         lv_clean_home();
..\..\GUI_APP\lv_draw_ctrl.c(77): warning:  #223-D: function "lv_clean_home" declared implicitly
          lv_clean_home();
..\..\GUI_APP\lv_draw_ctrl.c(86): warning:  #223-D: function "lv_clean_home" declared implicitly
          lv_clean_home();
..\..\GUI_APP\lv_draw_ctrl.c(95): warning:  #223-D: function "lv_clean_home" declared implicitly
          lv_clean_home();
..\..\GUI_APP\lv_draw_ctrl.c(104): warning:  #223-D: function "lv_clean_home" declared implicitly
          lv_clean_home();
..\..\GUI_APP\lv_draw_ctrl.c(313): warning:  #223-D: function "lv_clean_home" declared implicitly
              lv_clean_home();
..\..\GUI_APP\lv_draw_ctrl.c: 11 warnings, 0 errors
linking...
Program Size: Code=104516 RO-data=60720 RW-data=8124 ZI-data=1858728  
".\Objects\RT1052_emwin.axf" - 0 Error(s), 11 Warning(s).

<h2>Software Packages used:</h2>

Package Vendor: NXP
                http://mcuxpresso.nxp.com/cmsis_pack/repo/NXP.MIMXRT1052_DFP.10.0.1.pack
                NXP.MIMXRT1052_DFP.10.0.1
                Device Family Pack for MIMXRT1052

<h2>Collection of Component include folders:</h2>
  .\RTE\_Target_1
  D:\Keil_v5\ARM\PACK\NXP\MIMXRT1052_DFP\10.0.1

<h2>Collection of Component Files used:</h2>
Build Time Elapsed:  00:00:02
</pre>
</body>
</html>
